Archive member included to satisfy reference by file (symbol)

/usr/local/gcc-arm-none-eabi-6-2017-q1-update/bin/../lib/gcc/arm-none-eabi/6.3.1/../../../../arm-none-eabi/lib/thumb/v7e-m/fpv4-sp/hard/libc_nano.a(lib_a-exit.o)
                              /usr/local/gcc-arm-none-eabi-6-2017-q1-update/bin/../lib/gcc/arm-none-eabi/6.3.1/../../../../arm-none-eabi/lib/thumb/v7e-m/fpv4-sp/hard/crt0.o (exit)
/usr/local/gcc-arm-none-eabi-6-2017-q1-update/bin/../lib/gcc/arm-none-eabi/6.3.1/../../../../arm-none-eabi/lib/thumb/v7e-m/fpv4-sp/hard/libc_nano.a(lib_a-impure.o)
                              /usr/local/gcc-arm-none-eabi-6-2017-q1-update/bin/../lib/gcc/arm-none-eabi/6.3.1/../../../../arm-none-eabi/lib/thumb/v7e-m/fpv4-sp/hard/libc_nano.a(lib_a-exit.o) (_global_impure_ptr)
/usr/local/gcc-arm-none-eabi-6-2017-q1-update/bin/../lib/gcc/arm-none-eabi/6.3.1/../../../../arm-none-eabi/lib/thumb/v7e-m/fpv4-sp/hard/libc_nano.a(lib_a-init.o)
                              /usr/local/gcc-arm-none-eabi-6-2017-q1-update/bin/../lib/gcc/arm-none-eabi/6.3.1/../../../../arm-none-eabi/lib/thumb/v7e-m/fpv4-sp/hard/crt0.o (__libc_init_array)
/usr/local/gcc-arm-none-eabi-6-2017-q1-update/bin/../lib/gcc/arm-none-eabi/6.3.1/../../../../arm-none-eabi/lib/thumb/v7e-m/fpv4-sp/hard/libc_nano.a(lib_a-locale.o)
                              _build/nrf52832_xxaa/nrf_log_str_formatter.c.o (__locale_ctype_ptr)
/usr/local/gcc-arm-none-eabi-6-2017-q1-update/bin/../lib/gcc/arm-none-eabi/6.3.1/../../../../arm-none-eabi/lib/thumb/v7e-m/fpv4-sp/hard/libc_nano.a(lib_a-mbtowc_r.o)
                              /usr/local/gcc-arm-none-eabi-6-2017-q1-update/bin/../lib/gcc/arm-none-eabi/6.3.1/../../../../arm-none-eabi/lib/thumb/v7e-m/fpv4-sp/hard/libc_nano.a(lib_a-locale.o) (__ascii_mbtowc)
/usr/local/gcc-arm-none-eabi-6-2017-q1-update/bin/../lib/gcc/arm-none-eabi/6.3.1/../../../../arm-none-eabi/lib/thumb/v7e-m/fpv4-sp/hard/libc_nano.a(lib_a-memcpy-stub.o)
                              _build/nrf52832_xxaa/nrf_log_frontend.c.o (memcpy)
/usr/local/gcc-arm-none-eabi-6-2017-q1-update/bin/../lib/gcc/arm-none-eabi/6.3.1/../../../../arm-none-eabi/lib/thumb/v7e-m/fpv4-sp/hard/libc_nano.a(lib_a-memset.o)
                              /usr/local/gcc-arm-none-eabi-6-2017-q1-update/bin/../lib/gcc/arm-none-eabi/6.3.1/../../../../arm-none-eabi/lib/thumb/v7e-m/fpv4-sp/hard/crt0.o (memset)
/usr/local/gcc-arm-none-eabi-6-2017-q1-update/bin/../lib/gcc/arm-none-eabi/6.3.1/../../../../arm-none-eabi/lib/thumb/v7e-m/fpv4-sp/hard/libc_nano.a(lib_a-strcmp.o)
                              /usr/local/gcc-arm-none-eabi-6-2017-q1-update/bin/../lib/gcc/arm-none-eabi/6.3.1/../../../../arm-none-eabi/lib/thumb/v7e-m/fpv4-sp/hard/libc_nano.a(lib_a-locale.o) (strcmp)
/usr/local/gcc-arm-none-eabi-6-2017-q1-update/bin/../lib/gcc/arm-none-eabi/6.3.1/../../../../arm-none-eabi/lib/thumb/v7e-m/fpv4-sp/hard/libc_nano.a(lib_a-strcpy.o)
                              _build/nrf52832_xxaa/SEGGER_RTT.c.o (strcpy)
/usr/local/gcc-arm-none-eabi-6-2017-q1-update/bin/../lib/gcc/arm-none-eabi/6.3.1/../../../../arm-none-eabi/lib/thumb/v7e-m/fpv4-sp/hard/libc_nano.a(lib_a-strlen.o)
                              _build/nrf52832_xxaa/nrf_log_frontend.c.o (strlen)
/usr/local/gcc-arm-none-eabi-6-2017-q1-update/bin/../lib/gcc/arm-none-eabi/6.3.1/../../../../arm-none-eabi/lib/thumb/v7e-m/fpv4-sp/hard/libc_nano.a(lib_a-wctomb_r.o)
                              /usr/local/gcc-arm-none-eabi-6-2017-q1-update/bin/../lib/gcc/arm-none-eabi/6.3.1/../../../../arm-none-eabi/lib/thumb/v7e-m/fpv4-sp/hard/libc_nano.a(lib_a-locale.o) (__ascii_wctomb)
/usr/local/gcc-arm-none-eabi-6-2017-q1-update/bin/../lib/gcc/arm-none-eabi/6.3.1/../../../../arm-none-eabi/lib/thumb/v7e-m/fpv4-sp/hard/libc_nano.a(lib_a-ctype_.o)
                              /usr/local/gcc-arm-none-eabi-6-2017-q1-update/bin/../lib/gcc/arm-none-eabi/6.3.1/../../../../arm-none-eabi/lib/thumb/v7e-m/fpv4-sp/hard/libc_nano.a(lib_a-locale.o) (_ctype_)
/usr/local/gcc-arm-none-eabi-6-2017-q1-update/bin/../lib/gcc/arm-none-eabi/6.3.1/../../../../arm-none-eabi/lib/thumb/v7e-m/fpv4-sp/hard/libnosys.a(_exit.o)
                              /usr/local/gcc-arm-none-eabi-6-2017-q1-update/bin/../lib/gcc/arm-none-eabi/6.3.1/../../../../arm-none-eabi/lib/thumb/v7e-m/fpv4-sp/hard/libc_nano.a(lib_a-exit.o) (_exit)
/usr/local/gcc-arm-none-eabi-6-2017-q1-update/bin/../lib/gcc/arm-none-eabi/6.3.1/../../../../arm-none-eabi/lib/thumb/v7e-m/fpv4-sp/hard/libm.a(lib_a-w_asin.o)
                              _build/nrf52832_xxaa/orientation_calculator.c.o (asin)
/usr/local/gcc-arm-none-eabi-6-2017-q1-update/bin/../lib/gcc/arm-none-eabi/6.3.1/../../../../arm-none-eabi/lib/thumb/v7e-m/fpv4-sp/hard/libm.a(lib_a-w_atan2.o)
                              _build/nrf52832_xxaa/orientation_calculator.c.o (atan2)
/usr/local/gcc-arm-none-eabi-6-2017-q1-update/bin/../lib/gcc/arm-none-eabi/6.3.1/../../../../arm-none-eabi/lib/thumb/v7e-m/fpv4-sp/hard/libm.a(lib_a-w_pow.o)
[...]
Memory Configuration

Name             Origin             Length             Attributes
FLASH            0x0000000000000000 0x0000000000080000 xr
RAM              0x0000000020000000 0x0000000000010000 xrw
*default*        0x0000000000000000 0xffffffffffffffff

Linker script and memory map


.text           0x0000000000000000     0xbb4c
 *(.isr_vector)
 .isr_vector    0x0000000000000000      0x200 _build/nrf52832_xxaa/gcc_startup_nrf52.S.o
                0x0000000000000000                __isr_vector
 *(.text*)
 .text          0x0000000000000200       0x6c /usr/local/gcc-arm-none-eabi-6-2017-q1-update/bin/../lib/gcc/arm-none-eabi/6.3.1/thumb/v7e-m/fpv4-sp/hard/crtbegin.o
 .text          0x000000000000026c       0x74 /usr/local/gcc-arm-none-eabi-6-2017-q1-update/bin/../lib/gcc/arm-none-eabi/6.3.1/../../../../arm-none-eabi/lib/thumb/v7e-m/fpv4-sp/hard/crt0.o
                0x000000000000026c                _mainCRTStartup
                0x000000000000026c                _start
 .text          0x00000000000002e0       0x3c _build/nrf52832_xxaa/gcc_startup_nrf52.S.o
                0x00000000000002e0                Reset_Handler
                0x0000000000000308                NMI_Handler
                0x000000000000030a                HardFault_Handler
                0x000000000000030c                MemoryManagement_Handler
                0x000000000000030e                BusFault_Handler
                0x0000000000000310                UsageFault_Handler
                0x0000000000000312                SVC_Handler
                0x0000000000000314                DebugMon_Handler
                0x0000000000000316                PendSV_Handler
                0x0000000000000318                SysTick_Handler
                0x000000000000031a                FPU_IRQHandler
                0x000000000000031a                TIMER4_IRQHandler
                0x000000000000031a                I2S_IRQHandler
                0x000000000000031a                SWI4_EGU4_IRQHandler
                0x000000000000031a                TIMER0_IRQHandler
                0x000000000000031a                TIMER1_IRQHandler
                0x000000000000031a                PWM2_IRQHandler
                0x000000000000031a                ECB_IRQHandler
                0x000000000000031a                SPIM1_SPIS1_TWIM1_TWIS1_SPI1_TWI1_IRQHandler
                0x000000000000031a                Default_Handler
                0x000000000000031a                SAADC_IRQHandler
                0x000000000000031a                CCM_AAR_IRQHandler
                0x000000000000031a                WDT_IRQHandler
                0x000000000000031a                SWI5_EGU5_IRQHandler
                0x000000000000031a                RNG_IRQHandler
                0x000000000000031a                PWM0_IRQHandler
                0x000000000000031a                SWI3_EGU3_IRQHandler
                0x000000000000031a                RTC1_IRQHandler
                0x000000000000031a                SWI1_EGU1_IRQHandler
                0x000000000000031a                SPIM2_SPIS2_SPI2_IRQHandler
                0x000000000000031a                NFCT_IRQHandler
                0x000000000000031a                MWU_IRQHandler
                0x000000000000031a                TIMER2_IRQHandler
                0x000000000000031a                COMP_LPCOMP_IRQHandler
                0x000000000000031a                RTC0_IRQHandler
                0x000000000000031a                SWI0_EGU0_IRQHandler
                0x000000000000031a                SWI2_EGU2_IRQHandler
                0x000000000000031a                PWM1_IRQHandler
                0x000000000000031a                RADIO_IRQHandler
                0x000000000000031a                PDM_IRQHandler
                0x000000000000031a                TEMP_IRQHandler
                0x000000000000031a                QDEC_IRQHandler
                0x000000000000031a                TIMER3_IRQHandler
 .text.nrfx_coredep_delay_us
                0x000000000000031c       0x30 _build/nrf52832_xxaa/nrf_log_backend_rtt.c.o
 .text.nrf_delay_ms
                0x000000000000034c       0x2c _build/nrf52832_xxaa/nrf_log_backend_rtt.c.o
 .text.nrf_log_backend_rtt_init
                0x0000000000000378        0xc _build/nrf52832_xxaa/nrf_log_backend_rtt.c.o
                0x0000000000000378                nrf_log_backend_rtt_init
 .text.serial_tx
                0x0000000000000384       0x88 _build/nrf52832_xxaa/nrf_log_backend_rtt.c.o
 .text.nrf_log_backend_rtt_put
                0x000000000000040c       0x2c _build/nrf52832_xxaa/nrf_log_backend_rtt.c.o
 .text.nrf_log_backend_rtt_flush
                0x0000000000000438       0x14 _build/nrf52832_xxaa/nrf_log_backend_rtt.c.o
 .text.nrf_log_backend_rtt_panic_set
                0x000000000000044c       0x14 _build/nrf52832_xxaa/nrf_log_backend_rtt.c.o
 .text.nrf_log_backend_serial_put
                0x0000000000000460      0x132 _build/nrf52832_xxaa/nrf_log_backend_serial.c.o
                0x0000000000000460                nrf_log_backend_serial_put
 .text.nrf_log_backend_enable
                0x0000000000000592       0x1c _build/nrf52832_xxaa/nrf_log_default_backends.c.o
 *fill*         0x00000000000005ae        0x2 
 .text.nrf_log_default_backends_init
                0x00000000000005b0       0x2c _build/nrf52832_xxaa/nrf_log_default_backends.c.o
                0x00000000000005b0                nrf_log_default_backends_init
 .text.nrf_log_backend_put
                0x00000000000005dc       0x1e _build/nrf52832_xxaa/nrf_log_frontend.c.o
 .text.nrf_log_backend_panic_set
                0x00000000000005fa       0x1a _build/nrf52832_xxaa/nrf_log_frontend.c.o
 .text.nrf_log_backend_flush
                0x0000000000000614       0x1a _build/nrf52832_xxaa/nrf_log_frontend.c.o
 .text.nrf_log_backend_id_set
                0x000000000000062e       0x20 _build/nrf52832_xxaa/nrf_log_frontend.c.o
 .text.nrf_log_backend_id_get
                0x000000000000064e       0x1a _build/nrf52832_xxaa/nrf_log_frontend.c.o
 .text.nrf_log_backend_enable
                0x0000000000000668       0x1c _build/nrf52832_xxaa/nrf_log_frontend.c.o
 .text.nrf_log_backend_is_enabled
                0x0000000000000684       0x1a _build/nrf52832_xxaa/nrf_log_frontend.c.o
 *fill*         0x000000000000069e        0x2 
 .text.nrf_log_init
                0x00000000000006a0       0x74 _build/nrf52832_xxaa/nrf_log_frontend.c.o
                0x00000000000006a0                nrf_log_init
 .text.nrf_log_module_cnt_get
                0x0000000000000714       0x20 _build/nrf52832_xxaa/nrf_log_frontend.c.o
                0x0000000000000714                nrf_log_module_cnt_get
 .text.module_idx_get
                0x0000000000000734       0x60 _build/nrf52832_xxaa/nrf_log_frontend.c.o
 .text.nrf_log_module_name_get
                0x0000000000000794       0x3c _build/nrf52832_xxaa/nrf_log_frontend.c.o
                0x0000000000000794                nrf_log_module_name_get
 .text.nrf_log_color_id_get
                0x00000000000007d0       0x68 _build/nrf52832_xxaa/nrf_log_frontend.c.o
                0x00000000000007d0                nrf_log_color_id_get
 .text.invalid_packets_omit
                0x0000000000000838       0x72 _build/nrf52832_xxaa/nrf_log_frontend.c.o
 *fill*         0x00000000000008aa        0x2 
 .text.log_skip
                0x00000000000008ac       0xf8 _build/nrf52832_xxaa/nrf_log_frontend.c.o
 .text.dropped_sat16_get
                0x00000000000009a4       0x2c _build/nrf52832_xxaa/nrf_log_frontend.c.o
 .text.std_header_set
                0x00000000000009d0       0xa0 _build/nrf52832_xxaa/nrf_log_frontend.c.o
 .text.buf_prealloc
                0x0000000000000a70      0x108 _build/nrf52832_xxaa/nrf_log_frontend.c.o
 .text.std_n    0x0000000000000b78       0x94 _build/nrf52832_xxaa/nrf_log_frontend.c.o
 .text.nrf_log_frontend_std_0
                0x0000000000000c0c       0x1e _build/nrf52832_xxaa/nrf_log_frontend.c.o
                0x0000000000000c0c                nrf_log_frontend_std_0
 .text.nrf_log_frontend_std_1
                0x0000000000000c2a       0x26 _build/nrf52832_xxaa/nrf_log_frontend.c.o
                0x0000000000000c2a                nrf_log_frontend_std_1
 .text.nrf_log_frontend_std_2
                0x0000000000000c50       0x2c _build/nrf52832_xxaa/nrf_log_frontend.c.o
                0x0000000000000c50                nrf_log_frontend_std_2
 .text.nrf_log_frontend_std_3
                0x0000000000000c7c       0x30 _build/nrf52832_xxaa/nrf_log_frontend.c.o
                0x0000000000000c7c                nrf_log_frontend_std_3
 .text.buffer_is_empty
                0x0000000000000cac       0x24 _build/nrf52832_xxaa/nrf_log_frontend.c.o
                0x0000000000000cac                buffer_is_empty
 .text.nrf_log_frontend_dequeue
                0x0000000000000cd0      0x384 _build/nrf52832_xxaa/nrf_log_frontend.c.o
                0x0000000000000cd0                nrf_log_frontend_dequeue
 .text.backend_id_assign
                0x0000000000001054       0x64 _build/nrf52832_xxaa/nrf_log_frontend.c.o
 .text.nrf_log_backend_add
                0x00000000000010b8       0x70 _build/nrf52832_xxaa/nrf_log_frontend.c.o
                0x00000000000010b8                nrf_log_backend_add
 .text.nrf_log_panic
                0x0000000000001128       0x40 _build/nrf52832_xxaa/nrf_log_frontend.c.o
                0x0000000000001128                nrf_log_panic
 .text.timestamp_print
                0x0000000000001168       0x16 _build/nrf52832_xxaa/nrf_log_str_formatter.c.o
 *fill*         0x000000000000117e        0x2 
 .text.prefix_process
                0x0000000000001180       0xb4 _build/nrf52832_xxaa/nrf_log_str_formatter.c.o
 .text.postfix_process
                0x0000000000001234       0x60 _build/nrf52832_xxaa/nrf_log_str_formatter.c.o
 .text.nrf_log_std_entry_process
                0x0000000000001294      0x144 _build/nrf52832_xxaa/nrf_log_str_formatter.c.o
                0x0000000000001294                nrf_log_std_entry_process
 .text.nrf_log_hexdump_entry_process
                0x00000000000013d8       0xe8 _build/nrf52832_xxaa/nrf_log_str_formatter.c.o
                0x00000000000013d8                nrf_log_hexdump_entry_process
 .text.app_error_handler_bare
                0x00000000000014c0       0x2c _build/nrf52832_xxaa/app_error.c.o
                0x00000000000014c0                app_error_handler_bare
 .text.NVIC_SystemReset
                0x00000000000014ec       0x28 _build/nrf52832_xxaa/app_error_weak.c.o
 .text.app_error_fault_handler
                0x0000000000001514       0x78 _build/nrf52832_xxaa/app_error_weak.c.o
                0x0000000000001514                app_error_fault_handler
 .text.app_util_disable_irq
                0x000000000000158c       0x20 _build/nrf52832_xxaa/app_util_platform.c.o
                0x000000000000158c                app_util_disable_irq
 .text.app_util_enable_irq
                0x00000000000015ac       0x28 _build/nrf52832_xxaa/app_util_platform.c.o
                0x00000000000015ac                app_util_enable_irq
 .text.app_util_critical_region_enter
                0x00000000000015d4       0x14 _build/nrf52832_xxaa/app_util_platform.c.o
                0x00000000000015d4                app_util_critical_region_enter
 .text.app_util_critical_region_exit
                0x00000000000015e8       0x16 _build/nrf52832_xxaa/app_util_platform.c.o
                0x00000000000015e8                app_util_critical_region_exit
 .text.nrf_atomic_u32_fetch_store
                0x00000000000015fe       0x30 _build/nrf52832_xxaa/nrf_atomic.c.o
                0x00000000000015fe                nrf_atomic_u32_fetch_store
 .text.nrf_atomic_u32_or
                0x000000000000162e       0x32 _build/nrf52832_xxaa/nrf_atomic.c.o
                0x000000000000162e                nrf_atomic_u32_or
 .text.nrf_atomic_u32_fetch_and
                0x0000000000001660       0x32 _build/nrf52832_xxaa/nrf_atomic.c.o
                0x0000000000001660                nrf_atomic_u32_fetch_and
 .text.nrf_atomic_u32_add
                0x0000000000001692       0x32 _build/nrf52832_xxaa/nrf_atomic.c.o
                0x0000000000001692                nrf_atomic_u32_add
 .text.nrf_atomic_u32_sub
                0x00000000000016c4       0x32 _build/nrf52832_xxaa/nrf_atomic.c.o
                0x00000000000016c4                nrf_atomic_u32_sub
 .text.nrf_atomic_flag_set
                0x00000000000016f6       0x1a _build/nrf52832_xxaa/nrf_atomic.c.o
                0x00000000000016f6                nrf_atomic_flag_set
 .text.nrf_atomic_flag_clear_fetch
                0x0000000000001710       0x1a _build/nrf52832_xxaa/nrf_atomic.c.o
                0x0000000000001710                nrf_atomic_flag_clear_fetch
 .text.nrf_balloc_idx2block
                0x000000000000172a       0x28 _build/nrf52832_xxaa/nrf_balloc.c.o
 .text.nrf_balloc_block2idx
                0x0000000000001752       0x28 _build/nrf52832_xxaa/nrf_balloc.c.o
 .text.nrf_balloc_init
                0x000000000000177a       0x5a _build/nrf52832_xxaa/nrf_balloc.c.o
                0x000000000000177a                nrf_balloc_init
 .text.nrf_balloc_alloc
                0x00000000000017d4       0x6c _build/nrf52832_xxaa/nrf_balloc.c.o
                0x00000000000017d4                nrf_balloc_alloc
 .text.nrf_balloc_free
                0x0000000000001840       0x38 _build/nrf52832_xxaa/nrf_balloc.c.o
                0x0000000000001840                nrf_balloc_free
 .text.nrf_fprintf_buffer_flush
                0x0000000000001878       0x32 _build/nrf52832_xxaa/nrf_fprintf.c.o
                0x0000000000001878                nrf_fprintf_buffer_flush
 .text.nrf_fprintf
                0x00000000000018aa       0x38 _build/nrf52832_xxaa/nrf_fprintf.c.o
                0x00000000000018aa                nrf_fprintf
 .text.buffer_add
                0x00000000000018e2       0x3a _build/nrf52832_xxaa/nrf_fprintf_format.c.o
 .text.string_print
                0x000000000000191c       0xb8 _build/nrf52832_xxaa/nrf_fprintf_format.c.o
 .text.unsigned_print
                0x00000000000019d4      0x12c _build/nrf52832_xxaa/nrf_fprintf_format.c.o
 .text.int_print
                0x0000000000001b00      0x11e _build/nrf52832_xxaa/nrf_fprintf_format.c.o
 *fill*         0x0000000000001c1e        0x2 
 .text.nrf_fprintf_fmt
                0x0000000000001c20      0x3ec _build/nrf52832_xxaa/nrf_fprintf_format.c.o
                0x0000000000001c20                nrf_fprintf_fmt
 .text.nrf_memobj_pool_init
                0x000000000000200c       0x18 _build/nrf52832_xxaa/nrf_memobj.c.o
                0x000000000000200c                nrf_memobj_pool_init
 .text.nrf_memobj_alloc
                0x0000000000002024       0xac _build/nrf52832_xxaa/nrf_memobj.c.o
                0x0000000000002024                nrf_memobj_alloc
 .text.nrf_memobj_free
                0x00000000000020d0       0x6e _build/nrf52832_xxaa/nrf_memobj.c.o
                0x00000000000020d0                nrf_memobj_free
 .text.nrf_memobj_get
                0x000000000000213e       0x20 _build/nrf52832_xxaa/nrf_memobj.c.o
                0x000000000000213e                nrf_memobj_get
 .text.nrf_memobj_put
                0x000000000000215e       0x38 _build/nrf52832_xxaa/nrf_memobj.c.o
                0x000000000000215e                nrf_memobj_put
 .text.memobj_op
                0x0000000000002196      0x102 _build/nrf52832_xxaa/nrf_memobj.c.o
 .text.nrf_memobj_write
                0x0000000000002298       0x2c _build/nrf52832_xxaa/nrf_memobj.c.o
                0x0000000000002298                nrf_memobj_write
 .text.nrf_memobj_read
                0x00000000000022c4       0x2c _build/nrf52832_xxaa/nrf_memobj.c.o
                0x00000000000022c4                nrf_memobj_read
 .text.nrf_ringbuf_init
                0x00000000000022f0       0x44 _build/nrf52832_xxaa/nrf_ringbuf.c.o
                0x00000000000022f0                nrf_ringbuf_init
 .text.UARTE0_UART0_IRQHandler
                0x0000000000002334       0x14 _build/nrf52832_xxaa/nrfx_prs.c.o
                0x0000000000002334                UARTE0_UART0_IRQHandler
 .text.prs_box_get
                0x0000000000002348       0x2c _build/nrf52832_xxaa/nrfx_prs.c.o
 .text.nrfx_prs_acquire
                0x0000000000002374       0x5e _build/nrf52832_xxaa/nrfx_prs.c.o
                0x0000000000002374                nrfx_prs_acquire
 *fill*         0x00000000000023d2        0x2 
 .text.NVIC_EnableIRQ
                0x00000000000023d4       0x34 _build/nrf52832_xxaa/nrfx_twim.c.o
 .text.NVIC_ClearPendingIRQ
                0x0000000000002408       0x34 _build/nrf52832_xxaa/nrfx_twim.c.o
 .text.NVIC_SetPriority
                0x000000000000243c       0x54 _build/nrf52832_xxaa/nrfx_twim.c.o
 .text.nrfx_is_in_ram
                0x0000000000002490       0x26 _build/nrf52832_xxaa/nrfx_twim.c.o
 .text.nrfx_get_irq_number
                0x00000000000024b6       0x1a _build/nrf52832_xxaa/nrfx_twim.c.o
 .text._NRFX_IRQ_PRIORITY_SET
                0x00000000000024d0       0x26 _build/nrf52832_xxaa/nrfx_twim.c.o
 .text._NRFX_IRQ_ENABLE
                0x00000000000024f6       0x26 _build/nrf52832_xxaa/nrfx_twim.c.o
 .text.nrf_twim_task_trigger
                0x000000000000251c       0x22 _build/nrf52832_xxaa/nrfx_twim.c.o
 .text.nrf_twim_event_clear
                0x000000000000253e       0x2e _build/nrf52832_xxaa/nrfx_twim.c.o
 .text.nrf_twim_event_check
                0x000000000000256c       0x2a _build/nrf52832_xxaa/nrfx_twim.c.o
 .text.nrf_twim_int_enable
                0x0000000000002596       0x1e _build/nrf52832_xxaa/nrfx_twim.c.o
 .text.nrf_twim_int_disable
                0x00000000000025b4       0x1e _build/nrf52832_xxaa/nrfx_twim.c.o
 .text.nrf_twim_enable
                0x00000000000025d2       0x1c _build/nrf52832_xxaa/nrfx_twim.c.o
 .text.nrf_twim_pins_set
                0x00000000000025ee       0x28 _build/nrf52832_xxaa/nrfx_twim.c.o
 .text.nrf_twim_frequency_set
                0x0000000000002616       0x1e _build/nrf52832_xxaa/nrfx_twim.c.o
 .text.nrf_twim_errorsrc_get_and_clear
                0x0000000000002634       0x26 _build/nrf52832_xxaa/nrfx_twim.c.o
 .text.nrf_twim_address_set
                0x000000000000265a       0x20 _build/nrf52832_xxaa/nrfx_twim.c.o
 .text.nrf_twim_tx_buffer_set
                0x000000000000267a       0x28 _build/nrf52832_xxaa/nrfx_twim.c.o
 .text.nrf_twim_rx_buffer_set
                0x00000000000026a2       0x28 _build/nrf52832_xxaa/nrfx_twim.c.o
 .text.nrf_twim_shorts_set
                0x00000000000026ca       0x1e _build/nrf52832_xxaa/nrfx_twim.c.o
 .text.nrf_twim_txd_amount_get
                0x00000000000026e8       0x1a _build/nrf52832_xxaa/nrfx_twim.c.o
 .text.nrf_twim_rxd_amount_get
                0x0000000000002702       0x1a _build/nrf52832_xxaa/nrfx_twim.c.o
 .text.nrf_twim_tx_list_enable
                0x000000000000271c       0x1c _build/nrf52832_xxaa/nrfx_twim.c.o
 .text.nrf_twim_tx_list_disable
                0x0000000000002738       0x1c _build/nrf52832_xxaa/nrfx_twim.c.o
 .text.nrf_twim_rx_list_enable
                0x0000000000002754       0x1c _build/nrf52832_xxaa/nrfx_twim.c.o
 .text.nrf_twim_rx_list_disable
                0x0000000000002770       0x1c _build/nrf52832_xxaa/nrfx_twim.c.o
 .text.nrf_gpio_pin_port_decode
                0x000000000000278c       0x18 _build/nrf52832_xxaa/nrfx_twim.c.o
 .text.nrf_gpio_cfg
                0x00000000000027a4       0x52 _build/nrf52832_xxaa/nrfx_twim.c.o
 .text.twi_process_error
                0x00000000000027f6       0x3a _build/nrf52832_xxaa/nrfx_twim.c.o
 .text.nrfx_twim_init
                0x0000000000002830      0x124 _build/nrf52832_xxaa/nrfx_twim.c.o
                0x0000000000002830                nrfx_twim_init
 .text.nrfx_twim_enable
                0x0000000000002954       0x38 _build/nrf52832_xxaa/nrfx_twim.c.o
                0x0000000000002954                nrfx_twim_enable
 .text.nrfx_twim_is_busy
                0x000000000000298c       0x34 _build/nrf52832_xxaa/nrfx_twim.c.o
                0x000000000000298c                nrfx_twim_is_busy
 .text.twim_list_enable_handle
                0x00000000000029c0       0x42 _build/nrf52832_xxaa/nrfx_twim.c.o
 *fill*         0x0000000000002a02        0x2 
 .text.twim_xfer
                0x0000000000002a04      0x334 _build/nrf52832_xxaa/nrfx_twim.c.o
 .text.nrfx_twim_xfer
                0x0000000000002d38       0x40 _build/nrf52832_xxaa/nrfx_twim.c.o
                0x0000000000002d38                nrfx_twim_xfer
 .text.twim_irq_handler
                0x0000000000002d78      0x200 _build/nrf52832_xxaa/nrfx_twim.c.o
 .text.SPIM0_SPIS0_TWIM0_TWIS0_SPI0_TWI0_IRQHandler
                0x0000000000002f78       0x18 _build/nrf52832_xxaa/nrfx_twim.c.o
                0x0000000000002f78                SPIM0_SPIS0_TWIM0_TWIS0_SPI0_TWI0_IRQHandler
 .text.NVIC_EnableIRQ
                0x0000000000002f90       0x34 _build/nrf52832_xxaa/nrfx_uarte.c.o
 .text.NVIC_ClearPendingIRQ
                0x0000000000002fc4       0x34 _build/nrf52832_xxaa/nrfx_uarte.c.o
 .text.NVIC_SetPriority
                0x0000000000002ff8       0x54 _build/nrf52832_xxaa/nrfx_uarte.c.o
 .text.nrfx_is_in_ram
                0x000000000000304c       0x26 _build/nrf52832_xxaa/nrfx_uarte.c.o
 .text.nrfx_get_irq_number
                0x0000000000003072       0x1a _build/nrf52832_xxaa/nrfx_uarte.c.o
 .text._NRFX_IRQ_PRIORITY_SET
                0x000000000000308c       0x26 _build/nrf52832_xxaa/nrfx_uarte.c.o
 .text._NRFX_IRQ_ENABLE
                0x00000000000030b2       0x26 _build/nrf52832_xxaa/nrfx_uarte.c.o
 .text.nrf_uarte_event_clear
                0x00000000000030d8       0x2e _build/nrf52832_xxaa/nrfx_uarte.c.o
 .text.nrf_uarte_event_check
                0x0000000000003106       0x2a _build/nrf52832_xxaa/nrfx_uarte.c.o
 .text.nrf_uarte_shorts_disable
                0x0000000000003130       0x28 _build/nrf52832_xxaa/nrfx_uarte.c.o
 .text.nrf_uarte_int_enable
                0x0000000000003158       0x1e _build/nrf52832_xxaa/nrfx_uarte.c.o
 .text.nrf_uarte_errorsrc_get_and_clear
                0x0000000000003176       0x26 _build/nrf52832_xxaa/nrfx_uarte.c.o
 .text.nrf_uarte_enable
                0x000000000000319c       0x1c _build/nrf52832_xxaa/nrfx_uarte.c.o
 .text.nrf_uarte_txrx_pins_set
                0x00000000000031b8       0x28 _build/nrf52832_xxaa/nrfx_uarte.c.o
 .text.nrf_uarte_hwfc_pins_set
                0x00000000000031e0       0x28 _build/nrf52832_xxaa/nrfx_uarte.c.o
 .text.nrf_uarte_task_trigger
                0x0000000000003208       0x22 _build/nrf52832_xxaa/nrfx_uarte.c.o
 .text.nrf_uarte_configure
                0x000000000000322a       0x2c _build/nrf52832_xxaa/nrfx_uarte.c.o
 .text.nrf_uarte_baudrate_set
                0x0000000000003256       0x1e _build/nrf52832_xxaa/nrfx_uarte.c.o
 .text.nrf_uarte_tx_buffer_set
                0x0000000000003274       0x28 _build/nrf52832_xxaa/nrfx_uarte.c.o
 .text.nrf_uarte_tx_amount_get
                0x000000000000329c       0x1a _build/nrf52832_xxaa/nrfx_uarte.c.o
 .text.nrf_uarte_rx_amount_get
                0x00000000000032b6       0x1a _build/nrf52832_xxaa/nrfx_uarte.c.o
 .text.nrf_gpio_pin_port_decode
                0x00000000000032d0       0x18 _build/nrf52832_xxaa/nrfx_uarte.c.o
 .text.nrf_gpio_cfg
                0x00000000000032e8       0x52 _build/nrf52832_xxaa/nrfx_uarte.c.o
 .text.nrf_gpio_cfg_output
                0x000000000000333a       0x24 _build/nrf52832_xxaa/nrfx_uarte.c.o
 .text.nrf_gpio_cfg_input
                0x000000000000335e       0x2a _build/nrf52832_xxaa/nrfx_uarte.c.o
 .text.nrf_gpio_pin_set
                0x0000000000003388       0x2a _build/nrf52832_xxaa/nrfx_uarte.c.o
 .text.nrf_gpio_port_out_set
                0x00000000000033b2       0x1e _build/nrf52832_xxaa/nrfx_uarte.c.o
 .text.apply_config
                0x00000000000033d0       0xc8 _build/nrf52832_xxaa/nrfx_uarte.c.o
 .text.interrupts_enable
                0x0000000000003498       0x88 _build/nrf52832_xxaa/nrfx_uarte.c.o
 .text.nrfx_uarte_init
                0x0000000000003520       0xbc _build/nrf52832_xxaa/nrfx_uarte.c.o
                0x0000000000003520                nrfx_uarte_init
 .text.nrfx_uarte_tx
                0x00000000000035dc       0xfc _build/nrf52832_xxaa/nrfx_uarte.c.o
                0x00000000000035dc                nrfx_uarte_tx
 .text.nrfx_uarte_tx_in_progress
                0x00000000000036d8       0x38 _build/nrf52832_xxaa/nrfx_uarte.c.o
                0x00000000000036d8                nrfx_uarte_tx_in_progress
 .text.rx_done_event
                0x0000000000003710       0x32 _build/nrf52832_xxaa/nrfx_uarte.c.o
 .text.tx_done_event
                0x0000000000003742       0x38 _build/nrf52832_xxaa/nrfx_uarte.c.o
 .text.uarte_irq_handler
                0x000000000000377a      0x150 _build/nrf52832_xxaa/nrfx_uarte.c.o
 *fill*         0x00000000000038ca        0x2 
 .text.nrfx_uarte_0_irq_handler
                0x00000000000038cc       0x18 _build/nrf52832_xxaa/nrfx_uarte.c.o
                0x00000000000038cc                nrfx_uarte_0_irq_handler
 .text.print_values
                0x00000000000038e4      0x3e8 _build/nrf52832_xxaa/main.c.o
 *fill*         0x0000000000003ccc        0x4 
 .text.main     0x0000000000003cd0      0x360 _build/nrf52832_xxaa/main.c.o
                0x0000000000003cd0                main
 .text._DoInit  0x0000000000004030       0x9c _build/nrf52832_xxaa/SEGGER_RTT.c.o
 .text._WriteBlocking
                0x00000000000040cc       0xb4 _build/nrf52832_xxaa/SEGGER_RTT.c.o
 .text._WriteNoCheck
                0x0000000000004180       0x80 _build/nrf52832_xxaa/SEGGER_RTT.c.o
 .text._GetAvailWriteSpace
                0x0000000000004200       0x46 _build/nrf52832_xxaa/SEGGER_RTT.c.o
 *fill*         0x0000000000004246        0x2 
 .text.SEGGER_RTT_WriteNoLock
                0x0000000000004248       0x9c _build/nrf52832_xxaa/SEGGER_RTT.c.o
                0x0000000000004248                SEGGER_RTT_WriteNoLock
 .text.SEGGER_RTT_Init
                0x00000000000042e4        0xc _build/nrf52832_xxaa/SEGGER_RTT.c.o
                0x00000000000042e4                SEGGER_RTT_Init
 .text.NVIC_SystemReset
                0x00000000000042f0       0x28 _build/nrf52832_xxaa/system_nrf52.c.o
 .text.SystemCoreClockUpdate
                0x0000000000004318       0x1c _build/nrf52832_xxaa/system_nrf52.c.o
                0x0000000000004318                SystemCoreClockUpdate
 .text.SystemInit
                0x0000000000004334      0x2d8 _build/nrf52832_xxaa/system_nrf52.c.o
                0x0000000000004334                SystemInit
 .text.errata_12
                0x000000000000460c       0x64 _build/nrf52832_xxaa/system_nrf52.c.o
 .text.errata_16
                0x0000000000004670       0x44 _build/nrf52832_xxaa/system_nrf52.c.o
 .text.errata_31
                0x00000000000046b4       0x64 _build/nrf52832_xxaa/system_nrf52.c.o
 .text.errata_32
                0x0000000000004718       0x44 _build/nrf52832_xxaa/system_nrf52.c.o
 .text.errata_36
                0x000000000000475c       0x64 _build/nrf52832_xxaa/system_nrf52.c.o
 .text.errata_37
                0x00000000000047c0       0x44 _build/nrf52832_xxaa/system_nrf52.c.o
 .text.errata_57
                0x0000000000004804       0x44 _build/nrf52832_xxaa/system_nrf52.c.o
 .text.errata_66
                0x0000000000004848       0x44 _build/nrf52832_xxaa/system_nrf52.c.o
 .text.errata_108
                0x000000000000488c       0x64 _build/nrf52832_xxaa/system_nrf52.c.o
 .text.errata_136
                0x00000000000048f0       0x64 _build/nrf52832_xxaa/system_nrf52.c.o
 .text.errata_182
                0x0000000000004954       0x2c _build/nrf52832_xxaa/system_nrf52.c.o
 .text.nrfx_coredep_delay_us
                0x0000000000004980       0x30 _build/nrf52832_xxaa/mpu9250.c.o
 .text.nrf_delay_ms
                0x00000000000049b0       0x2c _build/nrf52832_xxaa/mpu9250.c.o
 .text.calculate_resolutions
                0x00000000000049dc       0xe4 _build/nrf52832_xxaa/mpu9250.c.o
 .text.set_mag_bias
                0x0000000000004ac0       0x30 _build/nrf52832_xxaa/mpu9250.c.o
 .text.set_mag_scale_factor
                0x0000000000004af0       0x30 _build/nrf52832_xxaa/mpu9250.c.o
 .text.mpu_who_am_i
                0x0000000000004b20       0x24 _build/nrf52832_xxaa/mpu9250.c.o
                0x0000000000004b20                mpu_who_am_i
 .text.mpu_who_am_i_ak8963
                0x0000000000004b44       0x24 _build/nrf52832_xxaa/mpu9250.c.o
                0x0000000000004b44                mpu_who_am_i_ak8963
 .text.mpu_self_test
                0x0000000000004b68      0xbb0 _build/nrf52832_xxaa/mpu9250.c.o
                0x0000000000004b68                mpu_self_test
 .text.mpu_calibrate
                0x0000000000005718      0xb0c _build/nrf52832_xxaa/mpu9250.c.o
                0x0000000000005718                mpu_calibrate
 .text.mpu_init
                0x0000000000006224      0x1c8 _build/nrf52832_xxaa/mpu9250.c.o
                0x0000000000006224                mpu_init
 .text.mpu_init_ak8963
                0x00000000000063ec      0x260 _build/nrf52832_xxaa/mpu9250.c.o
                0x00000000000063ec                mpu_init_ak8963
 .text.mpu_new_data_poll
                0x000000000000664c       0x30 _build/nrf52832_xxaa/mpu9250.c.o
                0x000000000000664c                mpu_new_data_poll
 .text.mpu_read_accel_data
                0x000000000000667c       0xd8 _build/nrf52832_xxaa/mpu9250.c.o
                0x000000000000667c                mpu_read_accel_data
 .text.mpu_read_gyro_data
                0x0000000000006754       0xd8 _build/nrf52832_xxaa/mpu9250.c.o
                0x0000000000006754                mpu_read_gyro_data
 .text.mpu_read_mag_data
                0x000000000000682c      0x158 _build/nrf52832_xxaa/mpu9250.c.o
                0x000000000000682c                mpu_read_mag_data
 .text.wait_for_xfer
                0x0000000000006984       0x20 _build/nrf52832_xxaa/twim_mpu.c.o
 .text.twim_handler
                0x00000000000069a4       0x2c _build/nrf52832_xxaa/twim_mpu.c.o
 .text.twim_mpu_init
                0x00000000000069d0       0x48 _build/nrf52832_xxaa/twim_mpu.c.o
                0x00000000000069d0                twim_mpu_init
 .text.twim_mpu_write_register_byte
                0x0000000000006a18       0x88 _build/nrf52832_xxaa/twim_mpu.c.o
                0x0000000000006a18                twim_mpu_write_register_byte
 .text.twim_mpu_read_register
                0x0000000000006aa0       0x80 _build/nrf52832_xxaa/twim_mpu.c.o
                0x0000000000006aa0                twim_mpu_read_register
 .text.nrf_rtc_counter_get
                0x0000000000006b20       0x1a _build/nrf52832_xxaa/counter.c.o
 .text.nrf_rtc_task_trigger
                0x0000000000006b3a       0x24 _build/nrf52832_xxaa/counter.c.o
 .text.nrfx_rtc_counter_get
                0x0000000000006b5e       0x1c _build/nrf52832_xxaa/counter.c.o
 .text.nrfx_rtc_counter_clear
                0x0000000000006b7a       0x1c _build/nrf52832_xxaa/counter.c.o
 .text.rtc_handler
                0x0000000000006b96       0x24 _build/nrf52832_xxaa/counter.c.o
 .text.lfclk_handler
                0x0000000000006bba       0x16 _build/nrf52832_xxaa/counter.c.o
 .text.lfclk_start
                0x0000000000006bd0       0x34 _build/nrf52832_xxaa/counter.c.o
 .text.counter_init
                0x0000000000006c04       0x6c _build/nrf52832_xxaa/counter.c.o
                0x0000000000006c04                counter_init
 .text.counter_start
                0x0000000000006c70       0x18 _build/nrf52832_xxaa/counter.c.o
                0x0000000000006c70                counter_start
 .text.counter_get
                0x0000000000006c88       0x14 _build/nrf52832_xxaa/counter.c.o
                0x0000000000006c88                counter_get
 *fill*         0x0000000000006c9c        0x4 
 .text.mahony_quaternion_update
                0x0000000000006ca0      0x870 _build/nrf52832_xxaa/quaternion_filters.c.o
                0x0000000000006ca0                mahony_quaternion_update
 .text.get_q    0x0000000000007510       0x14 _build/nrf52832_xxaa/quaternion_filters.c.o
                0x0000000000007510                get_q
 .text.init_time_keeper
                0x0000000000007524       0x2c _build/nrf52832_xxaa/app_time_keeper.c.o
                0x0000000000007524                init_time_keeper
 .text.update_time
                0x0000000000007550       0x9c _build/nrf52832_xxaa/app_time_keeper.c.o
                0x0000000000007550                update_time
 .text.gpio_handler
                0x00000000000075ec       0x24 _build/nrf52832_xxaa/gpio_data_int.c.o
 .text.gpio_int_init
                0x0000000000007610       0x64 _build/nrf52832_xxaa/gpio_data_int.c.o
                0x0000000000007610                gpio_int_init
 .text.gpio_new_data_ready
                0x0000000000007674       0x28 _build/nrf52832_xxaa/gpio_data_int.c.o
                0x0000000000007674                gpio_new_data_ready
 *fill*         0x000000000000769c        0x4 
 .text.calculate_orientation
                0x00000000000076a0      0x224 _build/nrf52832_xxaa/orientation_calculator.c.o
                0x00000000000076a0                calculate_orientation
 .text.uarte_mpu_init
                0x00000000000078c4       0x48 _build/nrf52832_xxaa/uarte_mpu.c.o
                0x00000000000078c4                uarte_mpu_init
 .text.uarte_mpu_tx
                0x000000000000790c       0x44 _build/nrf52832_xxaa/uarte_mpu.c.o
                0x000000000000790c                uarte_mpu_tx
 .text.NVIC_EnableIRQ
                0x0000000000007950       0x34 _build/nrf52832_xxaa/nrfx_rtc.c.o
 .text.NVIC_ClearPendingIRQ
                0x0000000000007984       0x34 _build/nrf52832_xxaa/nrfx_rtc.c.o
 .text.NVIC_SetPriority
                0x00000000000079b8       0x54 _build/nrf52832_xxaa/nrfx_rtc.c.o
 .text._NRFX_IRQ_PRIORITY_SET
                0x0000000000007a0c       0x26 _build/nrf52832_xxaa/nrfx_rtc.c.o
 .text._NRFX_IRQ_ENABLE
                0x0000000000007a32       0x26 _build/nrf52832_xxaa/nrfx_rtc.c.o
 .text.nrf_rtc_int_disable
                0x0000000000007a58       0x1e _build/nrf52832_xxaa/nrfx_rtc.c.o
 .text.nrf_rtc_int_is_enabled
                0x0000000000007a76       0x20 _build/nrf52832_xxaa/nrfx_rtc.c.o
 .text.nrf_rtc_event_pending
                0x0000000000007a96       0x20 _build/nrf52832_xxaa/nrfx_rtc.c.o
 .text.nrf_rtc_event_clear
                0x0000000000007ab6       0x2e _build/nrf52832_xxaa/nrfx_rtc.c.o
 .text.nrf_rtc_prescaler_set
                0x0000000000007ae4       0x1e _build/nrf52832_xxaa/nrfx_rtc.c.o
 .text.nrf_rtc_task_trigger
                0x0000000000007b02       0x24 _build/nrf52832_xxaa/nrfx_rtc.c.o
 .text.nrf_rtc_event_disable
                0x0000000000007b26       0x1e _build/nrf52832_xxaa/nrfx_rtc.c.o
 .text.nrfx_rtc_init
                0x0000000000007b44       0xc4 _build/nrf52832_xxaa/nrfx_rtc.c.o
                0x0000000000007b44                nrfx_rtc_init
 .text.nrfx_rtc_enable
                0x0000000000007c08       0x34 _build/nrf52832_xxaa/nrfx_rtc.c.o
                0x0000000000007c08                nrfx_rtc_enable
 .text.nrfx_rtc_tick_disable
                0x0000000000007c3c       0x2c _build/nrf52832_xxaa/nrfx_rtc.c.o
                0x0000000000007c3c                nrfx_rtc_tick_disable
 .text.irq_handler
                0x0000000000007c68      0x100 _build/nrf52832_xxaa/nrfx_rtc.c.o
 .text.RTC2_IRQHandler
                0x0000000000007d68       0x18 _build/nrf52832_xxaa/nrfx_rtc.c.o
                0x0000000000007d68                RTC2_IRQHandler
 .text.NVIC_DisableIRQ
                0x0000000000007d80       0x34 _build/nrf52832_xxaa/nrfx_clock.c.o
 .text._NRFX_IRQ_DISABLE
                0x0000000000007db4       0x1c _build/nrf52832_xxaa/nrfx_clock.c.o
 .text.nrf_clock_int_enable
                0x0000000000007dd0       0x1e _build/nrf52832_xxaa/nrfx_clock.c.o
 .text.nrf_clock_int_disable
                0x0000000000007dee       0x1e _build/nrf52832_xxaa/nrfx_clock.c.o
 .text.nrf_clock_task_trigger
                0x0000000000007e0c       0x20 _build/nrf52832_xxaa/nrfx_clock.c.o
 .text.nrf_clock_event_clear
                0x0000000000007e2c       0x2c _build/nrf52832_xxaa/nrfx_clock.c.o
 .text.nrf_clock_event_check
                0x0000000000007e58       0x28 _build/nrf52832_xxaa/nrfx_clock.c.o
 .text.nrfx_clock_anomaly_132
                0x0000000000007e80       0x5c _build/nrf52832_xxaa/nrfx_clock.c.o
 .text.nrfx_clock_init
                0x0000000000007edc       0x40 _build/nrf52832_xxaa/nrfx_clock.c.o
                0x0000000000007edc                nrfx_clock_init
 .text.nrfx_clock_disable
                0x0000000000007f1c       0x14 _build/nrf52832_xxaa/nrfx_clock.c.o
                0x0000000000007f1c                nrfx_clock_disable
 .text.nrfx_clock_lfclk_start
                0x0000000000007f30       0x20 _build/nrf52832_xxaa/nrfx_clock.c.o
                0x0000000000007f30                nrfx_clock_lfclk_start
 .text.POWER_CLOCK_IRQHandler
                0x0000000000007f50       0x68 _build/nrf52832_xxaa/nrfx_clock.c.o
                0x0000000000007f50                POWER_CLOCK_IRQHandler
 .text.NVIC_EnableIRQ
                0x0000000000007fb8       0x34 _build/nrf52832_xxaa/nrfx_gpiote.c.o
 .text.NVIC_ClearPendingIRQ
                0x0000000000007fec       0x34 _build/nrf52832_xxaa/nrfx_gpiote.c.o
 .text.NVIC_SetPriority
                0x0000000000008020       0x54 _build/nrf52832_xxaa/nrfx_gpiote.c.o
 .text._NRFX_IRQ_PRIORITY_SET
                0x0000000000008074       0x26 _build/nrf52832_xxaa/nrfx_gpiote.c.o
 .text._NRFX_IRQ_ENABLE
                0x000000000000809a       0x26 _build/nrf52832_xxaa/nrfx_gpiote.c.o
 .text.nrf_gpiote_event_is_set
                0x00000000000080c0       0x28 _build/nrf52832_xxaa/nrfx_gpiote.c.o
 .text.nrf_gpiote_event_clear
                0x00000000000080e8       0x32 _build/nrf52832_xxaa/nrfx_gpiote.c.o
 .text.nrf_gpiote_event_addr_get
                0x000000000000811a       0x20 _build/nrf52832_xxaa/nrfx_gpiote.c.o
 *fill*         0x000000000000813a        0x2 
 .text.nrf_gpiote_int_enable
                0x000000000000813c       0x20 _build/nrf52832_xxaa/nrfx_gpiote.c.o
 .text.nrf_gpiote_int_is_enabled
                0x000000000000815c       0x24 _build/nrf52832_xxaa/nrfx_gpiote.c.o
 .text.nrf_gpiote_event_enable
                0x0000000000008180       0x34 _build/nrf52832_xxaa/nrfx_gpiote.c.o
 .text.nrf_gpiote_event_configure
                0x00000000000081b4       0x6c _build/nrf52832_xxaa/nrfx_gpiote.c.o
 .text.nrf_gpiote_event_pin_get
                0x0000000000008220       0x2c _build/nrf52832_xxaa/nrfx_gpiote.c.o
 .text.nrf_gpiote_event_polarity_get
                0x000000000000824c       0x2c _build/nrf52832_xxaa/nrfx_gpiote.c.o
 .text.nrf_gpio_pin_port_decode
                0x0000000000008278       0x18 _build/nrf52832_xxaa/nrfx_gpiote.c.o
 .text.nrf_gpio_cfg
                0x0000000000008290       0x52 _build/nrf52832_xxaa/nrfx_gpiote.c.o
 .text.nrf_gpio_cfg_input
                0x00000000000082e2       0x2a _build/nrf52832_xxaa/nrfx_gpiote.c.o
 .text.nrf_gpio_cfg_watcher
                0x000000000000830c       0x3a _build/nrf52832_xxaa/nrfx_gpiote.c.o
 .text.nrf_gpio_cfg_sense_set
                0x0000000000008346       0x58 _build/nrf52832_xxaa/nrfx_gpiote.c.o
 .text.nrf_gpio_pin_read
                0x000000000000839e       0x2c _build/nrf52832_xxaa/nrfx_gpiote.c.o
 .text.nrf_gpio_pin_sense_get
                0x00000000000083ca       0x2e _build/nrf52832_xxaa/nrfx_gpiote.c.o
 .text.nrf_gpio_port_in_read
                0x00000000000083f8       0x1a _build/nrf52832_xxaa/nrfx_gpiote.c.o
 .text.nrf_gpio_ports_read
                0x0000000000008412       0x52 _build/nrf52832_xxaa/nrfx_gpiote.c.o
 .text.nrf_bitmask_bit_is_set
                0x0000000000008464       0x3a _build/nrf52832_xxaa/nrfx_gpiote.c.o
 .text.nrf_bitmask_bit_set
                0x000000000000849e       0x4a _build/nrf52832_xxaa/nrfx_gpiote.c.o
 .text.pin_in_use_by_te
                0x00000000000084e8       0x44 _build/nrf52832_xxaa/nrfx_gpiote.c.o
 .text.pin_in_use_by_port
                0x000000000000852c       0x30 _build/nrf52832_xxaa/nrfx_gpiote.c.o
 .text.pin_in_use_by_gpiote
                0x000000000000855c       0x2c _build/nrf52832_xxaa/nrfx_gpiote.c.o
 .text.pin_in_use_by_te_set
                0x0000000000008588       0x58 _build/nrf52832_xxaa/nrfx_gpiote.c.o
 .text.pin_in_use_clear
                0x00000000000085e0       0x24 _build/nrf52832_xxaa/nrfx_gpiote.c.o
 .text.pin_configured_set
                0x0000000000008604       0x1c _build/nrf52832_xxaa/nrfx_gpiote.c.o
 .text.channel_port_get
                0x0000000000008620       0x24 _build/nrf52832_xxaa/nrfx_gpiote.c.o
 .text.channel_handler_get
                0x0000000000008644       0x20 _build/nrf52832_xxaa/nrfx_gpiote.c.o
 .text.channel_port_alloc
                0x0000000000008664       0x74 _build/nrf52832_xxaa/nrfx_gpiote.c.o
 .text.channel_free
                0x00000000000086d8       0x3c _build/nrf52832_xxaa/nrfx_gpiote.c.o
 .text.nrfx_gpiote_init
                0x0000000000008714       0x94 _build/nrf52832_xxaa/nrfx_gpiote.c.o
                0x0000000000008714                nrfx_gpiote_init
 .text.nrfx_gpiote_in_init
                0x00000000000087a8       0xe0 _build/nrf52832_xxaa/nrfx_gpiote.c.o
                0x00000000000087a8                nrfx_gpiote_in_init
 .text.nrfx_gpiote_in_event_enable
                0x0000000000008888       0xd0 _build/nrf52832_xxaa/nrfx_gpiote.c.o
                0x0000000000008888                nrfx_gpiote_in_event_enable
 .text.GPIOTE_IRQHandler
                0x0000000000008958      0x2e8 _build/nrf52832_xxaa/nrfx_gpiote.c.o
                0x0000000000008958                GPIOTE_IRQHandler
 .text.exit     0x0000000000008c40       0x28 /usr/local/gcc-arm-none-eabi-6-2017-q1-update/bin/../lib/gcc/arm-none-eabi/6.3.1/../../../../arm-none-eabi/lib/thumb/v7e-m/fpv4-sp/hard/libc_nano.a(lib_a-exit.o)
                0x0000000000008c40                exit
 .text.__libc_init_array
                0x0000000000008c68       0x48 /usr/local/gcc-arm-none-eabi-6-2017-q1-update/bin/../lib/gcc/arm-none-eabi/6.3.1/../../../../arm-none-eabi/lib/thumb/v7e-m/fpv4-sp/hard/libc_nano.a(lib_a-init.o)
                0x0000000000008c68                __libc_init_array
 .text.__locale_ctype_ptr
                0x0000000000008cb0       0x1c /usr/local/gcc-arm-none-eabi-6-2017-q1-update/bin/../lib/gcc/arm-none-eabi/6.3.1/../../../../arm-none-eabi/lib/thumb/v7e-m/fpv4-sp/hard/libc_nano.a(lib_a-locale.o)
                0x0000000000008cb0                __locale_ctype_ptr
 .text.__ascii_mbtowc
                0x0000000000008ccc       0x24 /usr/local/gcc-arm-none-eabi-6-2017-q1-update/bin/../lib/gcc/arm-none-eabi/6.3.1/../../../../arm-none-eabi/lib/thumb/v7e-m/fpv4-sp/hard/libc_nano.a(lib_a-mbtowc_r.o)
                0x0000000000008ccc                __ascii_mbtowc
 .text.memcpy   0x0000000000008cf0       0x16 /usr/local/gcc-arm-none-eabi-6-2017-q1-update/bin/../lib/gcc/arm-none-eabi/6.3.1/../../../../arm-none-eabi/lib/thumb/v7e-m/fpv4-sp/hard/libc_nano.a(lib_a-memcpy-stub.o)
                0x0000000000008cf0                memcpy
 .text.memset   0x0000000000008d06       0x10 /usr/local/gcc-arm-none-eabi-6-2017-q1-update/bin/../lib/gcc/arm-none-eabi/6.3.1/../../../../arm-none-eabi/lib/thumb/v7e-m/fpv4-sp/hard/libc_nano.a(lib_a-memset.o)
                0x0000000000008d06                memset
 .text.strcpy   0x0000000000008d16       0x10 /usr/local/gcc-arm-none-eabi-6-2017-q1-update/bin/../lib/gcc/arm-none-eabi/6.3.1/../../../../arm-none-eabi/lib/thumb/v7e-m/fpv4-sp/hard/libc_nano.a(lib_a-strcpy.o)
                0x0000000000008d16                strcpy
 .text          0x0000000000008d26       0x10 /usr/local/gcc-arm-none-eabi-6-2017-q1-update/bin/../lib/gcc/arm-none-eabi/6.3.1/../../../../arm-none-eabi/lib/thumb/v7e-m/fpv4-sp/hard/libc_nano.a(lib_a-strlen.o)
                0x0000000000008d26                strlen
 .text.__ascii_wctomb
                0x0000000000008d36       0x1a /usr/local/gcc-arm-none-eabi-6-2017-q1-update/bin/../lib/gcc/arm-none-eabi/6.3.1/../../../../arm-none-eabi/lib/thumb/v7e-m/fpv4-sp/hard/libc_nano.a(lib_a-wctomb_r.o)
                0x0000000000008d36                __ascii_wctomb
 .text._exit    0x0000000000008d50        0x4 /usr/local/gcc-arm-none-eabi-6-2017-q1-update/bin/../lib/gcc/arm-none-eabi/6.3.1/../../../../arm-none-eabi/lib/thumb/v7e-m/fpv4-sp/hard/libnosys.a(_exit.o)
                0x0000000000008d50                _exit
 .text.asin     0x0000000000008d54       0xbc /usr/local/gcc-arm-none-eabi-6-2017-q1-update/bin/../lib/gcc/arm-none-eabi/6.3.1/../../../../arm-none-eabi/lib/thumb/v7e-m/fpv4-sp/hard/libm.a(lib_a-w_asin.o)
                0x0000000000008d54                asin
 .text.atan2    0x0000000000008e10        0x4 /usr/local/gcc-arm-none-eabi-6-2017-q1-update/bin/../lib/gcc/arm-none-eabi/6.3.1/../../../../arm-none-eabi/lib/thumb/v7e-m/fpv4-sp/hard/libm.a(lib_a-w_atan2.o)
                0x0000000000008e10                atan2
 *fill*         0x0000000000008e14        0x4 
 .text.pow      0x0000000000008e18      0x320 /usr/local/gcc-arm-none-eabi-6-2017-q1-update/bin/../lib/gcc/arm-none-eabi/6.3.1/../../../../arm-none-eabi/lib/thumb/v7e-m/fpv4-sp/hard/libm.a(lib_a-w_pow.o)
                0x0000000000008e18                pow
 .text.sqrt     0x0000000000009138       0xb8 /usr/local/gcc-arm-none-eabi-6-2017-q1-update/bin/../lib/gcc/arm-none-eabi/6.3.1/../../../../arm-none-eabi/lib/thumb/v7e-m/fpv4-sp/hard/libm.a(lib_a-w_sqrt.o)
                0x0000000000009138                sqrt
 .text.__ieee754_asin
                0x00000000000091f0      0x484 /usr/local/gcc-arm-none-eabi-6-2017-q1-update/bin/../lib/gcc/arm-none-eabi/6.3.1/../../../../arm-none-eabi/lib/thumb/v7e-m/fpv4-sp/hard/libm.a(lib_a-e_asin.o)
                0x00000000000091f0                __ieee754_asin
 *fill*         0x0000000000009674        0x4 
 .text.__ieee754_atan2
                0x0000000000009678      0x1c4 /usr/local/gcc-arm-none-eabi-6-2017-q1-update/bin/../lib/gcc/arm-none-eabi/6.3.1/../../../../arm-none-eabi/lib/thumb/v7e-m/fpv4-sp/hard/libm.a(lib_a-e_atan2.o)
                0x0000000000009678                __ieee754_atan2
 *fill*         0x000000000000983c        0x4 
 .text.__ieee754_pow
                0x0000000000009840      0xae0 /usr/local/gcc-arm-none-eabi-6-2017-q1-update/bin/../lib/gcc/arm-none-eabi/6.3.1/../../../../arm-none-eabi/lib/thumb/v7e-m/fpv4-sp/hard/libm.a(lib_a-e_pow.o)
                0x0000000000009840                __ieee754_pow
 .text.__ieee754_sqrt
                0x000000000000a320      0x198 /usr/local/gcc-arm-none-eabi-6-2017-q1-update/bin/../lib/gcc/arm-none-eabi/6.3.1/../../../../arm-none-eabi/lib/thumb/v7e-m/fpv4-sp/hard/libm.a(lib_a-e_sqrt.o)
                0x000000000000a320                __ieee754_sqrt
 .text.atan     0x000000000000a4b8      0x368 /usr/local/gcc-arm-none-eabi-6-2017-q1-update/bin/../lib/gcc/arm-none-eabi/6.3.1/../../../../arm-none-eabi/lib/thumb/v7e-m/fpv4-sp/hard/libm.a(lib_a-s_atan.o)
                0x000000000000a4b8                atan
 .text.fabs     0x000000000000a820       0x10 /usr/local/gcc-arm-none-eabi-6-2017-q1-update/bin/../lib/gcc/arm-none-eabi/6.3.1/../../../../arm-none-eabi/lib/thumb/v7e-m/fpv4-sp/hard/libm.a(lib_a-s_fabs.o)
                0x000000000000a820                fabs
 .text.finite   0x000000000000a830       0x10 /usr/local/gcc-arm-none-eabi-6-2017-q1-update/bin/../lib/gcc/arm-none-eabi/6.3.1/../../../../arm-none-eabi/lib/thumb/v7e-m/fpv4-sp/hard/libm.a(lib_a-s_finite.o)
                0x000000000000a830                finite
 .text.matherr  0x000000000000a840        0x4 /usr/local/gcc-arm-none-eabi-6-2017-q1-update/bin/../lib/gcc/arm-none-eabi/6.3.1/../../../../arm-none-eabi/lib/thumb/v7e-m/fpv4-sp/hard/libm.a(lib_a-s_matherr.o)
                0x000000000000a840                matherr
 *fill*         0x000000000000a844        0x4 
 .text.nan      0x000000000000a848       0x10 /usr/local/gcc-arm-none-eabi-6-2017-q1-update/bin/../lib/gcc/arm-none-eabi/6.3.1/../../../../arm-none-eabi/lib/thumb/v7e-m/fpv4-sp/hard/libm.a(lib_a-s_nan.o)
                0x000000000000a848                nan
 .text.rint     0x000000000000a858      0x124 /usr/local/gcc-arm-none-eabi-6-2017-q1-update/bin/../lib/gcc/arm-none-eabi/6.3.1/../../../../arm-none-eabi/lib/thumb/v7e-m/fpv4-sp/hard/libm.a(lib_a-s_rint.o)
                0x000000000000a858                rint
 *fill*         0x000000000000a97c        0x4 
 .text.scalbn   0x000000000000a980      0x10c /usr/local/gcc-arm-none-eabi-6-2017-q1-update/bin/../lib/gcc/arm-none-eabi/6.3.1/../../../../arm-none-eabi/lib/thumb/v7e-m/fpv4-sp/hard/libm.a(lib_a-s_scalbn.o)
                0x000000000000a980                scalbn
 .text.copysign
                0x000000000000aa8c       0x1c /usr/local/gcc-arm-none-eabi-6-2017-q1-update/bin/../lib/gcc/arm-none-eabi/6.3.1/../../../../arm-none-eabi/lib/thumb/v7e-m/fpv4-sp/hard/libm.a(lib_a-s_copysign.o)
                0x000000000000aa8c                copysign
 .text          0x000000000000aaa8      0x370 /usr/local/gcc-arm-none-eabi-6-2017-q1-update/bin/../lib/gcc/arm-none-eabi/6.3.1/thumb/v7e-m/fpv4-sp/hard/libgcc.a(_arm_addsubdf3.o)
                0x000000000000aaa8                __aeabi_drsub
                0x000000000000aab0                __subdf3
                0x000000000000aab0                __aeabi_dsub
                0x000000000000aab4                __aeabi_dadd
                0x000000000000aab4                __adddf3
                0x000000000000ad2c                __aeabi_ui2d
                0x000000000000ad2c                __floatunsidf
                0x000000000000ad4c                __floatsidf
                0x000000000000ad4c                __aeabi_i2d
                0x000000000000ad70                __extendsfdf2
                0x000000000000ad70                __aeabi_f2d
                0x000000000000adac                __aeabi_ul2d
                0x000000000000adac                __floatundidf
                0x000000000000adbc                __aeabi_l2d
                0x000000000000adbc                __floatdidf
 .text          0x000000000000ae18      0x424 /usr/local/gcc-arm-none-eabi-6-2017-q1-update/bin/../lib/gcc/arm-none-eabi/6.3.1/thumb/v7e-m/fpv4-sp/hard/libgcc.a(_arm_muldivdf3.o)
                0x000000000000ae18                __aeabi_dmul
                0x000000000000ae18                __muldf3
                0x000000000000b06c                __aeabi_ddiv
                0x000000000000b06c                __divdf3
 .text          0x000000000000b23c      0x110 /usr/local/gcc-arm-none-eabi-6-2017-q1-update/bin/../lib/gcc/arm-none-eabi/6.3.1/thumb/v7e-m/fpv4-sp/hard/libgcc.a(_arm_cmpdf2.o)
                0x000000000000b23c                __gedf2
                0x000000000000b23c                __gtdf2
                0x000000000000b244                __ledf2
                0x000000000000b244                __ltdf2
                0x000000000000b24c                __cmpdf2
                0x000000000000b24c                __eqdf2
                0x000000000000b24c                __nedf2
                0x000000000000b2c8                __aeabi_cdrcmple
                0x000000000000b2d8                __aeabi_cdcmple
                0x000000000000b2d8                __aeabi_cdcmpeq
                0x000000000000b2e8                __aeabi_dcmpeq
                0x000000000000b2fc                __aeabi_dcmplt
                0x000000000000b310                __aeabi_dcmple
                0x000000000000b324                __aeabi_dcmpge
                0x000000000000b338                __aeabi_dcmpgt
 .text          0x000000000000b34c       0x2c /usr/local/gcc-arm-none-eabi-6-2017-q1-update/bin/../lib/gcc/arm-none-eabi/6.3.1/thumb/v7e-m/fpv4-sp/hard/libgcc.a(_arm_unorddf2.o)
                0x000000000000b34c                __aeabi_dcmpun
                0x000000000000b34c                __unorddf2
 .text          0x000000000000b378       0xa0 /usr/local/gcc-arm-none-eabi-6-2017-q1-update/bin/../lib/gcc/arm-none-eabi/6.3.1/thumb/v7e-m/fpv4-sp/hard/libgcc.a(_arm_truncdfsf2.o)
                0x000000000000b378                __aeabi_d2f
                0x000000000000b378                __truncdfsf2
 .text.__errno  0x000000000000b418        0xc /usr/local/gcc-arm-none-eabi-6-2017-q1-update/bin/../lib/gcc/arm-none-eabi/6.3.1/../../../../arm-none-eabi/lib/thumb/v7e-m/fpv4-sp/hard/libg_nano.a(lib_a-errno.o)
                0x000000000000b418                __errno
 *(.init)
 .init          0x000000000000b424        0x4 /usr/local/gcc-arm-none-eabi-6-2017-q1-update/bin/../lib/gcc/arm-none-eabi/6.3.1/thumb/v7e-m/fpv4-sp/hard/crti.o
                0x000000000000b424                _init
 .init          0x000000000000b428        0x8 /usr/local/gcc-arm-none-eabi-6-2017-q1-update/bin/../lib/gcc/arm-none-eabi/6.3.1/thumb/v7e-m/fpv4-sp/hard/crtn.o
 *(.fini)
 .fini          0x000000000000b430        0x4 /usr/local/gcc-arm-none-eabi-6-2017-q1-update/bin/../lib/gcc/arm-none-eabi/6.3.1/thumb/v7e-m/fpv4-sp/hard/crti.o
                0x000000000000b430                _fini
 .fini          0x000000000000b434        0x8 /usr/local/gcc-arm-none-eabi-6-2017-q1-update/bin/../lib/gcc/arm-none-eabi/6.3.1/thumb/v7e-m/fpv4-sp/hard/crtn.o
 *crtbegin.o(.ctors)
 *crtbegin?.o(.ctors)
 *(EXCLUDE_FILE(*crtend.o *crtend?.o) .ctors)
 *(SORT(.ctors.*))
 *(.ctors)
 *crtbegin.o(.dtors)
 *crtbegin?.o(.dtors)
 *(EXCLUDE_FILE(*crtend.o *crtend?.o) .dtors)
 *(SORT(.dtors.*))
 *(.dtors)
 *(.rodata*)
 .rodata.nrf_log_backend_rtt_api
                0x000000000000b43c        0xc _build/nrf52832_xxaa/nrf_log_backend_rtt.c.o
                0x000000000000b43c                nrf_log_backend_rtt_api
 *fill*         0x000000000000b448        0x8 
 .rodata.delay_bytecode.8437
                0x000000000000b450        0x6 _build/nrf52832_xxaa/nrf_log_backend_rtt.c.o
 *fill*         0x000000000000b456        0x2 
 .rodata        0x000000000000b458       0x10 _build/nrf52832_xxaa/nrf_log_default_backends.c.o
 .rodata.m_log_push_ringbuf
                0x000000000000b468        0xc _build/nrf52832_xxaa/nrf_log_frontend.c.o
 .rodata        0x000000000000b474       0x15 _build/nrf52832_xxaa/nrf_log_frontend.c.o
 *fill*         0x000000000000b489        0x3 
 .rodata        0x000000000000b48c       0xaa _build/nrf52832_xxaa/nrf_log_str_formatter.c.o
 *fill*         0x000000000000b536        0x2 
 .rodata        0x000000000000b538       0x19 _build/nrf52832_xxaa/app_error_weak.c.o
 *fill*         0x000000000000b551        0x3 
 .rodata._aV2C.7261
                0x000000000000b554       0x10 _build/nrf52832_xxaa/nrf_fprintf_format.c.o
 .rodata        0x000000000000b564        0x4 _build/nrf52832_xxaa/nrfx_prs.c.o
 .rodata        0x000000000000b568        0x5 _build/nrf52832_xxaa/nrfx_twim.c.o
 *fill*         0x000000000000b56d        0x3 
 .rodata.irq_handlers.8576
                0x000000000000b570        0x4 _build/nrf52832_xxaa/nrfx_twim.c.o
 .rodata        0x000000000000b574        0x5 _build/nrf52832_xxaa/nrfx_uart.c.o
 *fill*         0x000000000000b579        0x3 
 .rodata        0x000000000000b57c        0x6 _build/nrf52832_xxaa/nrfx_uarte.c.o
 *fill*         0x000000000000b582        0x2 
 .rodata.irq_handlers.8632
                0x000000000000b584        0x4 _build/nrf52832_xxaa/nrfx_uarte.c.o
 .rodata.mpu_params
                0x000000000000b588        0x2 _build/nrf52832_xxaa/main.c.o
 *fill*         0x000000000000b58a        0x2 
 .rodata        0x000000000000b58c      0x139 _build/nrf52832_xxaa/main.c.o
 *fill*         0x000000000000b6c5        0x3 
 .rodata        0x000000000000b6c8       0x17 _build/nrf52832_xxaa/SEGGER_RTT.c.o
 *fill*         0x000000000000b6df        0x1 
 .rodata        0x000000000000b6e0      0x272 _build/nrf52832_xxaa/mpu9250.c.o
 *fill*         0x000000000000b952        0xe 
 .rodata.delay_bytecode.8284
                0x000000000000b960        0x6 _build/nrf52832_xxaa/mpu9250.c.o
 *fill*         0x000000000000b966        0x2 
 .rodata.m_twim
                0x000000000000b968        0x8 _build/nrf52832_xxaa/twim_mpu.c.o
 .rodata        0x000000000000b970       0x10 _build/nrf52832_xxaa/twim_mpu.c.o
 .rodata.m_rtc  0x000000000000b980        0x8 _build/nrf52832_xxaa/counter.c.o
 .rodata        0x000000000000b988        0x6 _build/nrf52832_xxaa/counter.c.o
 *fill*         0x000000000000b98e        0x2 
 .rodata.m_uarte
                0x000000000000b990        0x8 _build/nrf52832_xxaa/uarte_mpu.c.o
 .rodata        0x000000000000b998       0x20 _build/nrf52832_xxaa/uarte_mpu.c.o
 .rodata        0x000000000000b9b8        0x4 _build/nrf52832_xxaa/nrfx_rtc.c.o
 .rodata        0x000000000000b9bc        0x6 _build/nrf52832_xxaa/nrfx_clock.c.o
 *fill*         0x000000000000b9c2        0x2 
 .rodata        0x000000000000b9c4        0x6 _build/nrf52832_xxaa/nrf_drv_clock.c.o
 *fill*         0x000000000000b9ca        0x2 
 .rodata        0x000000000000b9cc        0x7 _build/nrf52832_xxaa/nrfx_gpiote.c.o
 *fill*         0x000000000000b9d3        0x1 
 .rodata._global_impure_ptr
                0x000000000000b9d4        0x4 /usr/local/gcc-arm-none-eabi-6-2017-q1-update/bin/../lib/gcc/arm-none-eabi/6.3.1/../../../../arm-none-eabi/lib/thumb/v7e-m/fpv4-sp/hard/libc_nano.a(lib_a-impure.o)
                0x000000000000b9d4                _global_impure_ptr
 .rodata._setlocale_r.str1.1
                0x000000000000b9d8        0x8 /usr/local/gcc-arm-none-eabi-6-2017-q1-update/bin/../lib/gcc/arm-none-eabi/6.3.1/../../../../arm-none-eabi/lib/thumb/v7e-m/fpv4-sp/hard/libc_nano.a(lib_a-locale.o)
                                          0x9 (size before relaxing)
 .rodata.str1.1
                0x000000000000b9e0        0x2 /usr/local/gcc-arm-none-eabi-6-2017-q1-update/bin/../lib/gcc/arm-none-eabi/6.3.1/../../../../arm-none-eabi/lib/thumb/v7e-m/fpv4-sp/hard/libc_nano.a(lib_a-locale.o)
 .rodata._ctype_
                0x000000000000b9e2      0x101 /usr/local/gcc-arm-none-eabi-6-2017-q1-update/bin/../lib/gcc/arm-none-eabi/6.3.1/../../../../arm-none-eabi/lib/thumb/v7e-m/fpv4-sp/hard/libc_nano.a(lib_a-ctype_.o)
                0x000000000000b9e2                _ctype_
 *fill*         0x000000000000bae3        0x1 
 .rodata.asin.str1.4
                0x000000000000bae4        0x5 /usr/local/gcc-arm-none-eabi-6-2017-q1-update/bin/../lib/gcc/arm-none-eabi/6.3.1/../../../../arm-none-eabi/lib/thumb/v7e-m/fpv4-sp/hard/libm.a(lib_a-w_asin.o)
                                          0x9 (size before relaxing)
 *fill*         0x000000000000bae9        0x3 
 .rodata.pow.str1.4
                0x000000000000baec        0x4 /usr/local/gcc-arm-none-eabi-6-2017-q1-update/bin/../lib/gcc/arm-none-eabi/6.3.1/../../../../arm-none-eabi/lib/thumb/v7e-m/fpv4-sp/hard/libm.a(lib_a-w_pow.o)
 .rodata.sqrt.str1.4
                0x000000000000baf0        0x8 /usr/local/gcc-arm-none-eabi-6-2017-q1-update/bin/../lib/gcc/arm-none-eabi/6.3.1/../../../../arm-none-eabi/lib/thumb/v7e-m/fpv4-sp/hard/libm.a(lib_a-w_sqrt.o)
                                          0x5 (size before relaxing)
 .rodata.__ieee754_pow.str1.4
                0x000000000000baf8        0x1 /usr/local/gcc-arm-none-eabi-6-2017-q1-update/bin/../lib/gcc/arm-none-eabi/6.3.1/../../../../arm-none-eabi/lib/thumb/v7e-m/fpv4-sp/hard/libm.a(lib_a-e_pow.o)
 .rodata.atanhi
                0x000000000000baf8       0x20 /usr/local/gcc-arm-none-eabi-6-2017-q1-update/bin/../lib/gcc/arm-none-eabi/6.3.1/../../../../arm-none-eabi/lib/thumb/v7e-m/fpv4-sp/hard/libm.a(lib_a-s_atan.o)
 .rodata.atanlo
                0x000000000000bb18       0x20 /usr/local/gcc-arm-none-eabi-6-2017-q1-update/bin/../lib/gcc/arm-none-eabi/6.3.1/../../../../arm-none-eabi/lib/thumb/v7e-m/fpv4-sp/hard/libm.a(lib_a-s_atan.o)
 .rodata.TWO52  0x000000000000bb38       0x10 /usr/local/gcc-arm-none-eabi-6-2017-q1-update/bin/../lib/gcc/arm-none-eabi/6.3.1/../../../../arm-none-eabi/lib/thumb/v7e-m/fpv4-sp/hard/libm.a(lib_a-s_rint.o)
 *(.eh_frame*)
 .eh_frame      0x000000000000bb48        0x0 /usr/local/gcc-arm-none-eabi-6-2017-q1-update/bin/../lib/gcc/arm-none-eabi/6.3.1/thumb/v7e-m/fpv4-sp/hard/crtbegin.o
 .eh_frame      0x000000000000bb48        0x4 /usr/local/gcc-arm-none-eabi-6-2017-q1-update/bin/../lib/gcc/arm-none-eabi/6.3.1/thumb/v7e-m/fpv4-sp/hard/crtend.o

.glue_7         0x000000000000bb4c        0x0
 .glue_7        0x000000000000bb4c        0x0 linker stubs

.glue_7t        0x000000000000bb4c        0x0
 .glue_7t       0x000000000000bb4c        0x0 linker stubs

.vfp11_veneer   0x000000000000bb4c        0x0
 .vfp11_veneer  0x000000000000bb4c        0x0 linker stubs

.v4_bx          0x000000000000bb4c        0x0
 .v4_bx         0x000000000000bb4c        0x0 linker stubs

.iplt           0x000000000000bb4c        0x0
 .iplt          0x000000000000bb4c        0x0 /usr/local/gcc-arm-none-eabi-6-2017-q1-update/bin/../lib/gcc/arm-none-eabi/6.3.1/thumb/v7e-m/fpv4-sp/hard/crtbegin.o

.mem_section_dummy_rom

.log_const_data
                0x000000000000bb4c       0x48
                0x000000000000bb4c                PROVIDE (__start_log_const_data, .)
 *(SORT(.log_const_data*))
 .log_const_data_CLOCK
                0x000000000000bb4c        0x8 _build/nrf52832_xxaa/nrfx_clock.c.o
                0x000000000000bb4c                m_nrf_log_CLOCK_logs_data_const
 .log_const_data_GPIOTE
                0x000000000000bb54        0x8 _build/nrf52832_xxaa/nrfx_gpiote.c.o
                0x000000000000bb54                m_nrf_log_GPIOTE_logs_data_const
 .log_const_data_PRS
                0x000000000000bb5c        0x8 _build/nrf52832_xxaa/nrfx_prs.c.o
                0x000000000000bb5c                m_nrf_log_PRS_logs_data_const
 .log_const_data_RTC
                0x000000000000bb64        0x8 _build/nrf52832_xxaa/nrfx_rtc.c.o
                0x000000000000bb64                m_nrf_log_RTC_logs_data_const
 .log_const_data_TWIM
                0x000000000000bb6c        0x8 _build/nrf52832_xxaa/nrfx_twim.c.o
                0x000000000000bb6c                m_nrf_log_TWIM_logs_data_const
 .log_const_data_UART
                0x000000000000bb74        0x8 _build/nrf52832_xxaa/nrfx_uart.c.o
                0x000000000000bb74                m_nrf_log_UART_logs_data_const
 .log_const_data_UARTE
                0x000000000000bb7c        0x8 _build/nrf52832_xxaa/nrfx_uarte.c.o
                0x000000000000bb7c                m_nrf_log_UARTE_logs_data_const
 .log_const_data_app
                0x000000000000bb84        0x8 _build/nrf52832_xxaa/nrf_log_frontend.c.o
                0x000000000000bb84                m_nrf_log_app_logs_data_const
 .log_const_data_clock
                0x000000000000bb8c        0x8 _build/nrf52832_xxaa/nrf_drv_clock.c.o
                0x000000000000bb8c                m_nrf_log_clock_logs_data_const
                0x000000000000bb94                PROVIDE (__stop_log_const_data, .)

.log_backends   0x000000000000bb94       0x10
                [!provide]                        PROVIDE (__start_log_backends, .)
 *(SORT(.log_backends*))
 .log_backends  0x000000000000bb94       0x10 _build/nrf52832_xxaa/nrf_log_default_backends.c.o
                [!provide]                        PROVIDE (__stop_log_backends, .)

.nrf_balloc     0x000000000000bba4       0x14
                [!provide]                        PROVIDE (__start_nrf_balloc, .)
 *(.nrf_balloc)
 .nrf_balloc    0x000000000000bba4       0x14 _build/nrf52832_xxaa/nrf_log_frontend.c.o
                0x000000000000bba4                log_mempool
                [!provide]                        PROVIDE (__stop_nrf_balloc, .)

.ARM.extab
 *(.ARM.extab* .gnu.linkonce.armextab.*)
                0x000000000000bbb8                __exidx_start = .

.ARM.exidx      0x000000000000bbb8        0x8
 *(.ARM.exidx* .gnu.linkonce.armexidx.*)
 .ARM.exidx     0x000000000000bbb8        0x8 /usr/local/gcc-arm-none-eabi-6-2017-q1-update/bin/../lib/gcc/arm-none-eabi/6.3.1/../../../../arm-none-eabi/lib/thumb/v7e-m/fpv4-sp/hard/crt0.o
                0x000000000000bbc0                __exidx_end = .
                0x000000000000bbc0                __etext = .

.rel.dyn        0x000000000000bbc0        0x0
 .rel.iplt      0x000000000000bbc0        0x0 /usr/local/gcc-arm-none-eabi-6-2017-q1-update/bin/../lib/gcc/arm-none-eabi/6.3.1/thumb/v7e-m/fpv4-sp/hard/crtbegin.o

.data           0x0000000020000000      0x23c load address 0x000000000000bbc0
                0x0000000020000000                __data_start__ = .
 *(vtable)
 *(.data*)
 .data.log_backend_cb_rtt_log_backend
                0x0000000020000000        0x8 _build/nrf52832_xxaa/nrf_log_default_backends.c.o
 .data.severity_names
                0x0000000020000008       0x14 _build/nrf52832_xxaa/nrf_log_str_formatter.c.o
 .data.m_colors
                0x000000002000001c       0x24 _build/nrf52832_xxaa/nrf_log_str_formatter.c.o
 .data.SystemCoreClock
                0x0000000020000040        0x4 _build/nrf52832_xxaa/system_nrf52.c.o
                0x0000000020000040                SystemCoreClock
 .data.m_mpu_address
                0x0000000020000044        0x1 _build/nrf52832_xxaa/mpu9250.c.o
 .data.m_ak_address
                0x0000000020000045        0x1 _build/nrf52832_xxaa/mpu9250.c.o
 .data.m_mag_scale
                0x0000000020000046        0x1 _build/nrf52832_xxaa/mpu9250.c.o
 .data.m_mag_mode
                0x0000000020000047        0x1 _build/nrf52832_xxaa/mpu9250.c.o
 .data.GyroMeasError
                0x0000000020000048        0x4 _build/nrf52832_xxaa/quaternion_filters.c.o
 .data.q        0x000000002000004c       0x10 _build/nrf52832_xxaa/quaternion_filters.c.o
 .data._impure_ptr
                0x000000002000005c        0x4 /usr/local/gcc-arm-none-eabi-6-2017-q1-update/bin/../lib/gcc/arm-none-eabi/6.3.1/../../../../arm-none-eabi/lib/thumb/v7e-m/fpv4-sp/hard/libc_nano.a(lib_a-impure.o)
                0x000000002000005c                _impure_ptr
 .data.impure_data
                0x0000000020000060       0x60 /usr/local/gcc-arm-none-eabi-6-2017-q1-update/bin/../lib/gcc/arm-none-eabi/6.3.1/../../../../arm-none-eabi/lib/thumb/v7e-m/fpv4-sp/hard/libc_nano.a(lib_a-impure.o)
 .data.__global_locale
                0x00000000200000c0      0x16c /usr/local/gcc-arm-none-eabi-6-2017-q1-update/bin/../lib/gcc/arm-none-eabi/6.3.1/../../../../arm-none-eabi/lib/thumb/v7e-m/fpv4-sp/hard/libc_nano.a(lib_a-locale.o)
                0x00000000200000c0                __global_locale
 .data.__fdlib_version
                0x000000002000022c        0x1 /usr/local/gcc-arm-none-eabi-6-2017-q1-update/bin/../lib/gcc/arm-none-eabi/6.3.1/../../../../arm-none-eabi/lib/thumb/v7e-m/fpv4-sp/hard/libm.a(lib_a-s_lib_ver.o)
                0x000000002000022c                __fdlib_version
                0x0000000020000230                . = ALIGN (0x4)
 *fill*         0x000000002000022d        0x3 
                0x0000000020000230                PROVIDE (__preinit_array_start, .)
 *(.preinit_array)
                0x0000000020000230                PROVIDE (__preinit_array_end, .)
                0x0000000020000230                . = ALIGN (0x4)
                0x0000000020000230                PROVIDE (__init_array_start, .)
 *(SORT(.init_array.*))
 *(.init_array)
 .init_array    0x0000000020000230        0x4 /usr/local/gcc-arm-none-eabi-6-2017-q1-update/bin/../lib/gcc/arm-none-eabi/6.3.1/thumb/v7e-m/fpv4-sp/hard/crtbegin.o
                0x0000000020000234                PROVIDE (__init_array_end, .)
                0x0000000020000234                . = ALIGN (0x4)
                [!provide]                        PROVIDE (__fini_array_start, .)
 *(SORT(.fini_array.*))
 *(.fini_array)
 .fini_array    0x0000000020000234        0x4 /usr/local/gcc-arm-none-eabi-6-2017-q1-update/bin/../lib/gcc/arm-none-eabi/6.3.1/thumb/v7e-m/fpv4-sp/hard/crtbegin.o
                [!provide]                        PROVIDE (__fini_array_end, .)
 *(.jcr*)
 .jcr           0x0000000020000238        0x0 /usr/local/gcc-arm-none-eabi-6-2017-q1-update/bin/../lib/gcc/arm-none-eabi/6.3.1/thumb/v7e-m/fpv4-sp/hard/crtbegin.o
 .jcr           0x0000000020000238        0x4 /usr/local/gcc-arm-none-eabi-6-2017-q1-update/bin/../lib/gcc/arm-none-eabi/6.3.1/thumb/v7e-m/fpv4-sp/hard/crtend.o
                0x000000002000023c                . = ALIGN (0x4)
                0x000000002000023c                __data_end__ = .
LOAD /usr/local/gcc-arm-none-eabi-6-2017-q1-update/bin/../lib/gcc/arm-none-eabi/6.3.1/thumb/v7e-m/fpv4-sp/hard/crti.o
LOAD /usr/local/gcc-arm-none-eabi-6-2017-q1-update/bin/../lib/gcc/arm-none-eabi/6.3.1/thumb/v7e-m/fpv4-sp/hard/crtbegin.o
LOAD /usr/local/gcc-arm-none-eabi-6-2017-q1-update/bin/../lib/gcc/arm-none-eabi/6.3.1/../../../../arm-none-eabi/lib/thumb/v7e-m/fpv4-sp/hard/crt0.o
LOAD _build/nrf52832_xxaa/gcc_startup_nrf52.S.o
LOAD _build/nrf52832_xxaa/nrf_log_backend_rtt.c.o
LOAD _build/nrf52832_xxaa/nrf_log_backend_serial.c.o
LOAD _build/nrf52832_xxaa/nrf_log_backend_uart.c.o
LOAD _build/nrf52832_xxaa/nrf_log_default_backends.c.o
LOAD _build/nrf52832_xxaa/nrf_log_frontend.c.o
LOAD _build/nrf52832_xxaa/nrf_log_str_formatter.c.o
LOAD _build/nrf52832_xxaa/boards.c.o
LOAD _build/nrf52832_xxaa/app_error.c.o
LOAD _build/nrf52832_xxaa/app_error_handler_gcc.c.o
LOAD _build/nrf52832_xxaa/app_error_weak.c.o
LOAD _build/nrf52832_xxaa/app_util_platform.c.o
LOAD _build/nrf52832_xxaa/nrf_assert.c.o
LOAD _build/nrf52832_xxaa/nrf_atomic.c.o
LOAD _build/nrf52832_xxaa/nrf_balloc.c.o
LOAD _build/nrf52832_xxaa/nrf_fprintf.c.o
LOAD _build/nrf52832_xxaa/nrf_fprintf_format.c.o
LOAD _build/nrf52832_xxaa/nrf_memobj.c.o
LOAD _build/nrf52832_xxaa/nrf_ringbuf.c.o
LOAD _build/nrf52832_xxaa/nrf_strerror.c.o
LOAD _build/nrf52832_xxaa/nrf_drv_twi.c.o
LOAD _build/nrf52832_xxaa/nrf_drv_uart.c.o
LOAD _build/nrf52832_xxaa/nrfx_prs.c.o
LOAD _build/nrf52832_xxaa/nrfx_twi.c.o
LOAD _build/nrf52832_xxaa/nrfx_twim.c.o
LOAD _build/nrf52832_xxaa/nrfx_uart.c.o
LOAD _build/nrf52832_xxaa/nrfx_uarte.c.o
LOAD _build/nrf52832_xxaa/main.c.o
LOAD _build/nrf52832_xxaa/SEGGER_RTT.c.o
LOAD _build/nrf52832_xxaa/SEGGER_RTT_Syscalls_GCC.c.o
LOAD _build/nrf52832_xxaa/SEGGER_RTT_printf.c.o
LOAD _build/nrf52832_xxaa/system_nrf52.c.o
LOAD _build/nrf52832_xxaa/mpu9250.c.o
LOAD _build/nrf52832_xxaa/twim_mpu.c.o
LOAD _build/nrf52832_xxaa/counter.c.o
LOAD _build/nrf52832_xxaa/quaternion_filters.c.o
LOAD _build/nrf52832_xxaa/app_time_keeper.c.o
LOAD _build/nrf52832_xxaa/gpio_data_int.c.o
LOAD _build/nrf52832_xxaa/orientation_calculator.c.o
LOAD _build/nrf52832_xxaa/uarte_mpu.c.o
LOAD _build/nrf52832_xxaa/nrfx_rtc.c.o
LOAD _build/nrf52832_xxaa/nrfx_clock.c.o
LOAD _build/nrf52832_xxaa/nrfx_power_clock.c.o
LOAD _build/nrf52832_xxaa/nrf_drv_clock.c.o
LOAD _build/nrf52832_xxaa/nrfx_gpiote.c.o
LOAD /usr/local/gcc-arm-none-eabi-6-2017-q1-update/bin/../lib/gcc/arm-none-eabi/6.3.1/../../../../arm-none-eabi/lib/thumb/v7e-m/fpv4-sp/hard/libc_nano.a
LOAD /usr/local/gcc-arm-none-eabi-6-2017-q1-update/bin/../lib/gcc/arm-none-eabi/6.3.1/../../../../arm-none-eabi/lib/thumb/v7e-m/fpv4-sp/hard/libnosys.a
LOAD /usr/local/gcc-arm-none-eabi-6-2017-q1-update/bin/../lib/gcc/arm-none-eabi/6.3.1/../../../../arm-none-eabi/lib/thumb/v7e-m/fpv4-sp/hard/libm.a
START GROUP
LOAD /usr/local/gcc-arm-none-eabi-6-2017-q1-update/bin/../lib/gcc/arm-none-eabi/6.3.1/thumb/v7e-m/fpv4-sp/hard/libgcc.a
LOAD /usr/local/gcc-arm-none-eabi-6-2017-q1-update/bin/../lib/gcc/arm-none-eabi/6.3.1/../../../../arm-none-eabi/lib/thumb/v7e-m/fpv4-sp/hard/libg_nano.a
LOAD /usr/local/gcc-arm-none-eabi-6-2017-q1-update/bin/../lib/gcc/arm-none-eabi/6.3.1/../../../../arm-none-eabi/lib/thumb/v7e-m/fpv4-sp/hard/libc_nano.a
END GROUP
START GROUP
LOAD /usr/local/gcc-arm-none-eabi-6-2017-q1-update/bin/../lib/gcc/arm-none-eabi/6.3.1/thumb/v7e-m/fpv4-sp/hard/libgcc.a
LOAD /usr/local/gcc-arm-none-eabi-6-2017-q1-update/bin/../lib/gcc/arm-none-eabi/6.3.1/../../../../arm-none-eabi/lib/thumb/v7e-m/fpv4-sp/hard/libc_nano.a
END GROUP
LOAD /usr/local/gcc-arm-none-eabi-6-2017-q1-update/bin/../lib/gcc/arm-none-eabi/6.3.1/thumb/v7e-m/fpv4-sp/hard/crtend.o
LOAD /usr/local/gcc-arm-none-eabi-6-2017-q1-update/bin/../lib/gcc/arm-none-eabi/6.3.1/thumb/v7e-m/fpv4-sp/hard/crtn.o
START GROUP
LOAD /usr/local/gcc-arm-none-eabi-6-2017-q1-update/bin/../lib/gcc/arm-none-eabi/6.3.1/thumb/v7e-m/fpv4-sp/hard/libgcc.a
LOAD /usr/local/gcc-arm-none-eabi-6-2017-q1-update/bin/../lib/gcc/arm-none-eabi/6.3.1/../../../../arm-none-eabi/lib/thumb/v7e-m/fpv4-sp/hard/libc.a
LOAD /usr/local/gcc-arm-none-eabi-6-2017-q1-update/bin/../lib/gcc/arm-none-eabi/6.3.1/../../../../arm-none-eabi/lib/thumb/v7e-m/fpv4-sp/hard/libnosys.a
END GROUP

.igot.plt       0x000000002000023c        0x0 load address 0x000000000000bdfc
 .igot.plt      0x000000002000023c        0x0 /usr/local/gcc-arm-none-eabi-6-2017-q1-update/bin/../lib/gcc/arm-none-eabi/6.3.1/thumb/v7e-m/fpv4-sp/hard/crtbegin.o
                0x000000002000023c                . = ALIGN (0x4)

.mem_section_dummy_ram

.log_dynamic_data
                0x000000002000023c        0x0
                0x000000002000023c                PROVIDE (__start_log_dynamic_data, .)
 *(SORT(.log_dynamic_data*))
                [!provide]                        PROVIDE (__stop_log_dynamic_data, .)

.log_filter_data
                0x000000002000023c        0x0
                [!provide]                        PROVIDE (__start_log_filter_data, .)
 *(SORT(.log_filter_data*))
                [!provide]                        PROVIDE (__stop_log_filter_data, .)

.bss            0x000000002000023c      0xa14 load address 0x000000000000bdfc
                0x000000002000023c                . = ALIGN (0x4)
                0x000000002000023c                __bss_start__ = .
 *(.bss*)
 .bss           0x000000002000023c       0x1c /usr/local/gcc-arm-none-eabi-6-2017-q1-update/bin/../lib/gcc/arm-none-eabi/6.3.1/thumb/v7e-m/fpv4-sp/hard/crtbegin.o
 .bss.m_host_present
                0x0000000020000258        0x1 _build/nrf52832_xxaa/nrf_log_backend_rtt.c.o
 *fill*         0x0000000020000259        0x3 
 .bss.m_string_buff
                0x000000002000025c       0x40 _build/nrf52832_xxaa/nrf_log_backend_rtt.c.o
 .bss.log_mempool_nrf_balloc_pool_stack
                0x000000002000029c        0x8 _build/nrf52832_xxaa/nrf_log_frontend.c.o
 .bss.log_mempool_nrf_balloc_pool_mem
                0x00000000200002a4       0xc0 _build/nrf52832_xxaa/nrf_log_frontend.c.o
 .bss.log_mempool_nrf_balloc_cb
                0x0000000020000364        0x8 _build/nrf52832_xxaa/nrf_log_frontend.c.o
 .bss.m_log_push_ringbuf_buf
                0x000000002000036c       0x80 _build/nrf52832_xxaa/nrf_log_frontend.c.o
 .bss.m_log_push_ringbuf_cb
                0x00000000200003ec       0x18 _build/nrf52832_xxaa/nrf_log_frontend.c.o
 .bss.m_log_data
                0x0000000020000404      0x424 _build/nrf52832_xxaa/nrf_log_frontend.c.o
 .bss.m_in_critical_region
                0x0000000020000828        0x4 _build/nrf52832_xxaa/app_util_platform.c.o
 .bss.m_prs_box_4
                0x000000002000082c        0x8 _build/nrf52832_xxaa/nrfx_prs.c.o
 .bss.m_cb      0x0000000020000834       0x34 _build/nrf52832_xxaa/nrfx_twim.c.o
 .bss.m_cb      0x0000000020000868       0x24 _build/nrf52832_xxaa/nrfx_uarte.c.o
 .bss.current_orientation
                0x000000002000088c        0x4 _build/nrf52832_xxaa/main.c.o
 .bss.samples_since_print
                0x0000000020000890        0x4 _build/nrf52832_xxaa/main.c.o
 .bss.time_since_print
                0x0000000020000894        0x4 _build/nrf52832_xxaa/main.c.o
 .bss._acUpBuffer
                0x0000000020000898      0x200 _build/nrf52832_xxaa/SEGGER_RTT.c.o
 .bss._acDownBuffer
                0x0000000020000a98       0x10 _build/nrf52832_xxaa/SEGGER_RTT.c.o
 .bss.m_accel_scale
                0x0000000020000aa8        0x1 _build/nrf52832_xxaa/mpu9250.c.o
 .bss.m_gyro_scale
                0x0000000020000aa9        0x1 _build/nrf52832_xxaa/mpu9250.c.o
 *fill*         0x0000000020000aaa        0x2 
 .bss.m_self_test
                0x0000000020000aac       0x18 _build/nrf52832_xxaa/mpu9250.c.o
 .bss.m_accel_bias
                0x0000000020000ac4        0xc _build/nrf52832_xxaa/mpu9250.c.o
 .bss.m_gyro_bias
                0x0000000020000ad0        0xc _build/nrf52832_xxaa/mpu9250.c.o
 .bss.m_mag_bias
                0x0000000020000adc        0xc _build/nrf52832_xxaa/mpu9250.c.o
 .bss.m_mag_scale_factor
                0x0000000020000ae8        0xc _build/nrf52832_xxaa/mpu9250.c.o
 .bss.m_factory_mag_calibration
                0x0000000020000af4        0xc _build/nrf52832_xxaa/mpu9250.c.o
 .bss.m_accel_res
                0x0000000020000b00        0x4 _build/nrf52832_xxaa/mpu9250.c.o
 .bss.m_gyro_res
                0x0000000020000b04        0x4 _build/nrf52832_xxaa/mpu9250.c.o
 .bss.m_mag_res
                0x0000000020000b08        0x4 _build/nrf52832_xxaa/mpu9250.c.o
 .bss.m_accel_data
                0x0000000020000b0c       0x10 _build/nrf52832_xxaa/mpu9250.c.o
 .bss.m_gyro_data
                0x0000000020000b1c       0x10 _build/nrf52832_xxaa/mpu9250.c.o
 .bss.m_mag_data
                0x0000000020000b2c       0x10 _build/nrf52832_xxaa/mpu9250.c.o
 .bss.m_first_mag_data_acq
                0x0000000020000b3c        0x1 _build/nrf52832_xxaa/mpu9250.c.o
 .bss.m_register_address
                0x0000000020000b3d        0x1 _build/nrf52832_xxaa/twim_mpu.c.o
 *fill*         0x0000000020000b3e        0x2 
 .bss.m_data_buffer
                0x0000000020000b40        0x2 _build/nrf52832_xxaa/twim_mpu.c.o
 .bss.m_twim_xfer_in_progress
                0x0000000020000b42        0x1 _build/nrf52832_xxaa/twim_mpu.c.o
 *fill*         0x0000000020000b43        0x1 
 .bss.GyroMeasDrift
                0x0000000020000b44        0x4 _build/nrf52832_xxaa/quaternion_filters.c.o
 .bss.beta      0x0000000020000b48        0x4 _build/nrf52832_xxaa/quaternion_filters.c.o
 .bss.zeta      0x0000000020000b4c        0x4 _build/nrf52832_xxaa/quaternion_filters.c.o
 .bss.eInt      0x0000000020000b50        0xc _build/nrf52832_xxaa/quaternion_filters.c.o
 .bss.m_counter_freq
                0x0000000020000b5c        0x2 _build/nrf52832_xxaa/app_time_keeper.c.o
 *fill*         0x0000000020000b5e        0x2 
 .bss.m_deltat  0x0000000020000b60        0x4 _build/nrf52832_xxaa/app_time_keeper.c.o
 .bss.m_count_last
                0x0000000020000b64        0x4 _build/nrf52832_xxaa/app_time_keeper.c.o
 .bss.m_count_now
                0x0000000020000b68        0x4 _build/nrf52832_xxaa/app_time_keeper.c.o
 .bss.new_data_ready
                0x0000000020000b6c        0x1 _build/nrf52832_xxaa/gpio_data_int.c.o
 *fill*         0x0000000020000b6d        0x3 
 .bss.m_mpu_result
                0x0000000020000b70        0xc _build/nrf52832_xxaa/orientation_calculator.c.o
 .bss.m_handlers
                0x0000000020000b7c        0x4 _build/nrf52832_xxaa/nrfx_rtc.c.o
 .bss.m_cb      0x0000000020000b80        0x3 _build/nrf52832_xxaa/nrfx_rtc.c.o
 *fill*         0x0000000020000b83        0x1 
 .bss.m_clock_cb
                0x0000000020000b84        0x8 _build/nrf52832_xxaa/nrfx_clock.c.o
 .bss.m_cb      0x0000000020000b8c       0x4c _build/nrf52832_xxaa/nrfx_gpiote.c.o
 *(COMMON)
 COMMON         0x0000000020000bd8       0x78 _build/nrf52832_xxaa/SEGGER_RTT.c.o
                0x0000000020000bd8                _SEGGER_RTT
                0x0000000020000c50                . = ALIGN (0x4)
                0x0000000020000c50                __bss_end__ = .

.heap           0x0000000020000c50     0x2000
                0x0000000020000c50                __HeapBase = .
                0x0000000020000c50                __end__ = .
                [!provide]                        PROVIDE (end, .)
 *(.heap*)
 .heap          0x0000000020000c50     0x2000 _build/nrf52832_xxaa/gcc_startup_nrf52.S.o
                0x0000000020002c50                __HeapLimit = .

.stack_dummy    0x0000000020000c50     0x2000
 *(.stack*)
 .stack         0x0000000020000c50     0x2000 _build/nrf52832_xxaa/gcc_startup_nrf52.S.o
                0x0000000020010000                __StackTop = (ORIGIN (RAM) + LENGTH (RAM))
                0x000000002000e000                __StackLimit = (__StackTop - SIZEOF (.stack_dummy))
                0x0000000020010000                PROVIDE (__stack, __StackTop)
                0x0000000000000001                ASSERT ((__StackLimit >= __HeapLimit), region RAM overflowed with stack)
                0x000000000000023c                DataInitFlashUsed = (__bss_start__ - __data_start__)
                0x000000000000bbc0                CodeFlashUsed = (__etext - ORIGIN (FLASH))
                0x000000000000bdfc                TotalFlashUsed = (CodeFlashUsed + DataInitFlashUsed)
                0x0000000000000001                ASSERT ((TotalFlashUsed <= LENGTH (FLASH)), region FLASH overflowed with .data and user data)
OUTPUT(_build/nrf52832_xxaa.out elf32-littlearm)

.ARM.attributes
                0x0000000000000000       0x30
 .ARM.attributes
                0x0000000000000000       0x22 /usr/local/gcc-arm-none-eabi-6-2017-q1-update/bin/../lib/gcc/arm-none-eabi/6.3.1/thumb/v7e-m/fpv4-sp/hard/crti.o
 .ARM.attributes
                0x0000000000000022       0x34 /usr/local/gcc-arm-none-eabi-6-2017-q1-update/bin/../lib/gcc/arm-none-eabi/6.3.1/thumb/v7e-m/fpv4-sp/hard/crtbegin.o
 .ARM.attributes
                0x0000000000000056       0x20 /usr/local/gcc-arm-none-eabi-6-2017-q1-update/bin/../lib/gcc/arm-none-eabi/6.3.1/../../../../arm-none-eabi/lib/thumb/v7e-m/fpv4-sp/hard/crt0.o
 .ARM.attributes
                0x0000000000000076       0x20 _build/nrf52832_xxaa/gcc_startup_nrf52.S.o
 .ARM.attributes
                0x0000000000000096       0x39 _build/nrf52832_xxaa/nrf_log_backend_rtt.c.o
 .ARM.attributes
                0x00000000000000cf       0x39 _build/nrf52832_xxaa/nrf_log_backend_serial.c.o
 .ARM.attributes
                0x0000000000000108       0x39 _build/nrf52832_xxaa/nrf_log_default_backends.c.o
 .ARM.attributes
                0x0000000000000141       0x39 _build/nrf52832_xxaa/nrf_log_frontend.c.o
 .ARM.attributes
                0x000000000000017a       0x39 _build/nrf52832_xxaa/nrf_log_str_formatter.c.o
 .ARM.attributes
                0x00000000000001b3       0x39 _build/nrf52832_xxaa/app_error.c.o
 .ARM.attributes
                0x00000000000001ec       0x39 _build/nrf52832_xxaa/app_error_weak.c.o
 .ARM.attributes
                0x0000000000000225       0x39 _build/nrf52832_xxaa/app_util_platform.c.o
 .ARM.attributes
                0x000000000000025e       0x39 _build/nrf52832_xxaa/nrf_atomic.c.o
 .ARM.attributes
                0x0000000000000297       0x39 _build/nrf52832_xxaa/nrf_balloc.c.o
 .ARM.attributes
                0x00000000000002d0       0x39 _build/nrf52832_xxaa/nrf_fprintf.c.o
 .ARM.attributes
                0x0000000000000309       0x39 _build/nrf52832_xxaa/nrf_fprintf_format.c.o
 .ARM.attributes
                0x0000000000000342       0x39 _build/nrf52832_xxaa/nrf_memobj.c.o
 .ARM.attributes
                0x000000000000037b       0x39 _build/nrf52832_xxaa/nrf_ringbuf.c.o
 .ARM.attributes
                0x00000000000003b4       0x39 _build/nrf52832_xxaa/nrfx_prs.c.o
 .ARM.attributes
                0x00000000000003ed       0x39 _build/nrf52832_xxaa/nrfx_twim.c.o
 .ARM.attributes
                0x0000000000000426       0x39 _build/nrf52832_xxaa/nrfx_uart.c.o
 .ARM.attributes
                0x000000000000045f       0x39 _build/nrf52832_xxaa/nrfx_uarte.c.o
 .ARM.attributes
                0x0000000000000498       0x39 _build/nrf52832_xxaa/main.c.o
 .ARM.attributes
                0x00000000000004d1       0x39 _build/nrf52832_xxaa/SEGGER_RTT.c.o
 .ARM.attributes
                0x000000000000050a       0x39 _build/nrf52832_xxaa/system_nrf52.c.o
 .ARM.attributes
                0x0000000000000543       0x39 _build/nrf52832_xxaa/mpu9250.c.o
 .ARM.attributes
                0x000000000000057c       0x39 _build/nrf52832_xxaa/twim_mpu.c.o
 .ARM.attributes
                0x00000000000005b5       0x39 _build/nrf52832_xxaa/counter.c.o
 .ARM.attributes
                0x00000000000005ee       0x39 _build/nrf52832_xxaa/quaternion_filters.c.o
 .ARM.attributes
                0x0000000000000627       0x39 _build/nrf52832_xxaa/app_time_keeper.c.o
 .ARM.attributes
                0x0000000000000660       0x39 _build/nrf52832_xxaa/gpio_data_int.c.o
 .ARM.attributes
                0x0000000000000699       0x39 _build/nrf52832_xxaa/orientation_calculator.c.o
 .ARM.attributes
                0x00000000000006d2       0x39 _build/nrf52832_xxaa/uarte_mpu.c.o
 .ARM.attributes
                0x000000000000070b       0x39 _build/nrf52832_xxaa/nrfx_rtc.c.o
 .ARM.attributes
                0x0000000000000744       0x39 _build/nrf52832_xxaa/nrfx_clock.c.o
 .ARM.attributes
                0x000000000000077d       0x39 _build/nrf52832_xxaa/nrf_drv_clock.c.o
 .ARM.attributes
                0x00000000000007b6       0x39 _build/nrf52832_xxaa/nrfx_gpiote.c.o
 .ARM.attributes
                0x00000000000007ef       0x34 /usr/local/gcc-arm-none-eabi-6-2017-q1-update/bin/../lib/gcc/arm-none-eabi/6.3.1/../../../../arm-none-eabi/lib/thumb/v7e-m/fpv4-sp/hard/libc_nano.a(lib_a-exit.o)
 .ARM.attributes
                0x0000000000000823       0x34 /usr/local/gcc-arm-none-eabi-6-2017-q1-update/bin/../lib/gcc/arm-none-eabi/6.3.1/../../../../arm-none-eabi/lib/thumb/v7e-m/fpv4-sp/hard/libc_nano.a(lib_a-impure.o)
 .ARM.attributes
                0x0000000000000857       0x34 /usr/local/gcc-arm-none-eabi-6-2017-q1-update/bin/../lib/gcc/arm-none-eabi/6.3.1/../../../../arm-none-eabi/lib/thumb/v7e-m/fpv4-sp/hard/libc_nano.a(lib_a-init.o)
 .ARM.attributes
                0x000000000000088b       0x34 /usr/local/gcc-arm-none-eabi-6-2017-q1-update/bin/../lib/gcc/arm-none-eabi/6.3.1/../../../../arm-none-eabi/lib/thumb/v7e-m/fpv4-sp/hard/libc_nano.a(lib_a-locale.o)
 .ARM.attributes
                0x00000000000008bf       0x34 /usr/local/gcc-arm-none-eabi-6-2017-q1-update/bin/../lib/gcc/arm-none-eabi/6.3.1/../../../../arm-none-eabi/lib/thumb/v7e-m/fpv4-sp/hard/libc_nano.a(lib_a-mbtowc_r.o)
 .ARM.attributes
                0x00000000000008f3       0x34 /usr/local/gcc-arm-none-eabi-6-2017-q1-update/bin/../lib/gcc/arm-none-eabi/6.3.1/../../../../arm-none-eabi/lib/thumb/v7e-m/fpv4-sp/hard/libc_nano.a(lib_a-memcpy-stub.o)
 .ARM.attributes
                0x0000000000000927       0x34 /usr/local/gcc-arm-none-eabi-6-2017-q1-update/bin/../lib/gcc/arm-none-eabi/6.3.1/../../../../arm-none-eabi/lib/thumb/v7e-m/fpv4-sp/hard/libc_nano.a(lib_a-memset.o)
 .ARM.attributes
                0x000000000000095b       0x34 /usr/local/gcc-arm-none-eabi-6-2017-q1-update/bin/../lib/gcc/arm-none-eabi/6.3.1/../../../../arm-none-eabi/lib/thumb/v7e-m/fpv4-sp/hard/libc_nano.a(lib_a-strcpy.o)
 .ARM.attributes
                0x000000000000098f       0x1b /usr/local/gcc-arm-none-eabi-6-2017-q1-update/bin/../lib/gcc/arm-none-eabi/6.3.1/../../../../arm-none-eabi/lib/thumb/v7e-m/fpv4-sp/hard/libc_nano.a(lib_a-strlen.o)
 .ARM.attributes
                0x00000000000009aa       0x34 /usr/local/gcc-arm-none-eabi-6-2017-q1-update/bin/../lib/gcc/arm-none-eabi/6.3.1/../../../../arm-none-eabi/lib/thumb/v7e-m/fpv4-sp/hard/libc_nano.a(lib_a-wctomb_r.o)
 .ARM.attributes
                0x00000000000009de       0x34 /usr/local/gcc-arm-none-eabi-6-2017-q1-update/bin/../lib/gcc/arm-none-eabi/6.3.1/../../../../arm-none-eabi/lib/thumb/v7e-m/fpv4-sp/hard/libc_nano.a(lib_a-ctype_.o)
 .ARM.attributes
                0x0000000000000a12       0x34 /usr/local/gcc-arm-none-eabi-6-2017-q1-update/bin/../lib/gcc/arm-none-eabi/6.3.1/../../../../arm-none-eabi/lib/thumb/v7e-m/fpv4-sp/hard/libnosys.a(_exit.o)
 .ARM.attributes
                0x0000000000000a46       0x34 /usr/local/gcc-arm-none-eabi-6-2017-q1-update/bin/../lib/gcc/arm-none-eabi/6.3.1/../../../../arm-none-eabi/lib/thumb/v7e-m/fpv4-sp/hard/libm.a(lib_a-w_asin.o)
 .ARM.attributes
                0x0000000000000a7a       0x34 /usr/local/gcc-arm-none-eabi-6-2017-q1-update/bin/../lib/gcc/arm-none-eabi/6.3.1/../../../../arm-none-eabi/lib/thumb/v7e-m/fpv4-sp/hard/libm.a(lib_a-w_atan2.o)
 .ARM.attributes
                0x0000000000000aae       0x34 /usr/local/gcc-arm-none-eabi-6-2017-q1-update/bin/../lib/gcc/arm-none-eabi/6.3.1/../../../../arm-none-eabi/lib/thumb/v7e-m/fpv4-sp/hard/libm.a(lib_a-w_pow.o)
 .ARM.attributes
                0x0000000000000ae2       0x34 /usr/local/gcc-arm-none-eabi-6-2017-q1-update/bin/../lib/gcc/arm-none-eabi/6.3.1/../../../../arm-none-eabi/lib/thumb/v7e-m/fpv4-sp/hard/libm.a(lib_a-w_sqrt.o)
 .ARM.attributes
                0x0000000000000b16       0x34 /usr/local/gcc-arm-none-eabi-6-2017-q1-update/bin/../lib/gcc/arm-none-eabi/6.3.1/../../../../arm-none-eabi/lib/thumb/v7e-m/fpv4-sp/hard/libm.a(lib_a-e_asin.o)
 .ARM.attributes
                0x0000000000000b4a       0x34 /usr/local/gcc-arm-none-eabi-6-2017-q1-update/bin/../lib/gcc/arm-none-eabi/6.3.1/../../../../arm-none-eabi/lib/thumb/v7e-m/fpv4-sp/hard/libm.a(lib_a-e_atan2.o)
 .ARM.attributes
                0x0000000000000b7e       0x34 /usr/local/gcc-arm-none-eabi-6-2017-q1-update/bin/../lib/gcc/arm-none-eabi/6.3.1/../../../../arm-none-eabi/lib/thumb/v7e-m/fpv4-sp/hard/libm.a(lib_a-e_pow.o)
 .ARM.attributes
                0x0000000000000bb2       0x34 /usr/local/gcc-arm-none-eabi-6-2017-q1-update/bin/../lib/gcc/arm-none-eabi/6.3.1/../../../../arm-none-eabi/lib/thumb/v7e-m/fpv4-sp/hard/libm.a(lib_a-e_sqrt.o)
 .ARM.attributes
                0x0000000000000be6       0x34 /usr/local/gcc-arm-none-eabi-6-2017-q1-update/bin/../lib/gcc/arm-none-eabi/6.3.1/../../../../arm-none-eabi/lib/thumb/v7e-m/fpv4-sp/hard/libm.a(lib_a-s_atan.o)
 .ARM.attributes
                0x0000000000000c1a       0x34 /usr/local/gcc-arm-none-eabi-6-2017-q1-update/bin/../lib/gcc/arm-none-eabi/6.3.1/../../../../arm-none-eabi/lib/thumb/v7e-m/fpv4-sp/hard/libm.a(lib_a-s_fabs.o)
 .ARM.attributes
                0x0000000000000c4e       0x34 /usr/local/gcc-arm-none-eabi-6-2017-q1-update/bin/../lib/gcc/arm-none-eabi/6.3.1/../../../../arm-none-eabi/lib/thumb/v7e-m/fpv4-sp/hard/libm.a(lib_a-s_finite.o)
 .ARM.attributes
                0x0000000000000c82       0x34 /usr/local/gcc-arm-none-eabi-6-2017-q1-update/bin/../lib/gcc/arm-none-eabi/6.3.1/../../../../arm-none-eabi/lib/thumb/v7e-m/fpv4-sp/hard/libm.a(lib_a-s_lib_ver.o)
 .ARM.attributes
                0x0000000000000cb6       0x34 /usr/local/gcc-arm-none-eabi-6-2017-q1-update/bin/../lib/gcc/arm-none-eabi/6.3.1/../../../../arm-none-eabi/lib/thumb/v7e-m/fpv4-sp/hard/libm.a(lib_a-s_matherr.o)
 .ARM.attributes
                0x0000000000000cea       0x34 /usr/local/gcc-arm-none-eabi-6-2017-q1-update/bin/../lib/gcc/arm-none-eabi/6.3.1/../../../../arm-none-eabi/lib/thumb/v7e-m/fpv4-sp/hard/libm.a(lib_a-s_nan.o)
 .ARM.attributes
                0x0000000000000d1e       0x34 /usr/local/gcc-arm-none-eabi-6-2017-q1-update/bin/../lib/gcc/arm-none-eabi/6.3.1/../../../../arm-none-eabi/lib/thumb/v7e-m/fpv4-sp/hard/libm.a(lib_a-s_rint.o)
 .ARM.attributes
                0x0000000000000d52       0x34 /usr/local/gcc-arm-none-eabi-6-2017-q1-update/bin/../lib/gcc/arm-none-eabi/6.3.1/../../../../arm-none-eabi/lib/thumb/v7e-m/fpv4-sp/hard/libm.a(lib_a-s_scalbn.o)
 .ARM.attributes
                0x0000000000000d86       0x34 /usr/local/gcc-arm-none-eabi-6-2017-q1-update/bin/../lib/gcc/arm-none-eabi/6.3.1/../../../../arm-none-eabi/lib/thumb/v7e-m/fpv4-sp/hard/libm.a(lib_a-s_copysign.o)
 .ARM.attributes
                0x0000000000000dba       0x22 /usr/local/gcc-arm-none-eabi-6-2017-q1-update/bin/../lib/gcc/arm-none-eabi/6.3.1/thumb/v7e-m/fpv4-sp/hard/libgcc.a(_arm_addsubdf3.o)
 .ARM.attributes
                0x0000000000000ddc       0x22 /usr/local/gcc-arm-none-eabi-6-2017-q1-update/bin/../lib/gcc/arm-none-eabi/6.3.1/thumb/v7e-m/fpv4-sp/hard/libgcc.a(_arm_muldivdf3.o)
 .ARM.attributes
                0x0000000000000dfe       0x22 /usr/local/gcc-arm-none-eabi-6-2017-q1-update/bin/../lib/gcc/arm-none-eabi/6.3.1/thumb/v7e-m/fpv4-sp/hard/libgcc.a(_arm_cmpdf2.o)
 .ARM.attributes
                0x0000000000000e20       0x22 /usr/local/gcc-arm-none-eabi-6-2017-q1-update/bin/../lib/gcc/arm-none-eabi/6.3.1/thumb/v7e-m/fpv4-sp/hard/libgcc.a(_arm_unorddf2.o)
 .ARM.attributes
                0x0000000000000e42       0x22 /usr/local/gcc-arm-none-eabi-6-2017-q1-update/bin/../lib/gcc/arm-none-eabi/6.3.1/thumb/v7e-m/fpv4-sp/hard/libgcc.a(_arm_truncdfsf2.o)
 .ARM.attributes
                0x0000000000000e64       0x34 /usr/local/gcc-arm-none-eabi-6-2017-q1-update/bin/../lib/gcc/arm-none-eabi/6.3.1/../../../../arm-none-eabi/lib/thumb/v7e-m/fpv4-sp/hard/libg_nano.a(lib_a-errno.o)
 .ARM.attributes
                0x0000000000000e98       0x34 /usr/local/gcc-arm-none-eabi-6-2017-q1-update/bin/../lib/gcc/arm-none-eabi/6.3.1/thumb/v7e-m/fpv4-sp/hard/crtend.o
 .ARM.attributes
                0x0000000000000ecc       0x22 /usr/local/gcc-arm-none-eabi-6-2017-q1-update/bin/../lib/gcc/arm-none-eabi/6.3.1/thumb/v7e-m/fpv4-sp/hard/crtn.o

.comment        0x0000000000000000       0x7f
 .comment       0x0000000000000000       0x7f _build/nrf52832_xxaa/nrf_log_backend_rtt.c.o
                                         0x80 (size before relaxing)
 .comment       0x000000000000007f       0x80 _build/nrf52832_xxaa/nrf_log_backend_serial.c.o
 .comment       0x000000000000007f       0x80 _build/nrf52832_xxaa/nrf_log_default_backends.c.o
 .comment       0x000000000000007f       0x80 _build/nrf52832_xxaa/nrf_log_frontend.c.o
 .comment       0x000000000000007f       0x80 _build/nrf52832_xxaa/nrf_log_str_formatter.c.o
 .comment       0x000000000000007f       0x80 _build/nrf52832_xxaa/app_error.c.o
 .comment       0x000000000000007f       0x80 _build/nrf52832_xxaa/app_error_weak.c.o
 .comment       0x000000000000007f       0x80 _build/nrf52832_xxaa/app_util_platform.c.o
 .comment       0x000000000000007f       0x80 _build/nrf52832_xxaa/nrf_atomic.c.o
 .comment       0x000000000000007f       0x80 _build/nrf52832_xxaa/nrf_balloc.c.o
 .comment       0x000000000000007f       0x80 _build/nrf52832_xxaa/nrf_fprintf.c.o
 .comment       0x000000000000007f       0x80 _build/nrf52832_xxaa/nrf_fprintf_format.c.o
 .comment       0x000000000000007f       0x80 _build/nrf52832_xxaa/nrf_memobj.c.o