Archive member included to satisfy reference by file (symbol)

/usr/local/gcc-arm-none-eabi-6-2017-q1-update/bin/../lib/gcc/arm-none-eabi/6.3.1/../../../../arm-none-eabi/lib/thumb/v7e-m/fpv4-sp/hard/libc_nano.a(lib_a-exit.o)
                              /usr/local/gcc-arm-none-eabi-6-2017-q1-update/bin/../lib/gcc/arm-none-eabi/6.3.1/../../../../arm-none-eabi/lib/thumb/v7e-m/fpv4-sp/hard/crt0.o (exit)
/usr/local/gcc-arm-none-eabi-6-2017-q1-update/bin/../lib/gcc/arm-none-eabi/6.3.1/../../../../arm-none-eabi/lib/thumb/v7e-m/fpv4-sp/hard/libc_nano.a(lib_a-impure.o)
                              /usr/local/gcc-arm-none-eabi-6-2017-q1-update/bin/../lib/gcc/arm-none-eabi/6.3.1/../../../../arm-none-eabi/lib/thumb/v7e-m/fpv4-sp/hard/libc_nano.a(lib_a-exit.o) (_global_impure_ptr)
/usr/local/gcc-arm-none-eabi-6-2017-q1-update/bin/../lib/gcc/arm-none-eabi/6.3.1/../../../../arm-none-eabi/lib/thumb/v7e-m/fpv4-sp/hard/libc_nano.a(lib_a-init.o)
                              /usr/local/gcc-arm-none-eabi-6-2017-q1-update/bin/../lib/gcc/arm-none-eabi/6.3.1/../../../../arm-none-eabi/lib/thumb/v7e-m/fpv4-sp/hard/crt0.o (__libc_init_array)
/usr/local/gcc-arm-none-eabi-6-2017-q1-update/bin/../lib/gcc/arm-none-eabi/6.3.1/../../../../arm-none-eabi/lib/thumb/v7e-m/fpv4-sp/hard/libc_nano.a(lib_a-locale.o)
                              _build/nrf52832_xxaa/nrf_log_str_formatter.c.o (__locale_ctype_ptr)
/usr/local/gcc-arm-none-eabi-6-2017-q1-update/bin/../lib/gcc/arm-none-eabi/6.3.1/../../../../arm-none-eabi/lib/thumb/v7e-m/fpv4-sp/hard/libc_nano.a(lib_a-mbtowc_r.o)
                              /usr/local/gcc-arm-none-eabi-6-2017-q1-update/bin/../lib/gcc/arm-none-eabi/6.3.1/../../../../arm-none-eabi/lib/thumb/v7e-m/fpv4-sp/hard/libc_nano.a(lib_a-locale.o) (__ascii_mbtowc)
/usr/local/gcc-arm-none-eabi-6-2017-q1-update/bin/../lib/gcc/arm-none-eabi/6.3.1/../../../../arm-none-eabi/lib/thumb/v7e-m/fpv4-sp/hard/libc_nano.a(lib_a-memcpy-stub.o)
                              _build/nrf52832_xxaa/nrf_log_frontend.c.o (memcpy)
/usr/local/gcc-arm-none-eabi-6-2017-q1-update/bin/../lib/gcc/arm-none-eabi/6.3.1/../../../../arm-none-eabi/lib/thumb/v7e-m/fpv4-sp/hard/libc_nano.a(lib_a-memset.o)
                              /usr/local/gcc-arm-none-eabi-6-2017-q1-update/bin/../lib/gcc/arm-none-eabi/6.3.1/../../../../arm-none-eabi/lib/thumb/v7e-m/fpv4-sp/hard/crt0.o (memset)
/usr/local/gcc-arm-none-eabi-6-2017-q1-update/bin/../lib/gcc/arm-none-eabi/6.3.1/../../../../arm-none-eabi/lib/thumb/v7e-m/fpv4-sp/hard/libc_nano.a(lib_a-strcmp.o)
                              /usr/local/gcc-arm-none-eabi-6-2017-q1-update/bin/../lib/gcc/arm-none-eabi/6.3.1/../../../../arm-none-eabi/lib/thumb/v7e-m/fpv4-sp/hard/libc_nano.a(lib_a-locale.o) (strcmp)
/usr/local/gcc-arm-none-eabi-6-2017-q1-update/bin/../lib/gcc/arm-none-eabi/6.3.1/../../../../arm-none-eabi/lib/thumb/v7e-m/fpv4-sp/hard/libc_nano.a(lib_a-strcpy.o)
                              _build/nrf52832_xxaa/SEGGER_RTT.c.o (strcpy)
/usr/local/gcc-arm-none-eabi-6-2017-q1-update/bin/../lib/gcc/arm-none-eabi/6.3.1/../../../../arm-none-eabi/lib/thumb/v7e-m/fpv4-sp/hard/libc_nano.a(lib_a-strlen.o)
                              _build/nrf52832_xxaa/nrf_log_frontend.c.o (strlen)
/usr/local/gcc-arm-none-eabi-6-2017-q1-update/bin/../lib/gcc/arm-none-eabi/6.3.1/../../../../arm-none-eabi/lib/thumb/v7e-m/fpv4-sp/hard/libc_nano.a(lib_a-wctomb_r.o)
                              /usr/local/gcc-arm-none-eabi-6-2017-q1-update/bin/../lib/gcc/arm-none-eabi/6.3.1/../../../../arm-none-eabi/lib/thumb/v7e-m/fpv4-sp/hard/libc_nano.a(lib_a-locale.o) (__ascii_wctomb)
/usr/local/gcc-arm-none-eabi-6-2017-q1-update/bin/../lib/gcc/arm-none-eabi/6.3.1/../../../../arm-none-eabi/lib/thumb/v7e-m/fpv4-sp/hard/libc_nano.a(lib_a-ctype_.o)
                              /usr/local/gcc-arm-none-eabi-6-2017-q1-update/bin/../lib/gcc/arm-none-eabi/6.3.1/../../../../arm-none-eabi/lib/thumb/v7e-m/fpv4-sp/hard/libc_nano.a(lib_a-locale.o) (_ctype_)
/usr/local/gcc-arm-none-eabi-6-2017-q1-update/bin/../lib/gcc/arm-none-eabi/6.3.1/../../../../arm-none-eabi/lib/thumb/v7e-m/fpv4-sp/hard/libnosys.a(_exit.o)
                              /usr/local/gcc-arm-none-eabi-6-2017-q1-update/bin/../lib/gcc/arm-none-eabi/6.3.1/../../../../arm-none-eabi/lib/thumb/v7e-m/fpv4-sp/hard/libc_nano.a(lib_a-exit.o) (_exit)
/usr/local/gcc-arm-none-eabi-6-2017-q1-update/bin/../lib/gcc/arm-none-eabi/6.3.1/../../../../arm-none-eabi/lib/thumb/v7e-m/fpv4-sp/hard/libm.a(lib_a-w_asin.o)
                              _build/nrf52832_xxaa/mpu9250.c.o (asin)
/usr/local/gcc-arm-none-eabi-6-2017-q1-update/bin/../lib/gcc/arm-none-eabi/6.3.1/../../../../arm-none-eabi/lib/thumb/v7e-m/fpv4-sp/hard/libm.a(lib_a-w_atan2.o)
                              _build/nrf52832_xxaa/mpu9250.c.o (atan2)
/usr/local/gcc-arm-none-eabi-6-2017-q1-update/bin/../lib/gcc/arm-none-eabi/6.3.1/../../../../arm-none-eabi/lib/thumb/v7e-m/fpv4-sp/hard/libm.a(lib_a-w_pow.o)
[...]
Memory Configuration

Name             Origin             Length             Attributes
FLASH            0x0000000000000000 0x0000000000080000 xr
RAM              0x0000000020000000 0x0000000000010000 xrw
*default*        0x0000000000000000 0xffffffffffffffff

Linker script and memory map


.text           0x0000000000000000     0x80e4
 *(.isr_vector)
 .isr_vector    0x0000000000000000      0x200 _build/nrf52832_xxaa/gcc_startup_nrf52.S.o
                0x0000000000000000                __isr_vector
 *(.text*)
 .text          0x0000000000000200       0x6c /usr/local/gcc-arm-none-eabi-6-2017-q1-update/bin/../lib/gcc/arm-none-eabi/6.3.1/thumb/v7e-m/fpv4-sp/hard/crtbegin.o
 .text          0x000000000000026c       0x74 /usr/local/gcc-arm-none-eabi-6-2017-q1-update/bin/../lib/gcc/arm-none-eabi/6.3.1/../../../../arm-none-eabi/lib/thumb/v7e-m/fpv4-sp/hard/crt0.o
                0x000000000000026c                _mainCRTStartup
                0x000000000000026c                _start
 .text          0x00000000000002e0       0x3c _build/nrf52832_xxaa/gcc_startup_nrf52.S.o
                0x00000000000002e0                Reset_Handler
                0x0000000000000308                NMI_Handler
                0x000000000000030a                HardFault_Handler
                0x000000000000030c                MemoryManagement_Handler
                0x000000000000030e                BusFault_Handler
                0x0000000000000310                UsageFault_Handler
                0x0000000000000312                SVC_Handler
                0x0000000000000314                DebugMon_Handler
                0x0000000000000316                PendSV_Handler
                0x0000000000000318                SysTick_Handler
                0x000000000000031a                TIMER3_IRQHandler
                0x000000000000031a                FPU_IRQHandler
                0x000000000000031a                TIMER4_IRQHandler
                0x000000000000031a                I2S_IRQHandler
                0x000000000000031a                SWI4_EGU4_IRQHandler
                0x000000000000031a                TIMER0_IRQHandler
                0x000000000000031a                TIMER1_IRQHandler
                0x000000000000031a                PWM2_IRQHandler
                0x000000000000031a                ECB_IRQHandler
                0x000000000000031a                SPIM1_SPIS1_TWIM1_TWIS1_SPI1_TWI1_IRQHandler
                0x000000000000031a                Default_Handler
                0x000000000000031a                SAADC_IRQHandler
                0x000000000000031a                CCM_AAR_IRQHandler
                0x000000000000031a                WDT_IRQHandler
                0x000000000000031a                SWI5_EGU5_IRQHandler
                0x000000000000031a                RNG_IRQHandler
                0x000000000000031a                PWM0_IRQHandler
                0x000000000000031a                SWI3_EGU3_IRQHandler
                0x000000000000031a                RTC1_IRQHandler
                0x000000000000031a                SWI1_EGU1_IRQHandler
                0x000000000000031a                SPIM2_SPIS2_SPI2_IRQHandler
                0x000000000000031a                NFCT_IRQHandler
                0x000000000000031a                MWU_IRQHandler
                0x000000000000031a                TIMER2_IRQHandler
                0x000000000000031a                COMP_LPCOMP_IRQHandler
                0x000000000000031a                RTC0_IRQHandler
                0x000000000000031a                SWI0_EGU0_IRQHandler
                0x000000000000031a                SWI2_EGU2_IRQHandler
                0x000000000000031a                GPIOTE_IRQHandler
                0x000000000000031a                PWM1_IRQHandler
                0x000000000000031a                RADIO_IRQHandler
                0x000000000000031a                PDM_IRQHandler
                0x000000000000031a                TEMP_IRQHandler
                0x000000000000031a                QDEC_IRQHandler
 .text.nrf_log_backend_rtt_panic_set
                0x000000000000031c        0x4 _build/nrf52832_xxaa/nrf_log_backend_rtt.c.o
 .text.nrf_log_backend_rtt_put
                0x0000000000000320       0x20 _build/nrf52832_xxaa/nrf_log_backend_rtt.c.o
 .text.serial_tx
                0x0000000000000340       0x54 _build/nrf52832_xxaa/nrf_log_backend_rtt.c.o
 .text.nrf_log_backend_rtt_flush
                0x0000000000000394        0x4 _build/nrf52832_xxaa/nrf_log_backend_rtt.c.o
 .text.nrf_log_backend_rtt_init
                0x0000000000000398        0x4 _build/nrf52832_xxaa/nrf_log_backend_rtt.c.o
                0x0000000000000398                nrf_log_backend_rtt_init
 .text.nrf_log_backend_serial_put
                0x000000000000039c       0xcc _build/nrf52832_xxaa/nrf_log_backend_serial.c.o
                0x000000000000039c                nrf_log_backend_serial_put
 .text.uart_evt_handler
                0x0000000000000468        0xc _build/nrf52832_xxaa/nrf_log_backend_uart.c.o
 .text.nrf_log_backend_uart_flush
                0x0000000000000474        0x4 _build/nrf52832_xxaa/nrf_log_backend_uart.c.o
 .text.nrf_log_backend_uart_put
                0x0000000000000478       0x20 _build/nrf52832_xxaa/nrf_log_backend_uart.c.o
 .text.serial_tx
                0x0000000000000498       0x4c _build/nrf52832_xxaa/nrf_log_backend_uart.c.o
 .text.nrf_log_backend_uart_panic_set
                0x00000000000004e4       0x60 _build/nrf52832_xxaa/nrf_log_backend_uart.c.o
 .text.nrf_log_backend_uart_init
                0x0000000000000544       0x48 _build/nrf52832_xxaa/nrf_log_backend_uart.c.o
                0x0000000000000544                nrf_log_backend_uart_init
 .text.nrf_log_default_backends_init
                0x000000000000058c       0x38 _build/nrf52832_xxaa/nrf_log_default_backends.c.o
                0x000000000000058c                nrf_log_default_backends_init
 .text.log_skip
                0x00000000000005c4       0xd8 _build/nrf52832_xxaa/nrf_log_frontend.c.o
 .text.nrf_log_init
                0x000000000000069c       0x3c _build/nrf52832_xxaa/nrf_log_frontend.c.o
                0x000000000000069c                nrf_log_init
 .text.nrf_log_module_name_get
                0x00000000000006d8       0x54 _build/nrf52832_xxaa/nrf_log_frontend.c.o
                0x00000000000006d8                nrf_log_module_name_get
 .text.nrf_log_color_id_get
                0x000000000000072c       0x2c _build/nrf52832_xxaa/nrf_log_frontend.c.o
                0x000000000000072c                nrf_log_color_id_get
 .text.nrf_log_frontend_dequeue
                0x0000000000000758      0x264 _build/nrf52832_xxaa/nrf_log_frontend.c.o
                0x0000000000000758                nrf_log_frontend_dequeue
 .text.nrf_log_frontend_std_0
                0x00000000000009bc       0xe4 _build/nrf52832_xxaa/nrf_log_frontend.c.o
                0x00000000000009bc                nrf_log_frontend_std_0
 .text.nrf_log_frontend_std_1
                0x0000000000000aa0       0xe4 _build/nrf52832_xxaa/nrf_log_frontend.c.o
                0x0000000000000aa0                nrf_log_frontend_std_1
 .text.nrf_log_frontend_std_2
                0x0000000000000b84      0x100 _build/nrf52832_xxaa/nrf_log_frontend.c.o
                0x0000000000000b84                nrf_log_frontend_std_2
 .text.nrf_log_frontend_std_3
                0x0000000000000c84      0x10c _build/nrf52832_xxaa/nrf_log_frontend.c.o
                0x0000000000000c84                nrf_log_frontend_std_3
 .text.nrf_log_backend_add
                0x0000000000000d90       0x64 _build/nrf52832_xxaa/nrf_log_frontend.c.o
                0x0000000000000d90                nrf_log_backend_add
 .text.nrf_log_panic
                0x0000000000000df4       0x2c _build/nrf52832_xxaa/nrf_log_frontend.c.o
                0x0000000000000df4                nrf_log_panic
 .text.nrf_log_std_entry_process
                0x0000000000000e20      0x14c _build/nrf52832_xxaa/nrf_log_str_formatter.c.o
                0x0000000000000e20                nrf_log_std_entry_process
 .text.nrf_log_hexdump_entry_process
                0x0000000000000f6c      0x15c _build/nrf52832_xxaa/nrf_log_str_formatter.c.o
                0x0000000000000f6c                nrf_log_hexdump_entry_process
 .text.app_error_handler_bare
                0x00000000000010c8       0x20 _build/nrf52832_xxaa/app_error.c.o
                0x00000000000010c8                app_error_handler_bare
 .text.app_error_fault_handler
                0x00000000000010e8       0x70 _build/nrf52832_xxaa/app_error_weak.c.o
                0x00000000000010e8                app_error_fault_handler
 .text.app_util_critical_region_enter
                0x0000000000001158       0x10 _build/nrf52832_xxaa/app_util_platform.c.o
                0x0000000000001158                app_util_critical_region_enter
 .text.app_util_critical_region_exit
                0x0000000000001168       0x14 _build/nrf52832_xxaa/app_util_platform.c.o
                0x0000000000001168                app_util_critical_region_exit
 .text.nrf_atomic_u32_fetch_store
                0x000000000000117c       0x18 _build/nrf52832_xxaa/nrf_atomic.c.o
                0x000000000000117c                nrf_atomic_u32_fetch_store
 .text.nrf_atomic_u32_add
                0x0000000000001194       0x1c _build/nrf52832_xxaa/nrf_atomic.c.o
                0x0000000000001194                nrf_atomic_u32_add
 .text.nrf_atomic_u32_sub
                0x00000000000011b0       0x1c _build/nrf52832_xxaa/nrf_atomic.c.o
                0x00000000000011b0                nrf_atomic_u32_sub
 .text.nrf_atomic_flag_set
                0x00000000000011cc       0x1c _build/nrf52832_xxaa/nrf_atomic.c.o
                0x00000000000011cc                nrf_atomic_flag_set
 .text.nrf_atomic_flag_clear_fetch
                0x00000000000011e8       0x1c _build/nrf52832_xxaa/nrf_atomic.c.o
                0x00000000000011e8                nrf_atomic_flag_clear_fetch
 .text.nrf_balloc_init
                0x0000000000001204       0x38 _build/nrf52832_xxaa/nrf_balloc.c.o
                0x0000000000001204                nrf_balloc_init
 .text.nrf_balloc_alloc
                0x000000000000123c       0x4c _build/nrf52832_xxaa/nrf_balloc.c.o
                0x000000000000123c                nrf_balloc_alloc
 .text.nrf_balloc_free
                0x0000000000001288       0x2c _build/nrf52832_xxaa/nrf_balloc.c.o
                0x0000000000001288                nrf_balloc_free
 .text.nrf_fprintf_buffer_flush
                0x00000000000012b4       0x18 _build/nrf52832_xxaa/nrf_fprintf.c.o
                0x00000000000012b4                nrf_fprintf_buffer_flush
 .text.nrf_fprintf
                0x00000000000012cc       0x20 _build/nrf52832_xxaa/nrf_fprintf.c.o
                0x00000000000012cc                nrf_fprintf
 .text.unsigned_print
                0x00000000000012ec      0x120 _build/nrf52832_xxaa/nrf_fprintf_format.c.o
 .text.nrf_fprintf_fmt
                0x000000000000140c      0x504 _build/nrf52832_xxaa/nrf_fprintf_format.c.o
                0x000000000000140c                nrf_fprintf_fmt
 .text.nrf_memobj_pool_init
                0x0000000000001910        0x4 _build/nrf52832_xxaa/nrf_memobj.c.o
                0x0000000000001910                nrf_memobj_pool_init
 .text.nrf_memobj_alloc
                0x0000000000001914       0x90 _build/nrf52832_xxaa/nrf_memobj.c.o
                0x0000000000001914                nrf_memobj_alloc
 .text.nrf_memobj_get
                0x00000000000019a4        0x8 _build/nrf52832_xxaa/nrf_memobj.c.o
                0x00000000000019a4                nrf_memobj_get
 .text.nrf_memobj_put
                0x00000000000019ac       0x44 _build/nrf52832_xxaa/nrf_memobj.c.o
                0x00000000000019ac                nrf_memobj_put
 .text.nrf_memobj_write
                0x00000000000019f0       0x6c _build/nrf52832_xxaa/nrf_memobj.c.o
                0x00000000000019f0                nrf_memobj_write
 .text.nrf_memobj_read
                0x0000000000001a5c       0x6c _build/nrf52832_xxaa/nrf_memobj.c.o
                0x0000000000001a5c                nrf_memobj_read
 .text.nrf_ringbuf_init
                0x0000000000001ac8       0x1c _build/nrf52832_xxaa/nrf_ringbuf.c.o
                0x0000000000001ac8                nrf_ringbuf_init
 .text.uarte_evt_handler
                0x0000000000001ae4       0x34 _build/nrf52832_xxaa/nrf_drv_uart.c.o
 .text.uart_evt_handler
                0x0000000000001b18       0x34 _build/nrf52832_xxaa/nrf_drv_uart.c.o
 .text.nrf_drv_uart_init
                0x0000000000001b4c       0x80 _build/nrf52832_xxaa/nrf_drv_uart.c.o
                0x0000000000001b4c                nrf_drv_uart_init
 .text.UARTE0_UART0_IRQHandler
                0x0000000000001bcc        0xc _build/nrf52832_xxaa/nrfx_prs.c.o
                0x0000000000001bcc                UARTE0_UART0_IRQHandler
 .text.nrfx_prs_acquire
                0x0000000000001bd8       0x3c _build/nrf52832_xxaa/nrfx_prs.c.o
                0x0000000000001bd8                nrfx_prs_acquire
 .text.nrfx_prs_release
                0x0000000000001c14       0x18 _build/nrf52832_xxaa/nrfx_prs.c.o
                0x0000000000001c14                nrfx_prs_release
 .text.SPIM0_SPIS0_TWIM0_TWIS0_SPI0_TWI0_IRQHandler
                0x0000000000001c2c      0x17c _build/nrf52832_xxaa/nrfx_twim.c.o
                0x0000000000001c2c                SPIM0_SPIS0_TWIM0_TWIS0_SPI0_TWI0_IRQHandler
 .text.nrfx_twim_init
                0x0000000000001da8      0x108 _build/nrf52832_xxaa/nrfx_twim.c.o
                0x0000000000001da8                nrfx_twim_init
 .text.nrfx_twim_enable
                0x0000000000001eb0       0x20 _build/nrf52832_xxaa/nrfx_twim.c.o
                0x0000000000001eb0                nrfx_twim_enable
 .text.nrfx_twim_is_busy
                0x0000000000001ed0       0x14 _build/nrf52832_xxaa/nrfx_twim.c.o
                0x0000000000001ed0                nrfx_twim_is_busy
 .text.nrfx_twim_xfer
                0x0000000000001ee4      0x2b0 _build/nrf52832_xxaa/nrfx_twim.c.o
                0x0000000000001ee4                nrfx_twim_xfer
 .text.nrfx_uart_0_irq_handler
                0x0000000000002194      0x1c4 _build/nrf52832_xxaa/nrfx_uart.c.o
                0x0000000000002194                nrfx_uart_0_irq_handler
 .text.nrfx_uart_init
                0x0000000000002358      0x198 _build/nrf52832_xxaa/nrfx_uart.c.o
                0x0000000000002358                nrfx_uart_init
 .text.nrfx_uart_uninit
                0x00000000000024f0       0xcc _build/nrf52832_xxaa/nrfx_uart.c.o
                0x00000000000024f0                nrfx_uart_uninit
 .text.nrfx_uart_tx
                0x00000000000025bc       0xc8 _build/nrf52832_xxaa/nrfx_uart.c.o
                0x00000000000025bc                nrfx_uart_tx
 .text.nrfx_uarte_0_irq_handler
                0x0000000000002684      0x134 _build/nrf52832_xxaa/nrfx_uarte.c.o
                0x0000000000002684                nrfx_uarte_0_irq_handler
 .text.nrfx_uarte_init
                0x00000000000027b8      0x1d8 _build/nrf52832_xxaa/nrfx_uarte.c.o
                0x00000000000027b8                nrfx_uarte_init
 .text.nrfx_uarte_uninit
                0x0000000000002990       0xd0 _build/nrf52832_xxaa/nrfx_uarte.c.o
                0x0000000000002990                nrfx_uarte_uninit
 .text.nrfx_uarte_tx
                0x0000000000002a60       0x9c _build/nrf52832_xxaa/nrfx_uarte.c.o
                0x0000000000002a60                nrfx_uarte_tx
 .text.startup.main
                0x0000000000002afc       0xa0 _build/nrf52832_xxaa/main.c.o
                0x0000000000002afc                main
 .text.SEGGER_RTT_WriteNoLock
                0x0000000000002b9c      0x188 _build/nrf52832_xxaa/SEGGER_RTT.c.o
                0x0000000000002b9c                SEGGER_RTT_WriteNoLock
 .text.SEGGER_RTT_Init
                0x0000000000002d24       0x60 _build/nrf52832_xxaa/SEGGER_RTT.c.o
                0x0000000000002d24                SEGGER_RTT_Init
 .text.SystemInit
                0x0000000000002d84      0x3cc _build/nrf52832_xxaa/system_nrf52.c.o
                0x0000000000002d84                SystemInit
 .text.mpu_who_am_i
                0x0000000000003150       0x1c _build/nrf52832_xxaa/mpu9250.c.o
                0x0000000000003150                mpu_who_am_i
 .text.mpu_who_am_i_ak8963
                0x000000000000316c       0x1c _build/nrf52832_xxaa/mpu9250.c.o
                0x000000000000316c                mpu_who_am_i_ak8963
 .text.mpu_self_test
                0x0000000000003188      0x7fc _build/nrf52832_xxaa/mpu9250.c.o
                0x0000000000003188                mpu_self_test
 .text.mpu_calibrate
                0x0000000000003984      0x69c _build/nrf52832_xxaa/mpu9250.c.o
                0x0000000000003984                mpu_calibrate
 .text.mpu_init
                0x0000000000004020      0x120 _build/nrf52832_xxaa/mpu9250.c.o
                0x0000000000004020                mpu_init
 .text.mpu_init_ak8963
                0x0000000000004140      0x210 _build/nrf52832_xxaa/mpu9250.c.o
                0x0000000000004140                mpu_init_ak8963
 .text.mpu_new_data_poll
                0x0000000000004350       0x20 _build/nrf52832_xxaa/mpu9250.c.o
                0x0000000000004350                mpu_new_data_poll
 .text.mpu_read_mag_data
                0x0000000000004370      0x114 _build/nrf52832_xxaa/mpu9250.c.o
                0x0000000000004370                mpu_read_mag_data
 .text.mpu_read_new_data
                0x0000000000004484      0x13c _build/nrf52832_xxaa/mpu9250.c.o
                0x0000000000004484                mpu_read_new_data
 .text.mpu_calculate_orientation
                0x00000000000045c0      0x430 _build/nrf52832_xxaa/mpu9250.c.o
                0x00000000000045c0                mpu_calculate_orientation
 .text.twim_handler
                0x00000000000049f0       0x10 _build/nrf52832_xxaa/twim_mpu.c.o
 .text.twim_mpu_init
                0x0000000000004a00       0x34 _build/nrf52832_xxaa/twim_mpu.c.o
                0x0000000000004a00                twim_mpu_init
 .text.twim_mpu_write_register_byte
                0x0000000000004a34       0x58 _build/nrf52832_xxaa/twim_mpu.c.o
                0x0000000000004a34                twim_mpu_write_register_byte
 .text.twim_mpu_read_register
                0x0000000000004a8c       0x58 _build/nrf52832_xxaa/twim_mpu.c.o
                0x0000000000004a8c                twim_mpu_read_register
 .text.lfclk_handler
                0x0000000000004ae4        0x4 _build/nrf52832_xxaa/counter.c.o
 .text.rtc_handler
                0x0000000000004ae8        0x8 _build/nrf52832_xxaa/counter.c.o
 .text.counter_init
                0x0000000000004af0       0x60 _build/nrf52832_xxaa/counter.c.o
                0x0000000000004af0                counter_init
 .text.counter_start
                0x0000000000004b50       0x14 _build/nrf52832_xxaa/counter.c.o
                0x0000000000004b50                counter_start
 .text.counter_get
                0x0000000000004b64        0xc _build/nrf52832_xxaa/counter.c.o
                0x0000000000004b64                counter_get
 .text.mahony_quaternion_update
                0x0000000000004b70      0x418 _build/nrf52832_xxaa/quaternion_filters.c.o
                0x0000000000004b70                mahony_quaternion_update
 .text.get_q    0x0000000000004f88        0x8 _build/nrf52832_xxaa/quaternion_filters.c.o
                0x0000000000004f88                get_q
 .text.nrfx_rtc_init
                0x0000000000004f90       0x90 _build/nrf52832_xxaa/nrfx_rtc.c.o
                0x0000000000004f90                nrfx_rtc_init
 .text.nrfx_rtc_enable
                0x0000000000005020       0x18 _build/nrf52832_xxaa/nrfx_rtc.c.o
                0x0000000000005020                nrfx_rtc_enable
 .text.nrfx_rtc_tick_disable
                0x0000000000005038       0x10 _build/nrf52832_xxaa/nrfx_rtc.c.o
                0x0000000000005038                nrfx_rtc_tick_disable
 .text.RTC2_IRQHandler
                0x0000000000005048      0x138 _build/nrf52832_xxaa/nrfx_rtc.c.o
                0x0000000000005048                RTC2_IRQHandler
 .text.nrfx_clock_init
                0x0000000000005180       0x1c _build/nrf52832_xxaa/nrfx_clock.c.o
                0x0000000000005180                nrfx_clock_init
 .text.nrfx_clock_disable
                0x000000000000519c       0x18 _build/nrf52832_xxaa/nrfx_clock.c.o
                0x000000000000519c                nrfx_clock_disable
 .text.nrfx_clock_lfclk_start
                0x00000000000051b4       0x60 _build/nrf52832_xxaa/nrfx_clock.c.o
                0x00000000000051b4                nrfx_clock_lfclk_start
 .text.POWER_CLOCK_IRQHandler
                0x0000000000005214       0x60 _build/nrf52832_xxaa/nrfx_clock.c.o
                0x0000000000005214                POWER_CLOCK_IRQHandler
 .text.exit     0x0000000000005274       0x28 /usr/local/gcc-arm-none-eabi-6-2017-q1-update/bin/../lib/gcc/arm-none-eabi/6.3.1/../../../../arm-none-eabi/lib/thumb/v7e-m/fpv4-sp/hard/libc_nano.a(lib_a-exit.o)
                0x0000000000005274                exit
 .text.__libc_init_array
                0x000000000000529c       0x48 /usr/local/gcc-arm-none-eabi-6-2017-q1-update/bin/../lib/gcc/arm-none-eabi/6.3.1/../../../../arm-none-eabi/lib/thumb/v7e-m/fpv4-sp/hard/libc_nano.a(lib_a-init.o)
                0x000000000000529c                __libc_init_array
 .text.__locale_ctype_ptr
                0x00000000000052e4       0x1c /usr/local/gcc-arm-none-eabi-6-2017-q1-update/bin/../lib/gcc/arm-none-eabi/6.3.1/../../../../arm-none-eabi/lib/thumb/v7e-m/fpv4-sp/hard/libc_nano.a(lib_a-locale.o)
                0x00000000000052e4                __locale_ctype_ptr
 .text.__ascii_mbtowc
                0x0000000000005300       0x24 /usr/local/gcc-arm-none-eabi-6-2017-q1-update/bin/../lib/gcc/arm-none-eabi/6.3.1/../../../../arm-none-eabi/lib/thumb/v7e-m/fpv4-sp/hard/libc_nano.a(lib_a-mbtowc_r.o)
                0x0000000000005300                __ascii_mbtowc
 .text.memcpy   0x0000000000005324       0x16 /usr/local/gcc-arm-none-eabi-6-2017-q1-update/bin/../lib/gcc/arm-none-eabi/6.3.1/../../../../arm-none-eabi/lib/thumb/v7e-m/fpv4-sp/hard/libc_nano.a(lib_a-memcpy-stub.o)
                0x0000000000005324                memcpy
 .text.memset   0x000000000000533a       0x10 /usr/local/gcc-arm-none-eabi-6-2017-q1-update/bin/../lib/gcc/arm-none-eabi/6.3.1/../../../../arm-none-eabi/lib/thumb/v7e-m/fpv4-sp/hard/libc_nano.a(lib_a-memset.o)
                0x000000000000533a                memset
 .text.strcpy   0x000000000000534a       0x10 /usr/local/gcc-arm-none-eabi-6-2017-q1-update/bin/../lib/gcc/arm-none-eabi/6.3.1/../../../../arm-none-eabi/lib/thumb/v7e-m/fpv4-sp/hard/libc_nano.a(lib_a-strcpy.o)
                0x000000000000534a                strcpy
 .text          0x000000000000535a       0x10 /usr/local/gcc-arm-none-eabi-6-2017-q1-update/bin/../lib/gcc/arm-none-eabi/6.3.1/../../../../arm-none-eabi/lib/thumb/v7e-m/fpv4-sp/hard/libc_nano.a(lib_a-strlen.o)
                0x000000000000535a                strlen
 .text.__ascii_wctomb
                0x000000000000536a       0x1a /usr/local/gcc-arm-none-eabi-6-2017-q1-update/bin/../lib/gcc/arm-none-eabi/6.3.1/../../../../arm-none-eabi/lib/thumb/v7e-m/fpv4-sp/hard/libc_nano.a(lib_a-wctomb_r.o)
                0x000000000000536a                __ascii_wctomb
 .text._exit    0x0000000000005384        0x4 /usr/local/gcc-arm-none-eabi-6-2017-q1-update/bin/../lib/gcc/arm-none-eabi/6.3.1/../../../../arm-none-eabi/lib/thumb/v7e-m/fpv4-sp/hard/libnosys.a(_exit.o)
                0x0000000000005384                _exit
 .text.asin     0x0000000000005388       0xbc /usr/local/gcc-arm-none-eabi-6-2017-q1-update/bin/../lib/gcc/arm-none-eabi/6.3.1/../../../../arm-none-eabi/lib/thumb/v7e-m/fpv4-sp/hard/libm.a(lib_a-w_asin.o)
                0x0000000000005388                asin
 .text.atan2    0x0000000000005444        0x4 /usr/local/gcc-arm-none-eabi-6-2017-q1-update/bin/../lib/gcc/arm-none-eabi/6.3.1/../../../../arm-none-eabi/lib/thumb/v7e-m/fpv4-sp/hard/libm.a(lib_a-w_atan2.o)
                0x0000000000005444                atan2
 .text.pow      0x0000000000005448      0x320 /usr/local/gcc-arm-none-eabi-6-2017-q1-update/bin/../lib/gcc/arm-none-eabi/6.3.1/../../../../arm-none-eabi/lib/thumb/v7e-m/fpv4-sp/hard/libm.a(lib_a-w_pow.o)
                0x0000000000005448                pow
 .text.sqrt     0x0000000000005768       0xb8 /usr/local/gcc-arm-none-eabi-6-2017-q1-update/bin/../lib/gcc/arm-none-eabi/6.3.1/../../../../arm-none-eabi/lib/thumb/v7e-m/fpv4-sp/hard/libm.a(lib_a-w_sqrt.o)
                0x0000000000005768                sqrt
 .text.__ieee754_asin
                0x0000000000005820      0x484 /usr/local/gcc-arm-none-eabi-6-2017-q1-update/bin/../lib/gcc/arm-none-eabi/6.3.1/../../../../arm-none-eabi/lib/thumb/v7e-m/fpv4-sp/hard/libm.a(lib_a-e_asin.o)
                0x0000000000005820                __ieee754_asin
 *fill*         0x0000000000005ca4        0x4 
 .text.__ieee754_atan2
                0x0000000000005ca8      0x1c4 /usr/local/gcc-arm-none-eabi-6-2017-q1-update/bin/../lib/gcc/arm-none-eabi/6.3.1/../../../../arm-none-eabi/lib/thumb/v7e-m/fpv4-sp/hard/libm.a(lib_a-e_atan2.o)
                0x0000000000005ca8                __ieee754_atan2
 *fill*         0x0000000000005e6c        0x4 
 .text.__ieee754_pow
                0x0000000000005e70      0xae0 /usr/local/gcc-arm-none-eabi-6-2017-q1-update/bin/../lib/gcc/arm-none-eabi/6.3.1/../../../../arm-none-eabi/lib/thumb/v7e-m/fpv4-sp/hard/libm.a(lib_a-e_pow.o)
                0x0000000000005e70                __ieee754_pow
 .text.__ieee754_sqrt
                0x0000000000006950      0x198 /usr/local/gcc-arm-none-eabi-6-2017-q1-update/bin/../lib/gcc/arm-none-eabi/6.3.1/../../../../arm-none-eabi/lib/thumb/v7e-m/fpv4-sp/hard/libm.a(lib_a-e_sqrt.o)
                0x0000000000006950                __ieee754_sqrt
 .text.atan     0x0000000000006ae8      0x368 /usr/local/gcc-arm-none-eabi-6-2017-q1-update/bin/../lib/gcc/arm-none-eabi/6.3.1/../../../../arm-none-eabi/lib/thumb/v7e-m/fpv4-sp/hard/libm.a(lib_a-s_atan.o)
                0x0000000000006ae8                atan
 .text.fabs     0x0000000000006e50       0x10 /usr/local/gcc-arm-none-eabi-6-2017-q1-update/bin/../lib/gcc/arm-none-eabi/6.3.1/../../../../arm-none-eabi/lib/thumb/v7e-m/fpv4-sp/hard/libm.a(lib_a-s_fabs.o)
                0x0000000000006e50                fabs
 .text.finite   0x0000000000006e60       0x10 /usr/local/gcc-arm-none-eabi-6-2017-q1-update/bin/../lib/gcc/arm-none-eabi/6.3.1/../../../../arm-none-eabi/lib/thumb/v7e-m/fpv4-sp/hard/libm.a(lib_a-s_finite.o)
                0x0000000000006e60                finite
 .text.matherr  0x0000000000006e70        0x4 /usr/local/gcc-arm-none-eabi-6-2017-q1-update/bin/../lib/gcc/arm-none-eabi/6.3.1/../../../../arm-none-eabi/lib/thumb/v7e-m/fpv4-sp/hard/libm.a(lib_a-s_matherr.o)
                0x0000000000006e70                matherr
 *fill*         0x0000000000006e74        0x4 
 .text.nan      0x0000000000006e78       0x10 /usr/local/gcc-arm-none-eabi-6-2017-q1-update/bin/../lib/gcc/arm-none-eabi/6.3.1/../../../../arm-none-eabi/lib/thumb/v7e-m/fpv4-sp/hard/libm.a(lib_a-s_nan.o)
                0x0000000000006e78                nan
 .text.rint     0x0000000000006e88      0x124 /usr/local/gcc-arm-none-eabi-6-2017-q1-update/bin/../lib/gcc/arm-none-eabi/6.3.1/../../../../arm-none-eabi/lib/thumb/v7e-m/fpv4-sp/hard/libm.a(lib_a-s_rint.o)
                0x0000000000006e88                rint
 *fill*         0x0000000000006fac        0x4 
 .text.scalbn   0x0000000000006fb0      0x10c /usr/local/gcc-arm-none-eabi-6-2017-q1-update/bin/../lib/gcc/arm-none-eabi/6.3.1/../../../../arm-none-eabi/lib/thumb/v7e-m/fpv4-sp/hard/libm.a(lib_a-s_scalbn.o)
                0x0000000000006fb0                scalbn
 .text.copysign
                0x00000000000070bc       0x1c /usr/local/gcc-arm-none-eabi-6-2017-q1-update/bin/../lib/gcc/arm-none-eabi/6.3.1/../../../../arm-none-eabi/lib/thumb/v7e-m/fpv4-sp/hard/libm.a(lib_a-s_copysign.o)
                0x00000000000070bc                copysign
 .text          0x00000000000070d8      0x370 /usr/local/gcc-arm-none-eabi-6-2017-q1-update/bin/../lib/gcc/arm-none-eabi/6.3.1/thumb/v7e-m/fpv4-sp/hard/libgcc.a(_arm_addsubdf3.o)
                0x00000000000070d8                __aeabi_drsub
                0x00000000000070e0                __subdf3
                0x00000000000070e0                __aeabi_dsub
                0x00000000000070e4                __aeabi_dadd
                0x00000000000070e4                __adddf3
                0x000000000000735c                __aeabi_ui2d
                0x000000000000735c                __floatunsidf
                0x000000000000737c                __floatsidf
                0x000000000000737c                __aeabi_i2d
                0x00000000000073a0                __extendsfdf2
                0x00000000000073a0                __aeabi_f2d
                0x00000000000073dc                __aeabi_ul2d
                0x00000000000073dc                __floatundidf
                0x00000000000073ec                __aeabi_l2d
                0x00000000000073ec                __floatdidf
 .text          0x0000000000007448      0x424 /usr/local/gcc-arm-none-eabi-6-2017-q1-update/bin/../lib/gcc/arm-none-eabi/6.3.1/thumb/v7e-m/fpv4-sp/hard/libgcc.a(_arm_muldivdf3.o)
                0x0000000000007448                __aeabi_dmul
                0x0000000000007448                __muldf3
                0x000000000000769c                __aeabi_ddiv
                0x000000000000769c                __divdf3
 .text          0x000000000000786c      0x110 /usr/local/gcc-arm-none-eabi-6-2017-q1-update/bin/../lib/gcc/arm-none-eabi/6.3.1/thumb/v7e-m/fpv4-sp/hard/libgcc.a(_arm_cmpdf2.o)
                0x000000000000786c                __gedf2
                0x000000000000786c                __gtdf2
                0x0000000000007874                __ledf2
                0x0000000000007874                __ltdf2
                0x000000000000787c                __cmpdf2
                0x000000000000787c                __eqdf2
                0x000000000000787c                __nedf2
                0x00000000000078f8                __aeabi_cdrcmple
                0x0000000000007908                __aeabi_cdcmple
                0x0000000000007908                __aeabi_cdcmpeq
                0x0000000000007918                __aeabi_dcmpeq
                0x000000000000792c                __aeabi_dcmplt
                0x0000000000007940                __aeabi_dcmple
                0x0000000000007954                __aeabi_dcmpge
                0x0000000000007968                __aeabi_dcmpgt
 .text          0x000000000000797c       0x2c /usr/local/gcc-arm-none-eabi-6-2017-q1-update/bin/../lib/gcc/arm-none-eabi/6.3.1/thumb/v7e-m/fpv4-sp/hard/libgcc.a(_arm_unorddf2.o)
                0x000000000000797c                __aeabi_dcmpun
                0x000000000000797c                __unorddf2
 .text          0x00000000000079a8       0xa0 /usr/local/gcc-arm-none-eabi-6-2017-q1-update/bin/../lib/gcc/arm-none-eabi/6.3.1/thumb/v7e-m/fpv4-sp/hard/libgcc.a(_arm_truncdfsf2.o)
                0x00000000000079a8                __aeabi_d2f
                0x00000000000079a8                __truncdfsf2
 .text.__errno  0x0000000000007a48        0xc /usr/local/gcc-arm-none-eabi-6-2017-q1-update/bin/../lib/gcc/arm-none-eabi/6.3.1/../../../../arm-none-eabi/lib/thumb/v7e-m/fpv4-sp/hard/libg_nano.a(lib_a-errno.o)
                0x0000000000007a48                __errno
 *(.init)
 .init          0x0000000000007a54        0x4 /usr/local/gcc-arm-none-eabi-6-2017-q1-update/bin/../lib/gcc/arm-none-eabi/6.3.1/thumb/v7e-m/fpv4-sp/hard/crti.o
                0x0000000000007a54                _init
 .init          0x0000000000007a58        0x8 /usr/local/gcc-arm-none-eabi-6-2017-q1-update/bin/../lib/gcc/arm-none-eabi/6.3.1/thumb/v7e-m/fpv4-sp/hard/crtn.o
 *(.fini)
 .fini          0x0000000000007a60        0x4 /usr/local/gcc-arm-none-eabi-6-2017-q1-update/bin/../lib/gcc/arm-none-eabi/6.3.1/thumb/v7e-m/fpv4-sp/hard/crti.o
                0x0000000000007a60                _fini
 .fini          0x0000000000007a64        0x8 /usr/local/gcc-arm-none-eabi-6-2017-q1-update/bin/../lib/gcc/arm-none-eabi/6.3.1/thumb/v7e-m/fpv4-sp/hard/crtn.o
 *crtbegin.o(.ctors)
 *crtbegin?.o(.ctors)
 *(EXCLUDE_FILE(*crtend.o *crtend?.o) .ctors)
 *(SORT(.ctors.*))
 *(.ctors)
 *crtbegin.o(.dtors)
 *crtbegin?.o(.dtors)
 *(EXCLUDE_FILE(*crtend.o *crtend?.o) .dtors)
 *(SORT(.dtors.*))
 *(.dtors)
 *(.rodata*)
 *fill*         0x0000000000007a6c        0x4 
 .rodata.delay_bytecode.8437
                0x0000000000007a70        0x6 _build/nrf52832_xxaa/nrf_log_backend_rtt.c.o
 *fill*         0x0000000000007a76        0x2 
 .rodata.nrf_log_backend_rtt_api
                0x0000000000007a78        0xc _build/nrf52832_xxaa/nrf_log_backend_rtt.c.o
                0x0000000000007a78                nrf_log_backend_rtt_api
 .rodata        0x0000000000007a84       0x20 _build/nrf52832_xxaa/nrf_log_backend_uart.c.o
 .rodata.nrf_log_backend_uart_api
                0x0000000000007aa4        0xc _build/nrf52832_xxaa/nrf_log_backend_uart.c.o
                0x0000000000007aa4                nrf_log_backend_uart_api
 .rodata.str1.4
                0x0000000000007ab0       0x24 _build/nrf52832_xxaa/nrf_log_default_backends.c.o
 .rodata.m_log_push_ringbuf
                0x0000000000007ad4        0xc _build/nrf52832_xxaa/nrf_log_frontend.c.o
 .rodata.nrf_log_frontend_dequeue.str1.4
                0x0000000000007ae0       0x11 _build/nrf52832_xxaa/nrf_log_frontend.c.o
 *fill*         0x0000000000007af1        0x3 
 .rodata.str1.4
                0x0000000000007af4        0x4 _build/nrf52832_xxaa/nrf_log_frontend.c.o
 .rodata.m_colors
                0x0000000000007af8       0x24 _build/nrf52832_xxaa/nrf_log_str_formatter.c.o
 .rodata.nrf_log_hexdump_entry_process.str1.4
                0x0000000000007b1c       0x13 _build/nrf52832_xxaa/nrf_log_str_formatter.c.o
                                         0x16 (size before relaxing)
 *fill*         0x0000000000007b2f        0x1 
 .rodata.nrf_log_std_entry_process.str1.4
                0x0000000000007b30       0x3b _build/nrf52832_xxaa/nrf_log_str_formatter.c.o
 *fill*         0x0000000000007b6b        0x1 
 .rodata.severity_names
                0x0000000000007b6c       0x14 _build/nrf52832_xxaa/nrf_log_str_formatter.c.o
 .rodata.str1.4
                0x0000000000007b80       0x56 _build/nrf52832_xxaa/nrf_log_str_formatter.c.o
 *fill*         0x0000000000007bd6        0x2 
 .rodata.app_error_fault_handler.str1.4
                0x0000000000007bd8       0x19 _build/nrf52832_xxaa/app_error_weak.c.o
 *fill*         0x0000000000007bf1        0x3 
 .rodata._aV2C.7261
                0x0000000000007bf4       0x10 _build/nrf52832_xxaa/nrf_fprintf_format.c.o
 .rodata.str1.4
                0x0000000000007c04        0x4 _build/nrf52832_xxaa/nrfx_prs.c.o
 .rodata.str1.4
                0x0000000000007c08        0x5 _build/nrf52832_xxaa/nrfx_twim.c.o
 *fill*         0x0000000000007c0d        0x3 
 .rodata.str1.4
                0x0000000000007c10        0x5 _build/nrf52832_xxaa/nrfx_uart.c.o
 *fill*         0x0000000000007c15        0x3 
 .rodata.str1.4
                0x0000000000007c18        0x6 _build/nrf52832_xxaa/nrfx_uarte.c.o
 *fill*         0x0000000000007c1e        0x2 
 .rodata.main.str1.4
                0x0000000000007c20       0x7d _build/nrf52832_xxaa/main.c.o
 *fill*         0x0000000000007c9d        0x3 
 .rodata.SEGGER_RTT_ReadNoLock.str1.4
                0x0000000000007ca0       0x17 _build/nrf52832_xxaa/SEGGER_RTT.c.o
 *fill*         0x0000000000007cb7        0x9 
 .rodata.delay_bytecode.8264
                0x0000000000007cc0        0x6 _build/nrf52832_xxaa/mpu9250.c.o
 *fill*         0x0000000000007cc6        0x2 
 .rodata.mpu_calculate_orientation.str1.4
                0x0000000000007cc8       0x4d _build/nrf52832_xxaa/mpu9250.c.o
 *fill*         0x0000000000007d15        0x3 
 .rodata.mpu_calibrate.str1.4
                0x0000000000007d18       0xd6 _build/nrf52832_xxaa/mpu9250.c.o
 *fill*         0x0000000000007dee        0x2 
 .rodata.mpu_init_ak8963.str1.4
                0x0000000000007df0       0x1a _build/nrf52832_xxaa/mpu9250.c.o
 *fill*         0x0000000000007e0a        0x2 
 .rodata.mpu_self_test.str1.4
                0x0000000000007e0c      0x122 _build/nrf52832_xxaa/mpu9250.c.o
                                        0x126 (size before relaxing)
 *fill*         0x0000000000007f2e        0x2 
 .rodata        0x0000000000007f30       0x10 _build/nrf52832_xxaa/twim_mpu.c.o
 .rodata.m_twim
                0x0000000000007f40        0x8 _build/nrf52832_xxaa/twim_mpu.c.o
 .rodata        0x0000000000007f48        0x6 _build/nrf52832_xxaa/counter.c.o
 *fill*         0x0000000000007f4e        0x2 
 .rodata.m_rtc  0x0000000000007f50        0x8 _build/nrf52832_xxaa/counter.c.o
 .rodata.str1.4
                0x0000000000007f58        0x4 _build/nrf52832_xxaa/nrfx_rtc.c.o
 .rodata.str1.4
                0x0000000000007f5c        0x6 _build/nrf52832_xxaa/nrfx_clock.c.o
 *fill*         0x0000000000007f62        0x2 
 .rodata.str1.4
                0x0000000000007f64        0x6 _build/nrf52832_xxaa/nrf_drv_clock.c.o
 *fill*         0x0000000000007f6a        0x2 
 .rodata._global_impure_ptr
                0x0000000000007f6c        0x4 /usr/local/gcc-arm-none-eabi-6-2017-q1-update/bin/../lib/gcc/arm-none-eabi/6.3.1/../../../../arm-none-eabi/lib/thumb/v7e-m/fpv4-sp/hard/libc_nano.a(lib_a-impure.o)
                0x0000000000007f6c                _global_impure_ptr
 .rodata._setlocale_r.str1.1
                0x0000000000007f70        0x8 /usr/local/gcc-arm-none-eabi-6-2017-q1-update/bin/../lib/gcc/arm-none-eabi/6.3.1/../../../../arm-none-eabi/lib/thumb/v7e-m/fpv4-sp/hard/libc_nano.a(lib_a-locale.o)
                                          0x9 (size before relaxing)
 .rodata.str1.1
                0x0000000000007f78        0x2 /usr/local/gcc-arm-none-eabi-6-2017-q1-update/bin/../lib/gcc/arm-none-eabi/6.3.1/../../../../arm-none-eabi/lib/thumb/v7e-m/fpv4-sp/hard/libc_nano.a(lib_a-locale.o)
 .rodata._ctype_
                0x0000000000007f7a      0x101 /usr/local/gcc-arm-none-eabi-6-2017-q1-update/bin/../lib/gcc/arm-none-eabi/6.3.1/../../../../arm-none-eabi/lib/thumb/v7e-m/fpv4-sp/hard/libc_nano.a(lib_a-ctype_.o)
                0x0000000000007f7a                _ctype_
 *fill*         0x000000000000807b        0x1 
 .rodata.asin.str1.4
                0x000000000000807c        0x5 /usr/local/gcc-arm-none-eabi-6-2017-q1-update/bin/../lib/gcc/arm-none-eabi/6.3.1/../../../../arm-none-eabi/lib/thumb/v7e-m/fpv4-sp/hard/libm.a(lib_a-w_asin.o)
                                          0x9 (size before relaxing)
 *fill*         0x0000000000008081        0x3 
 .rodata.pow.str1.4
                0x0000000000008084        0x4 /usr/local/gcc-arm-none-eabi-6-2017-q1-update/bin/../lib/gcc/arm-none-eabi/6.3.1/../../../../arm-none-eabi/lib/thumb/v7e-m/fpv4-sp/hard/libm.a(lib_a-w_pow.o)
 .rodata.sqrt.str1.4
                0x0000000000008088        0x8 /usr/local/gcc-arm-none-eabi-6-2017-q1-update/bin/../lib/gcc/arm-none-eabi/6.3.1/../../../../arm-none-eabi/lib/thumb/v7e-m/fpv4-sp/hard/libm.a(lib_a-w_sqrt.o)
                                          0x5 (size before relaxing)
 .rodata.__ieee754_pow.str1.4
                0x0000000000008090        0x1 /usr/local/gcc-arm-none-eabi-6-2017-q1-update/bin/../lib/gcc/arm-none-eabi/6.3.1/../../../../arm-none-eabi/lib/thumb/v7e-m/fpv4-sp/hard/libm.a(lib_a-e_pow.o)
 .rodata.atanhi
                0x0000000000008090       0x20 /usr/local/gcc-arm-none-eabi-6-2017-q1-update/bin/../lib/gcc/arm-none-eabi/6.3.1/../../../../arm-none-eabi/lib/thumb/v7e-m/fpv4-sp/hard/libm.a(lib_a-s_atan.o)
 .rodata.atanlo
                0x00000000000080b0       0x20 /usr/local/gcc-arm-none-eabi-6-2017-q1-update/bin/../lib/gcc/arm-none-eabi/6.3.1/../../../../arm-none-eabi/lib/thumb/v7e-m/fpv4-sp/hard/libm.a(lib_a-s_atan.o)
 .rodata.TWO52  0x00000000000080d0       0x10 /usr/local/gcc-arm-none-eabi-6-2017-q1-update/bin/../lib/gcc/arm-none-eabi/6.3.1/../../../../arm-none-eabi/lib/thumb/v7e-m/fpv4-sp/hard/libm.a(lib_a-s_rint.o)
 *(.eh_frame*)
 .eh_frame      0x00000000000080e0        0x0 /usr/local/gcc-arm-none-eabi-6-2017-q1-update/bin/../lib/gcc/arm-none-eabi/6.3.1/thumb/v7e-m/fpv4-sp/hard/crtbegin.o
 .eh_frame      0x00000000000080e0        0x4 /usr/local/gcc-arm-none-eabi-6-2017-q1-update/bin/../lib/gcc/arm-none-eabi/6.3.1/thumb/v7e-m/fpv4-sp/hard/crtend.o

.glue_7         0x00000000000080e4        0x0
 .glue_7        0x00000000000080e4        0x0 linker stubs

.glue_7t        0x00000000000080e4        0x0
 .glue_7t       0x00000000000080e4        0x0 linker stubs

.vfp11_veneer   0x00000000000080e4        0x0
 .vfp11_veneer  0x00000000000080e4        0x0 linker stubs

.v4_bx          0x00000000000080e4        0x0
 .v4_bx         0x00000000000080e4        0x0 linker stubs

.iplt           0x00000000000080e4        0x0
 .iplt          0x00000000000080e4        0x0 /usr/local/gcc-arm-none-eabi-6-2017-q1-update/bin/../lib/gcc/arm-none-eabi/6.3.1/thumb/v7e-m/fpv4-sp/hard/crtbegin.o

.mem_section_dummy_rom

.log_const_data
                0x00000000000080e4       0x40
                0x00000000000080e4                PROVIDE (__start_log_const_data, .)
 *(SORT(.log_const_data*))
 .log_const_data_CLOCK
                0x00000000000080e4        0x8 _build/nrf52832_xxaa/nrfx_clock.c.o
                0x00000000000080e4                m_nrf_log_CLOCK_logs_data_const
 .log_const_data_PRS
                0x00000000000080ec        0x8 _build/nrf52832_xxaa/nrfx_prs.c.o
                0x00000000000080ec                m_nrf_log_PRS_logs_data_const
 .log_const_data_RTC
                0x00000000000080f4        0x8 _build/nrf52832_xxaa/nrfx_rtc.c.o
                0x00000000000080f4                m_nrf_log_RTC_logs_data_const
 .log_const_data_TWIM
                0x00000000000080fc        0x8 _build/nrf52832_xxaa/nrfx_twim.c.o
                0x00000000000080fc                m_nrf_log_TWIM_logs_data_const
 .log_const_data_UART
                0x0000000000008104        0x8 _build/nrf52832_xxaa/nrfx_uart.c.o
                0x0000000000008104                m_nrf_log_UART_logs_data_const
 .log_const_data_UARTE
                0x000000000000810c        0x8 _build/nrf52832_xxaa/nrfx_uarte.c.o
                0x000000000000810c                m_nrf_log_UARTE_logs_data_const
 .log_const_data_app
                0x0000000000008114        0x8 _build/nrf52832_xxaa/nrf_log_frontend.c.o
                0x0000000000008114                m_nrf_log_app_logs_data_const
 .log_const_data_clock
                0x000000000000811c        0x8 _build/nrf52832_xxaa/nrf_drv_clock.c.o
                0x000000000000811c                m_nrf_log_clock_logs_data_const
                0x0000000000008124                PROVIDE (__stop_log_const_data, .)

.log_backends   0x0000000000008124       0x20
                [!provide]                        PROVIDE (__start_log_backends, .)
 *(SORT(.log_backends*))
 .log_backends  0x0000000000008124       0x20 _build/nrf52832_xxaa/nrf_log_default_backends.c.o
                [!provide]                        PROVIDE (__stop_log_backends, .)

.nrf_balloc     0x0000000000008144       0x14
                [!provide]                        PROVIDE (__start_nrf_balloc, .)
 *(.nrf_balloc)
 .nrf_balloc    0x0000000000008144       0x14 _build/nrf52832_xxaa/nrf_log_frontend.c.o
                0x0000000000008144                log_mempool
                [!provide]                        PROVIDE (__stop_nrf_balloc, .)

.ARM.extab
 *(.ARM.extab* .gnu.linkonce.armextab.*)
                0x0000000000008158                __exidx_start = .

.ARM.exidx      0x0000000000008158        0x8
 *(.ARM.exidx* .gnu.linkonce.armexidx.*)
 .ARM.exidx     0x0000000000008158        0x8 /usr/local/gcc-arm-none-eabi-6-2017-q1-update/bin/../lib/gcc/arm-none-eabi/6.3.1/../../../../arm-none-eabi/lib/thumb/v7e-m/fpv4-sp/hard/crt0.o
                0x0000000000008160                __exidx_end = .
                0x0000000000008160                __etext = .

.rel.dyn        0x0000000000008160        0x0
 .rel.iplt      0x0000000000008160        0x0 /usr/local/gcc-arm-none-eabi-6-2017-q1-update/bin/../lib/gcc/arm-none-eabi/6.3.1/thumb/v7e-m/fpv4-sp/hard/crtbegin.o

.data           0x0000000020000000      0x218 load address 0x0000000000008160
                0x0000000020000000                __data_start__ = .
 *(vtable)
 *(.data*)
 .data.m_uart   0x0000000020000000       0x14 _build/nrf52832_xxaa/nrf_log_backend_uart.c.o
                0x0000000020000000                m_uart
 .data.log_backend_cb_rtt_log_backend
                0x0000000020000014        0x8 _build/nrf52832_xxaa/nrf_log_default_backends.c.o
 .data.log_backend_cb_uart_log_backend
                0x000000002000001c        0x8 _build/nrf52832_xxaa/nrf_log_default_backends.c.o
 .data.SystemCoreClock
                0x0000000020000024        0x4 _build/nrf52832_xxaa/system_nrf52.c.o
                0x0000000020000024                SystemCoreClock
 .data.q        0x0000000020000028       0x10 _build/nrf52832_xxaa/quaternion_filters.c.o
 .data._impure_ptr
                0x0000000020000038        0x4 /usr/local/gcc-arm-none-eabi-6-2017-q1-update/bin/../lib/gcc/arm-none-eabi/6.3.1/../../../../arm-none-eabi/lib/thumb/v7e-m/fpv4-sp/hard/libc_nano.a(lib_a-impure.o)
                0x0000000020000038                _impure_ptr
 .data.impure_data
                0x000000002000003c       0x60 /usr/local/gcc-arm-none-eabi-6-2017-q1-update/bin/../lib/gcc/arm-none-eabi/6.3.1/../../../../arm-none-eabi/lib/thumb/v7e-m/fpv4-sp/hard/libc_nano.a(lib_a-impure.o)
 .data.__global_locale
                0x000000002000009c      0x16c /usr/local/gcc-arm-none-eabi-6-2017-q1-update/bin/../lib/gcc/arm-none-eabi/6.3.1/../../../../arm-none-eabi/lib/thumb/v7e-m/fpv4-sp/hard/libc_nano.a(lib_a-locale.o)
                0x000000002000009c                __global_locale
 .data.__fdlib_version
                0x0000000020000208        0x1 /usr/local/gcc-arm-none-eabi-6-2017-q1-update/bin/../lib/gcc/arm-none-eabi/6.3.1/../../../../arm-none-eabi/lib/thumb/v7e-m/fpv4-sp/hard/libm.a(lib_a-s_lib_ver.o)
                0x0000000020000208                __fdlib_version
                0x000000002000020c                . = ALIGN (0x4)
 *fill*         0x0000000020000209        0x3 
                0x000000002000020c                PROVIDE (__preinit_array_start, .)
 *(.preinit_array)
                0x000000002000020c                PROVIDE (__preinit_array_end, .)
                0x000000002000020c                . = ALIGN (0x4)
                0x000000002000020c                PROVIDE (__init_array_start, .)
 *(SORT(.init_array.*))
 *(.init_array)
 .init_array    0x000000002000020c        0x4 /usr/local/gcc-arm-none-eabi-6-2017-q1-update/bin/../lib/gcc/arm-none-eabi/6.3.1/thumb/v7e-m/fpv4-sp/hard/crtbegin.o
                0x0000000020000210                PROVIDE (__init_array_end, .)
                0x0000000020000210                . = ALIGN (0x4)
                [!provide]                        PROVIDE (__fini_array_start, .)
 *(SORT(.fini_array.*))
 *(.fini_array)
 .fini_array    0x0000000020000210        0x4 /usr/local/gcc-arm-none-eabi-6-2017-q1-update/bin/../lib/gcc/arm-none-eabi/6.3.1/thumb/v7e-m/fpv4-sp/hard/crtbegin.o
                [!provide]                        PROVIDE (__fini_array_end, .)
 *(.jcr*)
 .jcr           0x0000000020000214        0x0 /usr/local/gcc-arm-none-eabi-6-2017-q1-update/bin/../lib/gcc/arm-none-eabi/6.3.1/thumb/v7e-m/fpv4-sp/hard/crtbegin.o
 .jcr           0x0000000020000214        0x4 /usr/local/gcc-arm-none-eabi-6-2017-q1-update/bin/../lib/gcc/arm-none-eabi/6.3.1/thumb/v7e-m/fpv4-sp/hard/crtend.o
                0x0000000020000218                . = ALIGN (0x4)
                0x0000000020000218                __data_end__ = .
LOAD /usr/local/gcc-arm-none-eabi-6-2017-q1-update/bin/../lib/gcc/arm-none-eabi/6.3.1/thumb/v7e-m/fpv4-sp/hard/crti.o
LOAD /usr/local/gcc-arm-none-eabi-6-2017-q1-update/bin/../lib/gcc/arm-none-eabi/6.3.1/thumb/v7e-m/fpv4-sp/hard/crtbegin.o
LOAD /usr/local/gcc-arm-none-eabi-6-2017-q1-update/bin/../lib/gcc/arm-none-eabi/6.3.1/../../../../arm-none-eabi/lib/thumb/v7e-m/fpv4-sp/hard/crt0.o
LOAD _build/nrf52832_xxaa/gcc_startup_nrf52.S.o
LOAD _build/nrf52832_xxaa/nrf_log_backend_rtt.c.o
LOAD _build/nrf52832_xxaa/nrf_log_backend_serial.c.o
LOAD _build/nrf52832_xxaa/nrf_log_backend_uart.c.o
LOAD _build/nrf52832_xxaa/nrf_log_default_backends.c.o
LOAD _build/nrf52832_xxaa/nrf_log_frontend.c.o
LOAD _build/nrf52832_xxaa/nrf_log_str_formatter.c.o
LOAD _build/nrf52832_xxaa/boards.c.o
LOAD _build/nrf52832_xxaa/app_error.c.o
LOAD _build/nrf52832_xxaa/app_error_handler_gcc.c.o
LOAD _build/nrf52832_xxaa/app_error_weak.c.o
LOAD _build/nrf52832_xxaa/app_util_platform.c.o
LOAD _build/nrf52832_xxaa/nrf_assert.c.o
LOAD _build/nrf52832_xxaa/nrf_atomic.c.o
LOAD _build/nrf52832_xxaa/nrf_balloc.c.o
LOAD _build/nrf52832_xxaa/nrf_fprintf.c.o
LOAD _build/nrf52832_xxaa/nrf_fprintf_format.c.o
LOAD _build/nrf52832_xxaa/nrf_memobj.c.o
LOAD _build/nrf52832_xxaa/nrf_ringbuf.c.o
LOAD _build/nrf52832_xxaa/nrf_strerror.c.o
LOAD _build/nrf52832_xxaa/nrf_drv_twi.c.o
LOAD _build/nrf52832_xxaa/nrf_drv_uart.c.o
LOAD _build/nrf52832_xxaa/nrfx_prs.c.o
LOAD _build/nrf52832_xxaa/nrfx_twi.c.o
LOAD _build/nrf52832_xxaa/nrfx_twim.c.o
LOAD _build/nrf52832_xxaa/nrfx_uart.c.o
LOAD _build/nrf52832_xxaa/nrfx_uarte.c.o
LOAD _build/nrf52832_xxaa/main.c.o
LOAD _build/nrf52832_xxaa/SEGGER_RTT.c.o
LOAD _build/nrf52832_xxaa/SEGGER_RTT_Syscalls_GCC.c.o
LOAD _build/nrf52832_xxaa/SEGGER_RTT_printf.c.o
LOAD _build/nrf52832_xxaa/system_nrf52.c.o
LOAD _build/nrf52832_xxaa/mpu9250.c.o
LOAD _build/nrf52832_xxaa/twim_mpu.c.o
LOAD _build/nrf52832_xxaa/counter.c.o
LOAD _build/nrf52832_xxaa/quaternion_filters.c.o
LOAD _build/nrf52832_xxaa/nrfx_rtc.c.o
LOAD _build/nrf52832_xxaa/nrfx_clock.c.o
LOAD _build/nrf52832_xxaa/nrfx_power_clock.c.o
LOAD _build/nrf52832_xxaa/nrf_drv_clock.c.o
LOAD /usr/local/gcc-arm-none-eabi-6-2017-q1-update/bin/../lib/gcc/arm-none-eabi/6.3.1/../../../../arm-none-eabi/lib/thumb/v7e-m/fpv4-sp/hard/libc_nano.a
LOAD /usr/local/gcc-arm-none-eabi-6-2017-q1-update/bin/../lib/gcc/arm-none-eabi/6.3.1/../../../../arm-none-eabi/lib/thumb/v7e-m/fpv4-sp/hard/libnosys.a
LOAD /usr/local/gcc-arm-none-eabi-6-2017-q1-update/bin/../lib/gcc/arm-none-eabi/6.3.1/../../../../arm-none-eabi/lib/thumb/v7e-m/fpv4-sp/hard/libm.a
START GROUP
LOAD /usr/local/gcc-arm-none-eabi-6-2017-q1-update/bin/../lib/gcc/arm-none-eabi/6.3.1/thumb/v7e-m/fpv4-sp/hard/libgcc.a
LOAD /usr/local/gcc-arm-none-eabi-6-2017-q1-update/bin/../lib/gcc/arm-none-eabi/6.3.1/../../../../arm-none-eabi/lib/thumb/v7e-m/fpv4-sp/hard/libg_nano.a
LOAD /usr/local/gcc-arm-none-eabi-6-2017-q1-update/bin/../lib/gcc/arm-none-eabi/6.3.1/../../../../arm-none-eabi/lib/thumb/v7e-m/fpv4-sp/hard/libc_nano.a
END GROUP
START GROUP
LOAD /usr/local/gcc-arm-none-eabi-6-2017-q1-update/bin/../lib/gcc/arm-none-eabi/6.3.1/thumb/v7e-m/fpv4-sp/hard/libgcc.a
LOAD /usr/local/gcc-arm-none-eabi-6-2017-q1-update/bin/../lib/gcc/arm-none-eabi/6.3.1/../../../../arm-none-eabi/lib/thumb/v7e-m/fpv4-sp/hard/libc_nano.a
END GROUP
LOAD /usr/local/gcc-arm-none-eabi-6-2017-q1-update/bin/../lib/gcc/arm-none-eabi/6.3.1/thumb/v7e-m/fpv4-sp/hard/crtend.o
LOAD /usr/local/gcc-arm-none-eabi-6-2017-q1-update/bin/../lib/gcc/arm-none-eabi/6.3.1/thumb/v7e-m/fpv4-sp/hard/crtn.o
START GROUP
LOAD /usr/local/gcc-arm-none-eabi-6-2017-q1-update/bin/../lib/gcc/arm-none-eabi/6.3.1/thumb/v7e-m/fpv4-sp/hard/libgcc.a
LOAD /usr/local/gcc-arm-none-eabi-6-2017-q1-update/bin/../lib/gcc/arm-none-eabi/6.3.1/../../../../arm-none-eabi/lib/thumb/v7e-m/fpv4-sp/hard/libc.a
LOAD /usr/local/gcc-arm-none-eabi-6-2017-q1-update/bin/../lib/gcc/arm-none-eabi/6.3.1/../../../../arm-none-eabi/lib/thumb/v7e-m/fpv4-sp/hard/libnosys.a
END GROUP

.igot.plt       0x0000000020000218        0x0 load address 0x0000000000008378
 .igot.plt      0x0000000020000218        0x0 /usr/local/gcc-arm-none-eabi-6-2017-q1-update/bin/../lib/gcc/arm-none-eabi/6.3.1/thumb/v7e-m/fpv4-sp/hard/crtbegin.o
                0x0000000020000218                . = ALIGN (0x4)

.mem_section_dummy_ram

.log_dynamic_data
                0x0000000020000218        0x0
                0x0000000020000218                PROVIDE (__start_log_dynamic_data, .)
 *(SORT(.log_dynamic_data*))
                [!provide]                        PROVIDE (__stop_log_dynamic_data, .)

.log_filter_data
                0x0000000020000218        0x0
                [!provide]                        PROVIDE (__start_log_filter_data, .)
 *(SORT(.log_filter_data*))
                [!provide]                        PROVIDE (__stop_log_filter_data, .)

.bss            0x0000000020000218      0xa24 load address 0x0000000000008378
                0x0000000020000218                . = ALIGN (0x4)
                0x0000000020000218                __bss_start__ = .
 *(.bss*)
 .bss           0x0000000020000218       0x1c /usr/local/gcc-arm-none-eabi-6-2017-q1-update/bin/../lib/gcc/arm-none-eabi/6.3.1/thumb/v7e-m/fpv4-sp/hard/crtbegin.o
 .bss.m_host_present
                0x0000000020000234        0x1 _build/nrf52832_xxaa/nrf_log_backend_rtt.c.o
 *fill*         0x0000000020000235        0x3 
 .bss.m_string_buff
                0x0000000020000238       0x40 _build/nrf52832_xxaa/nrf_log_backend_rtt.c.o
 .bss.m_async_mode
                0x0000000020000278        0x1 _build/nrf52832_xxaa/nrf_log_backend_uart.c.o
 *fill*         0x0000000020000279        0x3 
 .bss.m_string_buff
                0x000000002000027c       0x40 _build/nrf52832_xxaa/nrf_log_backend_uart.c.o
 .bss.m_xfer_done
                0x00000000200002bc        0x1 _build/nrf52832_xxaa/nrf_log_backend_uart.c.o
 *fill*         0x00000000200002bd        0x3 
 .bss.log_mempool_nrf_balloc_cb
                0x00000000200002c0        0x8 _build/nrf52832_xxaa/nrf_log_frontend.c.o
 .bss.log_mempool_nrf_balloc_pool_mem
                0x00000000200002c8       0xc0 _build/nrf52832_xxaa/nrf_log_frontend.c.o
 .bss.log_mempool_nrf_balloc_pool_stack
                0x0000000020000388        0x8 _build/nrf52832_xxaa/nrf_log_frontend.c.o
 .bss.m_log_data
                0x0000000020000390      0x424 _build/nrf52832_xxaa/nrf_log_frontend.c.o
 .bss.m_log_push_ringbuf_buf
                0x00000000200007b4       0x80 _build/nrf52832_xxaa/nrf_log_frontend.c.o
 .bss.m_log_push_ringbuf_cb
                0x0000000020000834       0x18 _build/nrf52832_xxaa/nrf_log_frontend.c.o
 .bss.m_in_critical_region
                0x000000002000084c        0x4 _build/nrf52832_xxaa/app_util_platform.c.o
 .bss.m_contexts
                0x0000000020000850        0x4 _build/nrf52832_xxaa/nrf_drv_uart.c.o
 .bss.m_handlers
                0x0000000020000854        0x4 _build/nrf52832_xxaa/nrf_drv_uart.c.o
 .bss.m_prs_box_4
                0x0000000020000858        0x8 _build/nrf52832_xxaa/nrfx_prs.c.o
 .bss.m_cb      0x0000000020000860       0x34 _build/nrf52832_xxaa/nrfx_twim.c.o
 .bss.m_cb      0x0000000020000894       0x2c _build/nrf52832_xxaa/nrfx_uart.c.o
 .bss.m_cb      0x00000000200008c0       0x24 _build/nrf52832_xxaa/nrfx_uarte.c.o
 .bss._acDownBuffer
                0x00000000200008e4       0x10 _build/nrf52832_xxaa/SEGGER_RTT.c.o
 .bss._acUpBuffer
                0x00000000200008f4      0x200 _build/nrf52832_xxaa/SEGGER_RTT.c.o
 .bss.m_accel_bias
                0x0000000020000af4        0xc _build/nrf52832_xxaa/mpu9250.c.o
 .bss.m_accel_data
                0x0000000020000b00       0x10 _build/nrf52832_xxaa/mpu9250.c.o
 .bss.m_accel_res
                0x0000000020000b10        0x4 _build/nrf52832_xxaa/mpu9250.c.o
 .bss.m_count_last
                0x0000000020000b14        0x4 _build/nrf52832_xxaa/mpu9250.c.o
 .bss.m_counter_freq
                0x0000000020000b18        0x2 _build/nrf52832_xxaa/mpu9250.c.o
 *fill*         0x0000000020000b1a        0x2 
 .bss.m_deltat  0x0000000020000b1c        0x4 _build/nrf52832_xxaa/mpu9250.c.o
 .bss.m_factory_mag_calibration
                0x0000000020000b20        0xc _build/nrf52832_xxaa/mpu9250.c.o
 .bss.m_first_mag_data_acq
                0x0000000020000b2c        0x1 _build/nrf52832_xxaa/mpu9250.c.o
 *fill*         0x0000000020000b2d        0x3 
 .bss.m_gyro_bias
                0x0000000020000b30        0xc _build/nrf52832_xxaa/mpu9250.c.o
 .bss.m_gyro_data
                0x0000000020000b3c       0x10 _build/nrf52832_xxaa/mpu9250.c.o
 .bss.m_gyro_res
                0x0000000020000b4c        0x4 _build/nrf52832_xxaa/mpu9250.c.o
 .bss.m_mag_bias
                0x0000000020000b50        0xc _build/nrf52832_xxaa/mpu9250.c.o
 .bss.m_mag_data
                0x0000000020000b5c       0x10 _build/nrf52832_xxaa/mpu9250.c.o
 .bss.m_mag_res
                0x0000000020000b6c        0x4 _build/nrf52832_xxaa/mpu9250.c.o
 .bss.m_mag_scale_factor
                0x0000000020000b70        0xc _build/nrf52832_xxaa/mpu9250.c.o
 .bss.m_mpu_result
                0x0000000020000b7c        0xc _build/nrf52832_xxaa/mpu9250.c.o
 .bss.m_samples_since_print
                0x0000000020000b88        0x4 _build/nrf52832_xxaa/mpu9250.c.o
 .bss.m_self_test
                0x0000000020000b8c       0x18 _build/nrf52832_xxaa/mpu9250.c.o
 .bss.m_time_since_print
                0x0000000020000ba4        0x4 _build/nrf52832_xxaa/mpu9250.c.o
 .bss.m_data_buffer
                0x0000000020000ba8        0x2 _build/nrf52832_xxaa/twim_mpu.c.o
 .bss.m_register_address
                0x0000000020000baa        0x1 _build/nrf52832_xxaa/twim_mpu.c.o
 .bss.m_twim_xfer_in_progress
                0x0000000020000bab        0x1 _build/nrf52832_xxaa/twim_mpu.c.o
 .bss.beta      0x0000000020000bac        0x4 _build/nrf52832_xxaa/quaternion_filters.c.o
 .bss.m_cb      0x0000000020000bb0        0x3 _build/nrf52832_xxaa/nrfx_rtc.c.o
 *fill*         0x0000000020000bb3        0x1 
 .bss.m_handlers
                0x0000000020000bb4        0x4 _build/nrf52832_xxaa/nrfx_rtc.c.o
 .bss.m_clock_cb
                0x0000000020000bb8        0x8 _build/nrf52832_xxaa/nrfx_clock.c.o
 *(COMMON)
 COMMON         0x0000000020000bc0        0x1 _build/nrf52832_xxaa/nrf_drv_uart.c.o
                0x0000000020000bc0                nrf_drv_uart_use_easy_dma
 *fill*         0x0000000020000bc1        0x3 
 COMMON         0x0000000020000bc4       0x78 _build/nrf52832_xxaa/SEGGER_RTT.c.o
                0x0000000020000bc4                _SEGGER_RTT
                0x0000000020000c3c                . = ALIGN (0x4)
                0x0000000020000c3c                __bss_end__ = .

.heap           0x0000000020000c40     0x2000
                0x0000000020000c40                __HeapBase = .
                0x0000000020000c40                __end__ = .
                [!provide]                        PROVIDE (end, .)
 *(.heap*)
 .heap          0x0000000020000c40     0x2000 _build/nrf52832_xxaa/gcc_startup_nrf52.S.o
                0x0000000020002c40                __HeapLimit = .

.stack_dummy    0x0000000020000c40     0x2000
 *(.stack*)
 .stack         0x0000000020000c40     0x2000 _build/nrf52832_xxaa/gcc_startup_nrf52.S.o
                0x0000000020010000                __StackTop = (ORIGIN (RAM) + LENGTH (RAM))
                0x000000002000e000                __StackLimit = (__StackTop - SIZEOF (.stack_dummy))
                0x0000000020010000                PROVIDE (__stack, __StackTop)
                0x0000000000000001                ASSERT ((__StackLimit >= __HeapLimit), region RAM overflowed with stack)
                0x0000000000000218                DataInitFlashUsed = (__bss_start__ - __data_start__)
                0x0000000000008160                CodeFlashUsed = (__etext - ORIGIN (FLASH))
                0x0000000000008378                TotalFlashUsed = (CodeFlashUsed + DataInitFlashUsed)
                0x0000000000000001                ASSERT ((TotalFlashUsed <= LENGTH (FLASH)), region FLASH overflowed with .data and user data)
OUTPUT(_build/nrf52832_xxaa.out elf32-littlearm)

.ARM.attributes
                0x0000000000000000       0x30
 .ARM.attributes
                0x0000000000000000       0x22 /usr/local/gcc-arm-none-eabi-6-2017-q1-update/bin/../lib/gcc/arm-none-eabi/6.3.1/thumb/v7e-m/fpv4-sp/hard/crti.o
 .ARM.attributes
                0x0000000000000022       0x34 /usr/local/gcc-arm-none-eabi-6-2017-q1-update/bin/../lib/gcc/arm-none-eabi/6.3.1/thumb/v7e-m/fpv4-sp/hard/crtbegin.o
 .ARM.attributes
                0x0000000000000056       0x20 /usr/local/gcc-arm-none-eabi-6-2017-q1-update/bin/../lib/gcc/arm-none-eabi/6.3.1/../../../../arm-none-eabi/lib/thumb/v7e-m/fpv4-sp/hard/crt0.o
 .ARM.attributes
                0x0000000000000076       0x20 _build/nrf52832_xxaa/gcc_startup_nrf52.S.o
 .ARM.attributes
                0x0000000000000096       0x39 _build/nrf52832_xxaa/nrf_log_backend_rtt.c.o
 .ARM.attributes
                0x00000000000000cf       0x39 _build/nrf52832_xxaa/nrf_log_backend_serial.c.o
 .ARM.attributes
                0x0000000000000108       0x39 _build/nrf52832_xxaa/nrf_log_backend_uart.c.o
 .ARM.attributes
                0x0000000000000141       0x39 _build/nrf52832_xxaa/nrf_log_default_backends.c.o
 .ARM.attributes
                0x000000000000017a       0x39 _build/nrf52832_xxaa/nrf_log_frontend.c.o
 .ARM.attributes
                0x00000000000001b3       0x39 _build/nrf52832_xxaa/nrf_log_str_formatter.c.o
 .ARM.attributes
                0x00000000000001ec       0x39 _build/nrf52832_xxaa/app_error.c.o
 .ARM.attributes
                0x0000000000000225       0x39 _build/nrf52832_xxaa/app_error_weak.c.o
 .ARM.attributes
                0x000000000000025e       0x39 _build/nrf52832_xxaa/app_util_platform.c.o
 .ARM.attributes
                0x0000000000000297       0x39 _build/nrf52832_xxaa/nrf_atomic.c.o
 .ARM.attributes
                0x00000000000002d0       0x39 _build/nrf52832_xxaa/nrf_balloc.c.o
 .ARM.attributes
                0x0000000000000309       0x39 _build/nrf52832_xxaa/nrf_fprintf.c.o
 .ARM.attributes
                0x0000000000000342       0x39 _build/nrf52832_xxaa/nrf_fprintf_format.c.o
 .ARM.attributes
                0x000000000000037b       0x39 _build/nrf52832_xxaa/nrf_memobj.c.o
 .ARM.attributes
                0x00000000000003b4       0x39 _build/nrf52832_xxaa/nrf_ringbuf.c.o
 .ARM.attributes
                0x00000000000003ed       0x39 _build/nrf52832_xxaa/nrf_drv_uart.c.o
 .ARM.attributes
                0x0000000000000426       0x39 _build/nrf52832_xxaa/nrfx_prs.c.o
 .ARM.attributes
                0x000000000000045f       0x39 _build/nrf52832_xxaa/nrfx_twim.c.o
 .ARM.attributes
                0x0000000000000498       0x39 _build/nrf52832_xxaa/nrfx_uart.c.o
 .ARM.attributes
                0x00000000000004d1       0x39 _build/nrf52832_xxaa/nrfx_uarte.c.o
 .ARM.attributes
                0x000000000000050a       0x39 _build/nrf52832_xxaa/main.c.o
 .ARM.attributes
                0x0000000000000543       0x39 _build/nrf52832_xxaa/SEGGER_RTT.c.o
 .ARM.attributes
                0x000000000000057c       0x39 _build/nrf52832_xxaa/system_nrf52.c.o
 .ARM.attributes
                0x00000000000005b5       0x39 _build/nrf52832_xxaa/mpu9250.c.o
 .ARM.attributes
                0x00000000000005ee       0x39 _build/nrf52832_xxaa/twim_mpu.c.o
 .ARM.attributes
                0x0000000000000627       0x39 _build/nrf52832_xxaa/counter.c.o
 .ARM.attributes
                0x0000000000000660       0x39 _build/nrf52832_xxaa/quaternion_filters.c.o
 .ARM.attributes
                0x0000000000000699       0x39 _build/nrf52832_xxaa/nrfx_rtc.c.o
 .ARM.attributes
                0x00000000000006d2       0x39 _build/nrf52832_xxaa/nrfx_clock.c.o
 .ARM.attributes
                0x000000000000070b       0x39 _build/nrf52832_xxaa/nrf_drv_clock.c.o
 .ARM.attributes
                0x0000000000000744       0x34 /usr/local/gcc-arm-none-eabi-6-2017-q1-update/bin/../lib/gcc/arm-none-eabi/6.3.1/../../../../arm-none-eabi/lib/thumb/v7e-m/fpv4-sp/hard/libc_nano.a(lib_a-exit.o)
 .ARM.attributes
                0x0000000000000778       0x34 /usr/local/gcc-arm-none-eabi-6-2017-q1-update/bin/../lib/gcc/arm-none-eabi/6.3.1/../../../../arm-none-eabi/lib/thumb/v7e-m/fpv4-sp/hard/libc_nano.a(lib_a-impure.o)
 .ARM.attributes
                0x00000000000007ac       0x34 /usr/local/gcc-arm-none-eabi-6-2017-q1-update/bin/../lib/gcc/arm-none-eabi/6.3.1/../../../../arm-none-eabi/lib/thumb/v7e-m/fpv4-sp/hard/libc_nano.a(lib_a-init.o)
 .ARM.attributes
                0x00000000000007e0       0x34 /usr/local/gcc-arm-none-eabi-6-2017-q1-update/bin/../lib/gcc/arm-none-eabi/6.3.1/../../../../arm-none-eabi/lib/thumb/v7e-m/fpv4-sp/hard/libc_nano.a(lib_a-locale.o)
 .ARM.attributes
                0x0000000000000814       0x34 /usr/local/gcc-arm-none-eabi-6-2017-q1-update/bin/../lib/gcc/arm-none-eabi/6.3.1/../../../../arm-none-eabi/lib/thumb/v7e-m/fpv4-sp/hard/libc_nano.a(lib_a-mbtowc_r.o)
 .ARM.attributes
                0x0000000000000848       0x34 /usr/local/gcc-arm-none-eabi-6-2017-q1-update/bin/../lib/gcc/arm-none-eabi/6.3.1/../../../../arm-none-eabi/lib/thumb/v7e-m/fpv4-sp/hard/libc_nano.a(lib_a-memcpy-stub.o)
 .ARM.attributes
                0x000000000000087c       0x34 /usr/local/gcc-arm-none-eabi-6-2017-q1-update/bin/../lib/gcc/arm-none-eabi/6.3.1/../../../../arm-none-eabi/lib/thumb/v7e-m/fpv4-sp/hard/libc_nano.a(lib_a-memset.o)
 .ARM.attributes
                0x00000000000008b0       0x34 /usr/local/gcc-arm-none-eabi-6-2017-q1-update/bin/../lib/gcc/arm-none-eabi/6.3.1/../../../../arm-none-eabi/lib/thumb/v7e-m/fpv4-sp/hard/libc_nano.a(lib_a-strcpy.o)
 .ARM.attributes
                0x00000000000008e4       0x1b /usr/local/gcc-arm-none-eabi-6-2017-q1-update/bin/../lib/gcc/arm-none-eabi/6.3.1/../../../../arm-none-eabi/lib/thumb/v7e-m/fpv4-sp/hard/libc_nano.a(lib_a-strlen.o)
 .ARM.attributes
                0x00000000000008ff       0x34 /usr/local/gcc-arm-none-eabi-6-2017-q1-update/bin/../lib/gcc/arm-none-eabi/6.3.1/../../../../arm-none-eabi/lib/thumb/v7e-m/fpv4-sp/hard/libc_nano.a(lib_a-wctomb_r.o)
 .ARM.attributes
                0x0000000000000933       0x34 /usr/local/gcc-arm-none-eabi-6-2017-q1-update/bin/../lib/gcc/arm-none-eabi/6.3.1/../../../../arm-none-eabi/lib/thumb/v7e-m/fpv4-sp/hard/libc_nano.a(lib_a-ctype_.o)
 .ARM.attributes
                0x0000000000000967       0x34 /usr/local/gcc-arm-none-eabi-6-2017-q1-update/bin/../lib/gcc/arm-none-eabi/6.3.1/../../../../arm-none-eabi/lib/thumb/v7e-m/fpv4-sp/hard/libnosys.a(_exit.o)
 .ARM.attributes
                0x000000000000099b       0x34 /usr/local/gcc-arm-none-eabi-6-2017-q1-update/bin/../lib/gcc/arm-none-eabi/6.3.1/../../../../arm-none-eabi/lib/thumb/v7e-m/fpv4-sp/hard/libm.a(lib_a-w_asin.o)
 .ARM.attributes
                0x00000000000009cf       0x34 /usr/local/gcc-arm-none-eabi-6-2017-q1-update/bin/../lib/gcc/arm-none-eabi/6.3.1/../../../../arm-none-eabi/lib/thumb/v7e-m/fpv4-sp/hard/libm.a(lib_a-w_atan2.o)
 .ARM.attributes
                0x0000000000000a03       0x34 /usr/local/gcc-arm-none-eabi-6-2017-q1-update/bin/../lib/gcc/arm-none-eabi/6.3.1/../../../../arm-none-eabi/lib/thumb/v7e-m/fpv4-sp/hard/libm.a(lib_a-w_pow.o)
 .ARM.attributes
                0x0000000000000a37       0x34 /usr/local/gcc-arm-none-eabi-6-2017-q1-update/bin/../lib/gcc/arm-none-eabi/6.3.1/../../../../arm-none-eabi/lib/thumb/v7e-m/fpv4-sp/hard/libm.a(lib_a-w_sqrt.o)
 .ARM.attributes
                0x0000000000000a6b       0x34 /usr/local/gcc-arm-none-eabi-6-2017-q1-update/bin/../lib/gcc/arm-none-eabi/6.3.1/../../../../arm-none-eabi/lib/thumb/v7e-m/fpv4-sp/hard/libm.a(lib_a-e_asin.o)
 .ARM.attributes
                0x0000000000000a9f       0x34 /usr/local/gcc-arm-none-eabi-6-2017-q1-update/bin/../lib/gcc/arm-none-eabi/6.3.1/../../../../arm-none-eabi/lib/thumb/v7e-m/fpv4-sp/hard/libm.a(lib_a-e_atan2.o)
 .ARM.attributes
                0x0000000000000ad3       0x34 /usr/local/gcc-arm-none-eabi-6-2017-q1-update/bin/../lib/gcc/arm-none-eabi/6.3.1/../../../../arm-none-eabi/lib/thumb/v7e-m/fpv4-sp/hard/libm.a(lib_a-e_pow.o)
 .ARM.attributes
                0x0000000000000b07       0x34 /usr/local/gcc-arm-none-eabi-6-2017-q1-update/bin/../lib/gcc/arm-none-eabi/6.3.1/../../../../arm-none-eabi/lib/thumb/v7e-m/fpv4-sp/hard/libm.a(lib_a-e_sqrt.o)
 .ARM.attributes
                0x0000000000000b3b       0x34 /usr/local/gcc-arm-none-eabi-6-2017-q1-update/bin/../lib/gcc/arm-none-eabi/6.3.1/../../../../arm-none-eabi/lib/thumb/v7e-m/fpv4-sp/hard/libm.a(lib_a-s_atan.o)
 .ARM.attributes
                0x0000000000000b6f       0x34 /usr/local/gcc-arm-none-eabi-6-2017-q1-update/bin/../lib/gcc/arm-none-eabi/6.3.1/../../../../arm-none-eabi/lib/thumb/v7e-m/fpv4-sp/hard/libm.a(lib_a-s_fabs.o)
 .ARM.attributes
                0x0000000000000ba3       0x34 /usr/local/gcc-arm-none-eabi-6-2017-q1-update/bin/../lib/gcc/arm-none-eabi/6.3.1/../../../../arm-none-eabi/lib/thumb/v7e-m/fpv4-sp/hard/libm.a(lib_a-s_finite.o)
 .ARM.attributes
                0x0000000000000bd7       0x34 /usr/local/gcc-arm-none-eabi-6-2017-q1-update/bin/../lib/gcc/arm-none-eabi/6.3.1/../../../../arm-none-eabi/lib/thumb/v7e-m/fpv4-sp/hard/libm.a(lib_a-s_lib_ver.o)
 .ARM.attributes
                0x0000000000000c0b       0x34 /usr/local/gcc-arm-none-eabi-6-2017-q1-update/bin/../lib/gcc/arm-none-eabi/6.3.1/../../../../arm-none-eabi/lib/thumb/v7e-m/fpv4-sp/hard/libm.a(lib_a-s_matherr.o)
 .ARM.attributes
                0x0000000000000c3f       0x34 /usr/local/gcc-arm-none-eabi-6-2017-q1-update/bin/../lib/gcc/arm-none-eabi/6.3.1/../../../../arm-none-eabi/lib/thumb/v7e-m/fpv4-sp/hard/libm.a(lib_a-s_nan.o)
 .ARM.attributes
                0x0000000000000c73       0x34 /usr/local/gcc-arm-none-eabi-6-2017-q1-update/bin/../lib/gcc/arm-none-eabi/6.3.1/../../../../arm-none-eabi/lib/thumb/v7e-m/fpv4-sp/hard/libm.a(lib_a-s_rint.o)
 .ARM.attributes
                0x0000000000000ca7       0x34 /usr/local/gcc-arm-none-eabi-6-2017-q1-update/bin/../lib/gcc/arm-none-eabi/6.3.1/../../../../arm-none-eabi/lib/thumb/v7e-m/fpv4-sp/hard/libm.a(lib_a-s_scalbn.o)
 .ARM.attributes
                0x0000000000000cdb       0x34 /usr/local/gcc-arm-none-eabi-6-2017-q1-update/bin/../lib/gcc/arm-none-eabi/6.3.1/../../../../arm-none-eabi/lib/thumb/v7e-m/fpv4-sp/hard/libm.a(lib_a-s_copysign.o)
 .ARM.attributes
                0x0000000000000d0f       0x22 /usr/local/gcc-arm-none-eabi-6-2017-q1-update/bin/../lib/gcc/arm-none-eabi/6.3.1/thumb/v7e-m/fpv4-sp/hard/libgcc.a(_arm_addsubdf3.o)
 .ARM.attributes
                0x0000000000000d31       0x22 /usr/local/gcc-arm-none-eabi-6-2017-q1-update/bin/../lib/gcc/arm-none-eabi/6.3.1/thumb/v7e-m/fpv4-sp/hard/libgcc.a(_arm_muldivdf3.o)
 .ARM.attributes
                0x0000000000000d53       0x22 /usr/local/gcc-arm-none-eabi-6-2017-q1-update/bin/../lib/gcc/arm-none-eabi/6.3.1/thumb/v7e-m/fpv4-sp/hard/libgcc.a(_arm_cmpdf2.o)
 .ARM.attributes
                0x0000000000000d75       0x22 /usr/local/gcc-arm-none-eabi-6-2017-q1-update/bin/../lib/gcc/arm-none-eabi/6.3.1/thumb/v7e-m/fpv4-sp/hard/libgcc.a(_arm_unorddf2.o)
 .ARM.attributes
                0x0000000000000d97       0x22 /usr/local/gcc-arm-none-eabi-6-2017-q1-update/bin/../lib/gcc/arm-none-eabi/6.3.1/thumb/v7e-m/fpv4-sp/hard/libgcc.a(_arm_truncdfsf2.o)
 .ARM.attributes
                0x0000000000000db9       0x34 /usr/local/gcc-arm-none-eabi-6-2017-q1-update/bin/../lib/gcc/arm-none-eabi/6.3.1/../../../../arm-none-eabi/lib/thumb/v7e-m/fpv4-sp/hard/libg_nano.a(lib_a-errno.o)
 .ARM.attributes
                0x0000000000000ded       0x34 /usr/local/gcc-arm-none-eabi-6-2017-q1-update/bin/../lib/gcc/arm-none-eabi/6.3.1/thumb/v7e-m/fpv4-sp/hard/crtend.o
 .ARM.attributes
                0x0000000000000e21       0x22 /usr/local/gcc-arm-none-eabi-6-2017-q1-update/bin/../lib/gcc/arm-none-eabi/6.3.1/thumb/v7e-m/fpv4-sp/hard/crtn.o

.comment        0x0000000000000000       0x7f
 .comment       0x0000000000000000       0x7f _build/nrf52832_xxaa/nrf_log_backend_rtt.c.o
                                         0x80 (size before relaxing)
 .comment       0x000000000000007f       0x80 _build/nrf52832_xxaa/nrf_log_backend_serial.c.o
 .comment       0x000000000000007f       0x80 _build/nrf52832_xxaa/nrf_log_backend_uart.c.o
 .comment       0x000000000000007f       0x80 _build/nrf52832_xxaa/nrf_log_default_backends.c.o
 .comment       0x000000000000007f       0x80 _build/nrf52832_xxaa/nrf_log_frontend.c.o
 .comment       0x000000000000007f       0x80 _build/nrf52832_xxaa/nrf_log_str_formatter.c.o
 .comment       0x000000000000007f       0x80 _build/nrf52832_xxaa/app_error.c.o
 .comment       0x000000000000007f       0x80 _build/nrf52832_xxaa/app_error_weak.c.o
 .comment       0x000000000000007f       0x80 _build/nrf52832_xxaa/app_util_platform.c.o
 .comment       0x000000000000007f       0x80 _build/nrf52832_xxaa/nrf_atomic.c.o
 .comment       0x000000000000007f       0x80 _build/nrf52832_xxaa/nrf_balloc.c.o
 .comment       0x000000000000007f       0x80 _build/nrf52832_xxaa/nrf_fprintf.c.o
 .comment       0x000000000000007f       0x80 _build/nrf52832_xxaa/nrf_fprintf_format.c.o
 .comment       0x000000000000007f       0x80 _build/nrf52832_xxaa/nrf_memobj.c.o
 .comment       0x000000000000007f       0x80 _build/nrf52832_xxaa/nrf_ringbuf.c.o
 .comment       0x000000000000007f       0x80 _build/nrf52832_xxaa/nrf_drv_uart.c.o
 .comment       0x000000000000007f       0x80 _build/nrf52832_xxaa/nrfx_prs.c.o
 .comment       0x000000000000007f       0x80 _build/nrf52832_xxaa/nrfx_twim.c.o
 .comment       0x000000000000007f       0x80 _build/nrf52832_xxaa/nrfx_uart.c.o
 .comment       0x000000000000007f       0x80 _build/nrf52832_xxaa/nrfx_uarte.c.o
 .comment       0x000000000000007f       0x80 _build/nrf52832_xxaa/main.c.o
 .comment       0x000000000000007f       0x80 _build/nrf52832_xxaa/SEGGER_RTT.c.o
 .comment       0x000000000000007f       0x80 _build/nrf52832_xxaa/system_nrf52.c.o
 .comment       0x000000000000007f       0x80 _build/nrf52832_xxaa/mpu9250.c.o
 .comment       0x000000000000007f       0x80 _build/nrf52832_xxaa/twim_mpu.c.o
 .comment       0x000000000000007f       0x80 _build/nrf52832_xxaa/counter.c.o
 .comment       0x000000000000007f       0x80 _build/nrf52832_xxaa/quaternion_filters.c.o
 .comment       0x000000000000007f       0x80 _build/nrf52832_xxaa/nrfx_rtc.c.o
 .comment       0x000000000000007f       0x80 _build/nrf52832_xxaa/nrfx_clock.c.o
 .comment       0x000000000000007f       0x80 _build/nrf52832_xxaa/nrf_drv_clock.c.o

.debug_line     0x0000000000000000    0x11a6f
 .debug_line    0x0000000000000000       0x86 _build/nrf52832_xxaa/gcc_startup_nrf52.S.o
 .debug_line    0x0000000000000086      0x9e2 _build/nrf52832_xxaa/nrf_log_backend_rtt.c.o
 .debug_line    0x0000000000000a68      0x7b2 _build/nrf52832_xxaa/nrf_log_backend_serial.c.o
 .debug_line    0x000000000000121a      0xa19 _build/nrf52832_xxaa/nrf_log_backend_uart.c.o
 .debug_line    0x0000000000001c33      0x74d _build/nrf52832_xxaa/nrf_log_default_backends.c.o
 .debug_line    0x0000000000002380      0xeb1 _build/nrf52832_xxaa/nrf_log_frontend.c.o
 .debug_line    0x0000000000003231      0x806 _build/nrf52832_xxaa/nrf_log_str_formatter.c.o
 .debug_line    0x0000000000003a37      0x4bf _build/nrf52832_xxaa/app_error.c.o
 .debug_line    0x0000000000003ef6      0x783 _build/nrf52832_xxaa/app_error_weak.c.o
 .debug_line    0x0000000000004679      0x54d _build/nrf52832_xxaa/app_util_platform.c.o
 .debug_line    0x0000000000004bc6      0x670 _build/nrf52832_xxaa/nrf_atomic.c.o
 .debug_line    0x0000000000005236      0x6fb _build/nrf52832_xxaa/nrf_balloc.c.o
 .debug_line    0x0000000000005931      0x508 _build/nrf52832_xxaa/nrf_fprintf.c.o
 .debug_line    0x0000000000005e39      0x71d _build/nrf52832_xxaa/nrf_fprintf_format.c.o
 .debug_line    0x0000000000006556      0x7de _build/nrf52832_xxaa/nrf_memobj.c.o
 .debug_line    0x0000000000006d34      0x681 _build/nrf52832_xxaa/nrf_ringbuf.c.o
 .debug_line    0x00000000000073b5      0x76c _build/nrf52832_xxaa/nrf_drv_uart.c.o
 .debug_line    0x0000000000007b21      0x865 _build/nrf52832_xxaa/nrfx_prs.c.o
 .debug_line    0x0000000000008386     0x10a4 _build/nrf52832_xxaa/nrfx_twim.c.o
 .debug_line    0x000000000000942a      0xf4f _build/nrf52832_xxaa/nrfx_uart.c.o
 .debug_line    0x000000000000a379      0xe70 _build/nrf52832_xxaa/nrfx_uarte.c.o
 .debug_line    0x000000000000b1e9      0x9ae _build/nrf52832_xxaa/main.c.o
 .debug_line    0x000000000000bb97     0x1131 _build/nrf52832_xxaa/SEGGER_RTT.c.o
 .debug_line    0x000000000000ccc8      0x451 _build/nrf52832_xxaa/system_nrf52.c.o
 .debug_line    0x000000000000d119     0x11bc _build/nrf52832_xxaa/mpu9250.c.o
 .debug_line    0x000000000000e2d5      0x96c _build/nrf52832_xxaa/twim_mpu.c.o
 .debug_line    0x000000000000ec41      0x7b9 _build/nrf52832_xxaa/counter.c.o
 .debug_line    0x000000000000f3fa      0x4b8 _build/nrf52832_xxaa/quaternion_filters.c.o
 .debug_line    0x000000000000f8b2      0xc97 _build/nrf52832_xxaa/nrfx_rtc.c.o
 .debug_line    0x0000000000010549      0xb12 _build/nrf52832_xxaa/nrfx_clock.c.o
 .debug_line    0x000000000001105b      0xa14 _build/nrf52832_xxaa/nrf_drv_clock.c.o

.debug_info     0x0000000000000000    0x2e9a5
 .debug_info    0x0000000000000000       0xd1 _build/nrf52832_xxaa/gcc_startup_nrf52.S.o
 .debug_info    0x00000000000000d1     0x1019 _build/nrf52832_xxaa/nrf_log_backend_rtt.c.o
 .debug_info    0x00000000000010ea     0x10c6 _build/nrf52832_xxaa/nrf_log_backend_serial.c.o
 .debug_info    0x00000000000021b0     0x1a72 _build/nrf52832_xxaa/nrf_log_backend_uart.c.o
 .debug_info    0x0000000000003c22      0xcf5 _build/nrf52832_xxaa/nrf_log_default_backends.c.o
 .debug_info    0x0000000000004917     0x34a2 _build/nrf52832_xxaa/nrf_log_frontend.c.o
 .debug_info    0x0000000000007db9     0x1302 _build/nrf52832_xxaa/nrf_log_str_formatter.c.o
 .debug_info    0x00000000000090bb      0xaf2 _build/nrf52832_xxaa/app_error.c.o
 .debug_info    0x0000000000009bad      0xed3 _build/nrf52832_xxaa/app_error_weak.c.o
 .debug_info    0x000000000000aa80      0xfaa _build/nrf52832_xxaa/app_util_platform.c.o
 .debug_info    0x000000000000ba2a     0x1221 _build/nrf52832_xxaa/nrf_atomic.c.o
 .debug_info    0x000000000000cc4b      0xd3a _build/nrf52832_xxaa/nrf_balloc.c.o
 .debug_info    0x000000000000d985      0xaaf _build/nrf52832_xxaa/nrf_fprintf.c.o
 .debug_info    0x000000000000e434     0x1165 _build/nrf52832_xxaa/nrf_fprintf_format.c.o
 .debug_info    0x000000000000f599     0x1324 _build/nrf52832_xxaa/nrf_memobj.c.o
 .debug_info    0x00000000000108bd      0xde9 _build/nrf52832_xxaa/nrf_ringbuf.c.o
 .debug_info    0x00000000000116a6     0x18e6 _build/nrf52832_xxaa/nrf_drv_uart.c.o
 .debug_info    0x0000000000012f8c     0x1085 _build/nrf52832_xxaa/nrfx_prs.c.o
 .debug_info    0x0000000000014011     0x3a0a _build/nrf52832_xxaa/nrfx_twim.c.o
 .debug_info    0x0000000000017a1b     0x37f6 _build/nrf52832_xxaa/nrfx_uart.c.o
 .debug_info    0x000000000001b211     0x3515 _build/nrf52832_xxaa/nrfx_uarte.c.o
 .debug_info    0x000000000001e726      0xdf3 _build/nrf52832_xxaa/main.c.o
 .debug_info    0x000000000001f519     0x3174 _build/nrf52832_xxaa/SEGGER_RTT.c.o
 .debug_info    0x000000000002268d     0x1140 _build/nrf52832_xxaa/system_nrf52.c.o
 .debug_info    0x00000000000237cd     0x2abd _build/nrf52832_xxaa/mpu9250.c.o
 .debug_info    0x000000000002628a     0x1437 _build/nrf52832_xxaa/twim_mpu.c.o
 .debug_info    0x00000000000276c1     0x112f _build/nrf52832_xxaa/counter.c.o
 .debug_info    0x00000000000287f0      0xf67 _build/nrf52832_xxaa/quaternion_filters.c.o
 .debug_info    0x0000000000029757     0x20db _build/nrf52832_xxaa/nrfx_rtc.c.o
 .debug_info    0x000000000002b832     0x1c85 _build/nrf52832_xxaa/nrfx_clock.c.o
 .debug_info    0x000000000002d4b7     0x14ee _build/nrf52832_xxaa/nrf_drv_clock.c.o

.debug_abbrev   0x0000000000000000     0x64c9
 .debug_abbrev  0x0000000000000000       0x14 _build/nrf52832_xxaa/gcc_startup_nrf52.S.o
 .debug_abbrev  0x0000000000000014      0x31c _build/nrf52832_xxaa/nrf_log_backend_rtt.c.o
 .debug_abbrev  0x0000000000000330      0x27d _build/nrf52832_xxaa/nrf_log_backend_serial.c.o
 .debug_abbrev  0x00000000000005ad      0x3c6 _build/nrf52832_xxaa/nrf_log_backend_uart.c.o
 .debug_abbrev  0x0000000000000973      0x26a _build/nrf52832_xxaa/nrf_log_default_backends.c.o
 .debug_abbrev  0x0000000000000bdd      0x535 _build/nrf52832_xxaa/nrf_log_frontend.c.o
 .debug_abbrev  0x0000000000001112      0x2ab _build/nrf52832_xxaa/nrf_log_str_formatter.c.o
 .debug_abbrev  0x00000000000013bd      0x235 _build/nrf52832_xxaa/app_error.c.o
 .debug_abbrev  0x00000000000015f2      0x296 _build/nrf52832_xxaa/app_error_weak.c.o
 .debug_abbrev  0x0000000000001888      0x324 _build/nrf52832_xxaa/app_util_platform.c.o
 .debug_abbrev  0x0000000000001bac      0x314 _build/nrf52832_xxaa/nrf_atomic.c.o
 .debug_abbrev  0x0000000000001ec0      0x2ef _build/nrf52832_xxaa/nrf_balloc.c.o
 .debug_abbrev  0x00000000000021af      0x239 _build/nrf52832_xxaa/nrf_fprintf.c.o
 .debug_abbrev  0x00000000000023e8      0x382 _build/nrf52832_xxaa/nrf_fprintf_format.c.o
 .debug_abbrev  0x000000000000276a      0x35d _build/nrf52832_xxaa/nrf_memobj.c.o
 .debug_abbrev  0x0000000000002ac7      0x267 _build/nrf52832_xxaa/nrf_ringbuf.c.o
 .debug_abbrev  0x0000000000002d2e      0x296 _build/nrf52832_xxaa/nrf_drv_uart.c.o
 .debug_abbrev  0x0000000000002fc4      0x303 _build/nrf52832_xxaa/nrfx_prs.c.o
 .debug_abbrev  0x00000000000032c7      0x4f4 _build/nrf52832_xxaa/nrfx_twim.c.o
 .debug_abbrev  0x00000000000037bb      0x4f5 _build/nrf52832_xxaa/nrfx_uart.c.o
 .debug_abbrev  0x0000000000003cb0      0x4da _build/nrf52832_xxaa/nrfx_uarte.c.o
 .debug_abbrev  0x000000000000418a      0x25f _build/nrf52832_xxaa/main.c.o
 .debug_abbrev  0x00000000000043e9      0x38d _build/nrf52832_xxaa/SEGGER_RTT.c.o
 .debug_abbrev  0x0000000000004776      0x1e2 _build/nrf52832_xxaa/system_nrf52.c.o
 .debug_abbrev  0x0000000000004958      0x49b _build/nrf52832_xxaa/mpu9250.c.o
 .debug_abbrev  0x0000000000004df3      0x2f3 _build/nrf52832_xxaa/twim_mpu.c.o
 .debug_abbrev  0x00000000000050e6      0x39e _build/nrf52832_xxaa/counter.c.o
 .debug_abbrev  0x0000000000005484      0x24f _build/nrf52832_xxaa/quaternion_filters.c.o
 .debug_abbrev  0x00000000000056d3      0x4bd _build/nrf52832_xxaa/nrfx_rtc.c.o
 .debug_abbrev  0x0000000000005b90      0x496 _build/nrf52832_xxaa/nrfx_clock.c.o
 .debug_abbrev  0x0000000000006026      0x4a3 _build/nrf52832_xxaa/nrf_drv_clock.c.o

.debug_aranges  0x0000000000000000      0x9c8
 .debug_aranges
                0x0000000000000000       0x20 _build/nrf52832_xxaa/gcc_startup_nrf52.S.o
 .debug_aranges
                0x0000000000000020       0x38 _build/nrf52832_xxaa/nrf_log_backend_rtt.c.o
 .debug_aranges
                0x0000000000000058       0x20 _build/nrf52832_xxaa/nrf_log_backend_serial.c.o
 .debug_aranges
                0x0000000000000078       0x48 _build/nrf52832_xxaa/nrf_log_backend_uart.c.o
 .debug_aranges
                0x00000000000000c0       0x20 _build/nrf52832_xxaa/nrf_log_default_backends.c.o
 .debug_aranges
                0x00000000000000e0       0xc0 _build/nrf52832_xxaa/nrf_log_frontend.c.o
 .debug_aranges
                0x00000000000001a0       0x30 _build/nrf52832_xxaa/nrf_log_str_formatter.c.o
 .debug_aranges
                0x00000000000001d0       0x28 _build/nrf52832_xxaa/app_error.c.o
 .debug_aranges
                0x00000000000001f8       0x20 _build/nrf52832_xxaa/app_error_weak.c.o
 .debug_aranges
                0x0000000000000218       0x48 _build/nrf52832_xxaa/app_util_platform.c.o
 .debug_aranges
                0x0000000000000260       0xb0 _build/nrf52832_xxaa/nrf_atomic.c.o
 .debug_aranges
                0x0000000000000310       0x30 _build/nrf52832_xxaa/nrf_balloc.c.o
 .debug_aranges
                0x0000000000000340       0x28 _build/nrf52832_xxaa/nrf_fprintf.c.o
 .debug_aranges
                0x0000000000000368       0x28 _build/nrf52832_xxaa/nrf_fprintf_format.c.o
 .debug_aranges
                0x0000000000000390       0x50 _build/nrf52832_xxaa/nrf_memobj.c.o
 .debug_aranges
                0x00000000000003e0       0x50 _build/nrf52832_xxaa/nrf_ringbuf.c.o
 .debug_aranges
                0x0000000000000430       0x30 _build/nrf52832_xxaa/nrf_drv_uart.c.o
 .debug_aranges
                0x0000000000000460       0x30 _build/nrf52832_xxaa/nrfx_prs.c.o
 .debug_aranges
                0x0000000000000490       0x70 _build/nrf52832_xxaa/nrfx_twim.c.o
 .debug_aranges
                0x0000000000000500       0x78 _build/nrf52832_xxaa/nrfx_uart.c.o
 .debug_aranges
                0x0000000000000578       0x68 _build/nrf52832_xxaa/nrfx_uarte.c.o
 .debug_aranges
                0x00000000000005e0       0x20 _build/nrf52832_xxaa/main.c.o
 .debug_aranges
                0x0000000000000600       0xe0 _build/nrf52832_xxaa/SEGGER_RTT.c.o
 .debug_aranges
                0x00000000000006e0       0x28 _build/nrf52832_xxaa/system_nrf52.c.o
 .debug_aranges
                0x0000000000000708       0x90 _build/nrf52832_xxaa/mpu9250.c.o
 .debug_aranges
                0x0000000000000798       0x48 _build/nrf52832_xxaa/twim_mpu.c.o
 .debug_aranges
                0x00000000000007e0       0x48 _build/nrf52832_xxaa/counter.c.o
 .debug_aranges
                0x0000000000000828       0x30 _build/nrf52832_xxaa/quaternion_filters.c.o
 .debug_aranges
                0x0000000000000858       0x78 _build/nrf52832_xxaa/nrfx_rtc.c.o
 .debug_aranges
                0x00000000000008d0       0x78 _build/nrf52832_xxaa/nrfx_clock.c.o
 .debug_aranges
                0x0000000000000948       0x80 _build/nrf52832_xxaa/nrf_drv_clock.c.o

.debug_loc      0x0000000000000000    0x11894
 .debug_loc     0x0000000000000000      0x1e2 _build/nrf52832_xxaa/nrf_log_backend_rtt.c.o
 .debug_loc     0x00000000000001e2      0x185 _build/nrf52832_xxaa/nrf_log_backend_serial.c.o
 .debug_loc     0x0000000000000367      0x227 _build/nrf52832_xxaa/nrf_log_backend_uart.c.o
 .debug_loc     0x000000000000058e       0x3d _build/nrf52832_xxaa/nrf_log_default_backends.c.o
 .debug_loc     0x00000000000005cb     0x2840 _build/nrf52832_xxaa/nrf_log_frontend.c.o
 .debug_loc     0x0000000000002e0b      0x41a _build/nrf52832_xxaa/nrf_log_str_formatter.c.o
 .debug_loc     0x0000000000003225       0xca _build/nrf52832_xxaa/app_error.c.o
 .debug_loc     0x00000000000032ef       0x63 _build/nrf52832_xxaa/app_error_weak.c.o
 .debug_loc     0x0000000000003352       0xae _build/nrf52832_xxaa/app_util_platform.c.o
 .debug_loc     0x0000000000003400      0x35c _build/nrf52832_xxaa/nrf_atomic.c.o
 .debug_loc     0x000000000000375c      0x226 _build/nrf52832_xxaa/nrf_balloc.c.o
 .debug_loc     0x0000000000003982       0x3f _build/nrf52832_xxaa/nrf_fprintf.c.o
 .debug_loc     0x00000000000039c1      0xcc6 _build/nrf52832_xxaa/nrf_fprintf_format.c.o
 .debug_loc     0x0000000000004687      0xac5 _build/nrf52832_xxaa/nrf_memobj.c.o
 .debug_loc     0x000000000000514c      0x65a _build/nrf52832_xxaa/nrf_ringbuf.c.o
 .debug_loc     0x00000000000057a6      0x1ae _build/nrf52832_xxaa/nrf_drv_uart.c.o
 .debug_loc     0x0000000000005954       0xc6 _build/nrf52832_xxaa/nrfx_prs.c.o
 .debug_loc     0x0000000000005a1a     0x1bc7 _build/nrf52832_xxaa/nrfx_twim.c.o
 .debug_loc     0x00000000000075e1     0x17b7 _build/nrf52832_xxaa/nrfx_uart.c.o
 .debug_loc     0x0000000000008d98     0x1371 _build/nrf52832_xxaa/nrfx_uarte.c.o
 .debug_loc     0x000000000000a109       0x39 _build/nrf52832_xxaa/main.c.o
 .debug_loc     0x000000000000a142     0x3b66 _build/nrf52832_xxaa/SEGGER_RTT.c.o
 .debug_loc     0x000000000000dca8      0xe1a _build/nrf52832_xxaa/mpu9250.c.o
 .debug_loc     0x000000000000eac2      0x151 _build/nrf52832_xxaa/twim_mpu.c.o
 .debug_loc     0x000000000000ec13       0xcb _build/nrf52832_xxaa/counter.c.o
 .debug_loc     0x000000000000ecde     0x1651 _build/nrf52832_xxaa/quaternion_filters.c.o
 .debug_loc     0x000000000001032f      0xf7a _build/nrf52832_xxaa/nrfx_rtc.c.o
 .debug_loc     0x00000000000112a9      0x329 _build/nrf52832_xxaa/nrfx_clock.c.o
 .debug_loc     0x00000000000115d2      0x2c2 _build/nrf52832_xxaa/nrf_drv_clock.c.o

.debug_ranges   0x0000000000000000     0x2cd8
 .debug_ranges  0x0000000000000000       0x60 _build/nrf52832_xxaa/nrf_log_backend_rtt.c.o
 .debug_ranges  0x0000000000000060       0x28 _build/nrf52832_xxaa/nrf_log_backend_serial.c.o
 .debug_ranges  0x0000000000000088       0xb0 _build/nrf52832_xxaa/nrf_log_backend_uart.c.o
 .debug_ranges  0x0000000000000138       0x10 _build/nrf52832_xxaa/nrf_log_default_backends.c.o
 .debug_ranges  0x0000000000000148      0x6f8 _build/nrf52832_xxaa/nrf_log_frontend.c.o
 .debug_ranges  0x0000000000000840       0xb0 _build/nrf52832_xxaa/nrf_log_str_formatter.c.o
 .debug_ranges  0x00000000000008f0       0x18 _build/nrf52832_xxaa/app_error.c.o
 .debug_ranges  0x0000000000000908       0x10 _build/nrf52832_xxaa/app_error_weak.c.o
 .debug_ranges  0x0000000000000918       0x50 _build/nrf52832_xxaa/app_util_platform.c.o
 .debug_ranges  0x0000000000000968       0xb8 _build/nrf52832_xxaa/nrf_atomic.c.o
 .debug_ranges  0x0000000000000a20       0x38 _build/nrf52832_xxaa/nrf_balloc.c.o
 .debug_ranges  0x0000000000000a58       0x18 _build/nrf52832_xxaa/nrf_fprintf.c.o
 .debug_ranges  0x0000000000000a70      0x1f0 _build/nrf52832_xxaa/nrf_fprintf_format.c.o
 .debug_ranges  0x0000000000000c60       0x98 _build/nrf52832_xxaa/nrf_memobj.c.o
 .debug_ranges  0x0000000000000cf8       0x40 _build/nrf52832_xxaa/nrf_ringbuf.c.o
 .debug_ranges  0x0000000000000d38       0x20 _build/nrf52832_xxaa/nrf_drv_uart.c.o
 .debug_ranges  0x0000000000000d58       0x38 _build/nrf52832_xxaa/nrfx_prs.c.o
 .debug_ranges  0x0000000000000d90      0x638 _build/nrf52832_xxaa/nrfx_twim.c.o
 .debug_ranges  0x00000000000013c8      0x4a0 _build/nrf52832_xxaa/nrfx_uart.c.o
 .debug_ranges  0x0000000000001868      0x428 _build/nrf52832_xxaa/nrfx_uarte.c.o
 .debug_ranges  0x0000000000001c90       0x28 _build/nrf52832_xxaa/main.c.o
 .debug_ranges  0x0000000000001cb8      0x400 _build/nrf52832_xxaa/SEGGER_RTT.c.o
 .debug_ranges  0x00000000000020b8      0x160 _build/nrf52832_xxaa/system_nrf52.c.o
 .debug_ranges  0x0000000000002218      0x360 _build/nrf52832_xxaa/mpu9250.c.o
 .debug_ranges  0x0000000000002578       0x68 _build/nrf52832_xxaa/twim_mpu.c.o
 .debug_ranges  0x00000000000025e0       0x50 _build/nrf52832_xxaa/counter.c.o
 .debug_ranges  0x0000000000002630       0x20 _build/nrf52832_xxaa/quaternion_filters.c.o
 .debug_ranges  0x0000000000002650      0x2f8 _build/nrf52832_xxaa/nrfx_rtc.c.o
 .debug_ranges  0x0000000000002948      0x2a0 _build/nrf52832_xxaa/nrfx_clock.c.o
 .debug_ranges  0x0000000000002be8       0xf0 _build/nrf52832_xxaa/nrf_drv_clock.c.o

.debug_macro    0x0000000000000000    0x19e87
 .debug_macro   0x0000000000000000      0x43f _build/nrf52832_xxaa/nrf_log_backend_rtt.c.o
 .debug_macro   0x000000000000043f      0x8ce _build/nrf52832_xxaa/nrf_log_backend_rtt.c.o
 .debug_macro   0x0000000000000d0d       0x22 _build/nrf52832_xxaa/nrf_log_backend_rtt.c.o
 .debug_macro   0x0000000000000d2f       0x4f _build/nrf52832_xxaa/nrf_log_backend_rtt.c.o
 .debug_macro   0x0000000000000d7e       0x51 _build/nrf52832_xxaa/nrf_log_backend_rtt.c.o
 .debug_macro   0x0000000000000dcf       0xef _build/nrf52832_xxaa/nrf_log_backend_rtt.c.o
 .debug_macro   0x0000000000000ebe       0x6a _build/nrf52832_xxaa/nrf_log_backend_rtt.c.o
 .debug_macro   0x0000000000000f28      0x1df _build/nrf52832_xxaa/nrf_log_backend_rtt.c.o
 .debug_macro   0x0000000000001107       0x22 _build/nrf52832_xxaa/nrf_log_backend_rtt.c.o
 .debug_macro   0x0000000000001129       0x58 _build/nrf52832_xxaa/nrf_log_backend_rtt.c.o
 .debug_macro   0x0000000000001181       0x35 _build/nrf52832_xxaa/nrf_log_backend_rtt.c.o
 .debug_macro   0x00000000000011b6       0x9c _build/nrf52832_xxaa/nrf_log_backend_rtt.c.o
 .debug_macro   0x0000000000001252      0x16d _build/nrf52832_xxaa/nrf_log_backend_rtt.c.o
 .debug_macro   0x00000000000013bf       0x58 _build/nrf52832_xxaa/nrf_log_backend_rtt.c.o
 .debug_macro   0x0000000000001417       0x1f _build/nrf52832_xxaa/nrf_log_backend_rtt.c.o
 .debug_macro   0x0000000000001436       0x43 _build/nrf52832_xxaa/nrf_log_backend_rtt.c.o
 .debug_macro   0x0000000000001479       0x20 _build/nrf52832_xxaa/nrf_log_backend_rtt.c.o
 .debug_macro   0x0000000000001499      0x187 _build/nrf52832_xxaa/nrf_log_backend_rtt.c.o
 .debug_macro   0x0000000000001620      0x330 _build/nrf52832_xxaa/nrf_log_backend_rtt.c.o
 .debug_macro   0x0000000000001950       0x10 _build/nrf52832_xxaa/nrf_log_backend_rtt.c.o
 .debug_macro   0x0000000000001960       0x35 _build/nrf52832_xxaa/nrf_log_backend_rtt.c.o
 .debug_macro   0x0000000000001995      0x957 _build/nrf52832_xxaa/nrf_log_backend_rtt.c.o
 .debug_macro   0x00000000000022ec      0x16d _build/nrf52832_xxaa/nrf_log_backend_rtt.c.o
 .debug_macro   0x0000000000002459       0x2e _build/nrf52832_xxaa/nrf_log_backend_rtt.c.o
 .debug_macro   0x0000000000002487       0x22 _build/nrf52832_xxaa/nrf_log_backend_rtt.c.o
 .debug_macro   0x00000000000024a9       0x8e _build/nrf52832_xxaa/nrf_log_backend_rtt.c.o
 .debug_macro   0x0000000000002537       0xa7 _build/nrf52832_xxaa/nrf_log_backend_rtt.c.o
 .debug_macro   0x00000000000025de       0x22 _build/nrf52832_xxaa/nrf_log_backend_rtt.c.o
 .debug_macro   0x0000000000002600       0x2d _build/nrf52832_xxaa/nrf_log_backend_rtt.c.o
 .debug_macro   0x000000000000262d       0x3b _build/nrf52832_xxaa/nrf_log_backend_rtt.c.o
 .debug_macro   0x0000000000002668       0x50 _build/nrf52832_xxaa/nrf_log_backend_rtt.c.o
 .debug_macro   0x00000000000026b8      0xe66 _build/nrf52832_xxaa/nrf_log_backend_rtt.c.o
 .debug_macro   0x000000000000351e      0x392 _build/nrf52832_xxaa/nrf_log_backend_rtt.c.o
 .debug_macro   0x00000000000038b0     0xccbe _build/nrf52832_xxaa/nrf_log_backend_rtt.c.o
 .debug_macro   0x000000000001056e     0x1313 _build/nrf52832_xxaa/nrf_log_backend_rtt.c.o
 .debug_macro   0x0000000000011881       0x82 _build/nrf52832_xxaa/nrf_log_backend_rtt.c.o
 .debug_macro   0x0000000000011903      0x7ae _build/nrf52832_xxaa/nrf_log_backend_rtt.c.o
 .debug_macro   0x00000000000120b1       0x16 _build/nrf52832_xxaa/nrf_log_backend_rtt.c.o
 .debug_macro   0x00000000000120c7       0x4e _build/nrf52832_xxaa/nrf_log_backend_rtt.c.o